/Users/alexwhitley/Library/Python/3.9/lib/python/site-packages/urllib3/__init__.py:35: NotOpenSSLWarning: urllib3 v2 only supports OpenSSL 1.1.1+, currently the 'ssl' module is compiled with 'LibreSSL 2.8.3'. See: https://github.com/urllib3/urllib3/issues/3020
  warnings.warn(
INFO: ============================================================
INFO: Commentary: Matthew Henry's Commentary
INFO: ============================================================
INFO: SKIP (exists): Matthew Henry's Commentary - Genesis
INFO: SKIP (exists): Matthew Henry's Commentary - Exodus
INFO: SKIP (exists): Matthew Henry's Commentary - Leviticus
INFO: SKIP (exists): Matthew Henry's Commentary - Numbers
INFO: SKIP (exists): Matthew Henry's Commentary - Deuteronomy
INFO: SKIP (exists): Matthew Henry's Commentary - Joshua
INFO: SKIP (exists): Matthew Henry's Commentary - Judges
INFO: SKIP (exists): Matthew Henry's Commentary - Ruth
INFO: SKIP (exists): Matthew Henry's Commentary - 1 Samuel
INFO: SKIP (exists): Matthew Henry's Commentary - 2 Samuel
INFO: SKIP (exists): Matthew Henry's Commentary - 1 Kings
INFO: SKIP (exists): Matthew Henry's Commentary - 2 Kings
INFO: SKIP (exists): Matthew Henry's Commentary - 1 Chronicles
INFO: SKIP (exists): Matthew Henry's Commentary - 2 Chronicles
INFO: SKIP (exists): Matthew Henry's Commentary - Ezra
INFO: SKIP (exists): Matthew Henry's Commentary - Nehemiah
INFO: SKIP (exists): Matthew Henry's Commentary - Esther
INFO: SKIP (exists): Matthew Henry's Commentary - Job
INFO: SKIP (exists): Matthew Henry's Commentary - Psalms
INFO: SKIP (exists): Matthew Henry's Commentary - Proverbs
INFO: SKIP (exists): Matthew Henry's Commentary - Ecclesiastes
INFO: Fetching: Matthew Henry's Commentary - Song of Solomon (8 chapters)
WARNING: Failed to fetch https://bible.helloao.org/api/c/matthew-henry/SNG/1.json: Expecting value: line 1 column 1 (char 0)
WARNING:   No data for matthew-henry SNG ch 1
WARNING: Failed to fetch https://bible.helloao.org/api/c/matthew-henry/SNG/2.json: Expecting value: line 1 column 1 (char 0)
WARNING:   No data for matthew-henry SNG ch 2
WARNING: Failed to fetch https://bible.helloao.org/api/c/matthew-henry/SNG/3.json: Expecting value: line 1 column 1 (char 0)
WARNING:   No data for matthew-henry SNG ch 3
WARNING: Failed to fetch https://bible.helloao.org/api/c/matthew-henry/SNG/4.json: Expecting value: line 1 column 1 (char 0)
WARNING:   No data for matthew-henry SNG ch 4
WARNING: Failed to fetch https://bible.helloao.org/api/c/matthew-henry/SNG/5.json: Expecting value: line 1 column 1 (char 0)
WARNING:   No data for matthew-henry SNG ch 5
WARNING: Failed to fetch https://bible.helloao.org/api/c/matthew-henry/SNG/6.json: Expecting value: line 1 column 1 (char 0)
WARNING:   No data for matthew-henry SNG ch 6
WARNING: Failed to fetch https://bible.helloao.org/api/c/matthew-henry/SNG/7.json: Expecting value: line 1 column 1 (char 0)
WARNING:   No data for matthew-henry SNG ch 7
WARNING: Failed to fetch https://bible.helloao.org/api/c/matthew-henry/SNG/8.json: Expecting value: line 1 column 1 (char 0)
WARNING:   No data for matthew-henry SNG ch 8
WARNING:   No verse data found for Matthew Henry's Commentary - Song of Solomon
INFO: SKIP (exists): Matthew Henry's Commentary - Isaiah
INFO: SKIP (exists): Matthew Henry's Commentary - Jeremiah
INFO: SKIP (exists): Matthew Henry's Commentary - Lamentations
INFO: SKIP (exists): Matthew Henry's Commentary - Ezekiel
INFO: SKIP (exists): Matthew Henry's Commentary - Daniel
INFO: SKIP (exists): Matthew Henry's Commentary - Hosea
INFO: SKIP (exists): Matthew Henry's Commentary - Joel
INFO: SKIP (exists): Matthew Henry's Commentary - Amos
INFO: SKIP (exists): Matthew Henry's Commentary - Obadiah
INFO: SKIP (exists): Matthew Henry's Commentary - Jonah
INFO: SKIP (exists): Matthew Henry's Commentary - Micah
INFO: SKIP (exists): Matthew Henry's Commentary - Nahum
INFO: SKIP (exists): Matthew Henry's Commentary - Habakkuk
INFO: SKIP (exists): Matthew Henry's Commentary - Zephaniah
INFO: SKIP (exists): Matthew Henry's Commentary - Haggai
INFO: SKIP (exists): Matthew Henry's Commentary - Zechariah
INFO: SKIP (exists): Matthew Henry's Commentary - Malachi
INFO: SKIP (exists): Matthew Henry's Commentary - Matthew
INFO: SKIP (exists): Matthew Henry's Commentary - Mark
INFO: SKIP (exists): Matthew Henry's Commentary - Luke
INFO: SKIP (exists): Matthew Henry's Commentary - John
INFO: SKIP (exists): Matthew Henry's Commentary - Acts
INFO: SKIP (exists): Matthew Henry's Commentary - Romans
INFO: SKIP (exists): Matthew Henry's Commentary - 1 Corinthians
INFO: SKIP (exists): Matthew Henry's Commentary - 2 Corinthians
INFO: SKIP (exists): Matthew Henry's Commentary - Galatians
INFO: SKIP (exists): Matthew Henry's Commentary - Ephesians
INFO: SKIP (exists): Matthew Henry's Commentary - Philippians
INFO: SKIP (exists): Matthew Henry's Commentary - Colossians
INFO: SKIP (exists): Matthew Henry's Commentary - 1 Thessalonians
INFO: SKIP (exists): Matthew Henry's Commentary - 2 Thessalonians
INFO: SKIP (exists): Matthew Henry's Commentary - 1 Timothy
INFO: SKIP (exists): Matthew Henry's Commentary - 2 Timothy
INFO: SKIP (exists): Matthew Henry's Commentary - Titus
INFO: SKIP (exists): Matthew Henry's Commentary - Philemon
INFO: SKIP (exists): Matthew Henry's Commentary - Hebrews
INFO: SKIP (exists): Matthew Henry's Commentary - James
INFO: SKIP (exists): Matthew Henry's Commentary - 1 Peter
INFO: SKIP (exists): Matthew Henry's Commentary - 2 Peter
INFO: SKIP (exists): Matthew Henry's Commentary - 1 John
INFO: SKIP (exists): Matthew Henry's Commentary - 2 John
INFO: SKIP (exists): Matthew Henry's Commentary - 3 John
INFO: SKIP (exists): Matthew Henry's Commentary - Jude
INFO: SKIP (exists): Matthew Henry's Commentary - Revelation
INFO: ============================================================
INFO: Commentary: Adam Clarke's Commentary
INFO: ============================================================
INFO: SKIP (exists): Adam Clarke's Commentary - Genesis
INFO: SKIP (exists): Adam Clarke's Commentary - Exodus
INFO: SKIP (exists): Adam Clarke's Commentary - Leviticus
INFO: SKIP (exists): Adam Clarke's Commentary - Numbers
INFO: Fetching: Adam Clarke's Commentary - Deuteronomy (34 chapters)
WARNING: Failed to fetch https://bible.helloao.org/api/c/adam-clarke/DEU/1.json: Expecting value: line 1 column 1 (char 0)
WARNING:   No data for adam-clarke DEU ch 1
WARNING: Failed to fetch https://bible.helloao.org/api/c/adam-clarke/DEU/2.json: Expecting value: line 1 column 1 (char 0)
WARNING:   No data for adam-clarke DEU ch 2
WARNING: Failed to fetch https://bible.helloao.org/api/c/adam-clarke/DEU/3.json: Expecting value: line 1 column 1 (char 0)
WARNING:   No data for adam-clarke DEU ch 3
WARNING: Failed to fetch https://bible.helloao.org/api/c/adam-clarke/DEU/4.json: Expecting value: line 1 column 1 (char 0)
WARNING:   No data for adam-clarke DEU ch 4
WARNING: Failed to fetch https://bible.helloao.org/api/c/adam-clarke/DEU/5.json: Expecting value: line 1 column 1 (char 0)
WARNING:   No data for adam-clarke DEU ch 5
WARNING: Failed to fetch https://bible.helloao.org/api/c/adam-clarke/DEU/6.json: Expecting value: line 1 column 1 (char 0)
WARNING:   No data for adam-clarke DEU ch 6
WARNING: Failed to fetch https://bible.helloao.org/api/c/adam-clarke/DEU/7.json: Expecting value: line 1 column 1 (char 0)
WARNING:   No data for adam-clarke DEU ch 7
WARNING: Failed to fetch https://bible.helloao.org/api/c/adam-clarke/DEU/8.json: Expecting value: line 1 column 1 (char 0)
WARNING:   No data for adam-clarke DEU ch 8
WARNING: Failed to fetch https://bible.helloao.org/api/c/adam-clarke/DEU/9.json: Expecting value: line 1 column 1 (char 0)
WARNING:   No data for adam-clarke DEU ch 9
WARNING: Failed to fetch https://bible.helloao.org/api/c/adam-clarke/DEU/10.json: Expecting value: line 1 column 1 (char 0)
WARNING:   No data for adam-clarke DEU ch 10
WARNING: Failed to fetch https://bible.helloao.org/api/c/adam-clarke/DEU/11.json: Expecting value: line 1 column 1 (char 0)
WARNING:   No data for adam-clarke DEU ch 11
WARNING: Failed to fetch https://bible.helloao.org/api/c/adam-clarke/DEU/12.json: Expecting value: line 1 column 1 (char 0)
WARNING:   No data for adam-clarke DEU ch 12
WARNING: Failed to fetch https://bible.helloao.org/api/c/adam-clarke/DEU/13.json: Expecting value: line 1 column 1 (char 0)
WARNING:   No data for adam-clarke DEU ch 13
WARNING: Failed to fetch https://bible.helloao.org/api/c/adam-clarke/DEU/14.json: Expecting value: line 1 column 1 (char 0)
WARNING:   No data for adam-clarke DEU ch 14
WARNING: Failed to fetch https://bible.helloao.org/api/c/adam-clarke/DEU/15.json: Expecting value: line 1 column 1 (char 0)
WARNING:   No data for adam-clarke DEU ch 15
WARNING: Failed to fetch https://bible.helloao.org/api/c/adam-clarke/DEU/16.json: Expecting value: line 1 column 1 (char 0)
WARNING:   No data for adam-clarke DEU ch 16
WARNING: Failed to fetch https://bible.helloao.org/api/c/adam-clarke/DEU/17.json: Expecting value: line 1 column 1 (char 0)
WARNING:   No data for adam-clarke DEU ch 17
WARNING: Failed to fetch https://bible.helloao.org/api/c/adam-clarke/DEU/18.json: Expecting value: line 1 column 1 (char 0)
WARNING:   No data for adam-clarke DEU ch 18
WARNING: Failed to fetch https://bible.helloao.org/api/c/adam-clarke/DEU/19.json: Expecting value: line 1 column 1 (char 0)
WARNING:   No data for adam-clarke DEU ch 19
WARNING: Failed to fetch https://bible.helloao.org/api/c/adam-clarke/DEU/20.json: Expecting value: line 1 column 1 (char 0)
WARNING:   No data for adam-clarke DEU ch 20
WARNING: Failed to fetch https://bible.helloao.org/api/c/adam-clarke/DEU/21.json: Expecting value: line 1 column 1 (char 0)
WARNING:   No data for adam-clarke DEU ch 21
WARNING: Failed to fetch https://bible.helloao.org/api/c/adam-clarke/DEU/22.json: Expecting value: line 1 column 1 (char 0)
WARNING:   No data for adam-clarke DEU ch 22
WARNING: Failed to fetch https://bible.helloao.org/api/c/adam-clarke/DEU/23.json: Expecting value: line 1 column 1 (char 0)
WARNING:   No data for adam-clarke DEU ch 23
WARNING: Failed to fetch https://bible.helloao.org/api/c/adam-clarke/DEU/24.json: Expecting value: line 1 column 1 (char 0)
WARNING:   No data for adam-clarke DEU ch 24
WARNING: Failed to fetch https://bible.helloao.org/api/c/adam-clarke/DEU/25.json: Expecting value: line 1 column 1 (char 0)
WARNING:   No data for adam-clarke DEU ch 25
WARNING: Failed to fetch https://bible.helloao.org/api/c/adam-clarke/DEU/26.json: Expecting value: line 1 column 1 (char 0)
WARNING:   No data for adam-clarke DEU ch 26
WARNING: Failed to fetch https://bible.helloao.org/api/c/adam-clarke/DEU/27.json: Expecting value: line 1 column 1 (char 0)
WARNING:   No data for adam-clarke DEU ch 27
WARNING: Failed to fetch https://bible.helloao.org/api/c/adam-clarke/DEU/28.json: Expecting value: line 1 column 1 (char 0)
WARNING:   No data for adam-clarke DEU ch 28
WARNING: Failed to fetch https://bible.helloao.org/api/c/adam-clarke/DEU/29.json: Expecting value: line 1 column 1 (char 0)
WARNING:   No data for adam-clarke DEU ch 29
WARNING: Failed to fetch https://bible.helloao.org/api/c/adam-clarke/DEU/30.json: Expecting value: line 1 column 1 (char 0)
WARNING:   No data for adam-clarke DEU ch 30
WARNING: Failed to fetch https://bible.helloao.org/api/c/adam-clarke/DEU/31.json: Expecting value: line 1 column 1 (char 0)
WARNING:   No data for adam-clarke DEU ch 31
WARNING: Failed to fetch https://bible.helloao.org/api/c/adam-clarke/DEU/32.json: Expecting value: line 1 column 1 (char 0)
WARNING:   No data for adam-clarke DEU ch 32
WARNING: Failed to fetch https://bible.helloao.org/api/c/adam-clarke/DEU/33.json: Expecting value: line 1 column 1 (char 0)
WARNING:   No data for adam-clarke DEU ch 33
WARNING: Failed to fetch https://bible.helloao.org/api/c/adam-clarke/DEU/34.json: Expecting value: line 1 column 1 (char 0)
WARNING:   No data for adam-clarke DEU ch 34
WARNING:   No verse data found for Adam Clarke's Commentary - Deuteronomy
INFO: SKIP (exists): Adam Clarke's Commentary - Joshua
INFO: Fetching: Adam Clarke's Commentary - Judges (21 chapters)
WARNING: Failed to fetch https://bible.helloao.org/api/c/adam-clarke/JDG/1.json: Expecting value: line 1 column 1 (char 0)
WARNING:   No data for adam-clarke JDG ch 1
WARNING: Failed to fetch https://bible.helloao.org/api/c/adam-clarke/JDG/2.json: Expecting value: line 1 column 1 (char 0)
WARNING:   No data for adam-clarke JDG ch 2
WARNING: Failed to fetch https://bible.helloao.org/api/c/adam-clarke/JDG/3.json: Expecting value: line 1 column 1 (char 0)
WARNING:   No data for adam-clarke JDG ch 3
WARNING: Failed to fetch https://bible.helloao.org/api/c/adam-clarke/JDG/4.json: Expecting value: line 1 column 1 (char 0)
WARNING:   No data for adam-clarke JDG ch 4
WARNING: Failed to fetch https://bible.helloao.org/api/c/adam-clarke/JDG/5.json: Expecting value: line 1 column 1 (char 0)
WARNING:   No data for adam-clarke JDG ch 5
WARNING: Failed to fetch https://bible.helloao.org/api/c/adam-clarke/JDG/6.json: Expecting value: line 1 column 1 (char 0)
WARNING:   No data for adam-clarke JDG ch 6
WARNING: Failed to fetch https://bible.helloao.org/api/c/adam-clarke/JDG/7.json: Expecting value: line 1 column 1 (char 0)
WARNING:   No data for adam-clarke JDG ch 7
WARNING: Failed to fetch https://bible.helloao.org/api/c/adam-clarke/JDG/8.json: Expecting value: line 1 column 1 (char 0)
WARNING:   No data for adam-clarke JDG ch 8
WARNING: Failed to fetch https://bible.helloao.org/api/c/adam-clarke/JDG/9.json: Expecting value: line 1 column 1 (char 0)
WARNING:   No data for adam-clarke JDG ch 9
WARNING: Failed to fetch https://bible.helloao.org/api/c/adam-clarke/JDG/10.json: Expecting value: line 1 column 1 (char 0)
WARNING:   No data for adam-clarke JDG ch 10
WARNING: Failed to fetch https://bible.helloao.org/api/c/adam-clarke/JDG/11.json: Expecting value: line 1 column 1 (char 0)
WARNING:   No data for adam-clarke JDG ch 11
WARNING: Failed to fetch https://bible.helloao.org/api/c/adam-clarke/JDG/12.json: Expecting value: line 1 column 1 (char 0)
WARNING:   No data for adam-clarke JDG ch 12
WARNING: Failed to fetch https://bible.helloao.org/api/c/adam-clarke/JDG/13.json: Expecting value: line 1 column 1 (char 0)
WARNING:   No data for adam-clarke JDG ch 13
WARNING: Failed to fetch https://bible.helloao.org/api/c/adam-clarke/JDG/14.json: Expecting value: line 1 column 1 (char 0)
WARNING:   No data for adam-clarke JDG ch 14
WARNING: Failed to fetch https://bible.helloao.org/api/c/adam-clarke/JDG/15.json: Expecting value: line 1 column 1 (char 0)
WARNING:   No data for adam-clarke JDG ch 15
WARNING: Failed to fetch https://bible.helloao.org/api/c/adam-clarke/JDG/16.json: Expecting value: line 1 column 1 (char 0)
WARNING:   No data for adam-clarke JDG ch 16
WARNING: Failed to fetch https://bible.helloao.org/api/c/adam-clarke/JDG/17.json: Expecting value: line 1 column 1 (char 0)
WARNING:   No data for adam-clarke JDG ch 17
WARNING: Failed to fetch https://bible.helloao.org/api/c/adam-clarke/JDG/18.json: Expecting value: line 1 column 1 (char 0)
WARNING:   No data for adam-clarke JDG ch 18
WARNING: Failed to fetch https://bible.helloao.org/api/c/adam-clarke/JDG/19.json: Expecting value: line 1 column 1 (char 0)
WARNING:   No data for adam-clarke JDG ch 19
WARNING: Failed to fetch https://bible.helloao.org/api/c/adam-clarke/JDG/20.json: Expecting value: line 1 column 1 (char 0)
WARNING:   No data for adam-clarke JDG ch 20
WARNING: Failed to fetch https://bible.helloao.org/api/c/adam-clarke/JDG/21.json: Expecting value: line 1 column 1 (char 0)
WARNING:   No data for adam-clarke JDG ch 21
WARNING:   No verse data found for Adam Clarke's Commentary - Judges
INFO: SKIP (exists): Adam Clarke's Commentary - Ruth
INFO: SKIP (exists): Adam Clarke's Commentary - 1 Samuel
INFO: SKIP (exists): Adam Clarke's Commentary - 2 Samuel
INFO: SKIP (exists): Adam Clarke's Commentary - 1 Kings
INFO: SKIP (exists): Adam Clarke's Commentary - 2 Kings
INFO: SKIP (exists): Adam Clarke's Commentary - 1 Chronicles
INFO: SKIP (exists): Adam Clarke's Commentary - 2 Chronicles
INFO: SKIP (exists): Adam Clarke's Commentary - Ezra
INFO: SKIP (exists): Adam Clarke's Commentary - Nehemiah
INFO: SKIP (exists): Adam Clarke's Commentary - Esther
INFO: SKIP (exists): Adam Clarke's Commentary - Job
INFO: Fetching: Adam Clarke's Commentary - Psalms (150 chapters)
WARNING: Failed to fetch https://bible.helloao.org/api/c/adam-clarke/PSA/1.json: Expecting value: line 1 column 1 (char 0)
WARNING:   No data for adam-clarke PSA ch 1
WARNING: Failed to fetch https://bible.helloao.org/api/c/adam-clarke/PSA/2.json: Expecting value: line 1 column 1 (char 0)
WARNING:   No data for adam-clarke PSA ch 2
WARNING: Failed to fetch https://bible.helloao.org/api/c/adam-clarke/PSA/3.json: Expecting value: line 1 column 1 (char 0)
WARNING:   No data for adam-clarke PSA ch 3
WARNING: Failed to fetch https://bible.helloao.org/api/c/adam-clarke/PSA/4.json: Expecting value: line 1 column 1 (char 0)
WARNING:   No data for adam-clarke PSA ch 4
WARNING: Failed to fetch https://bible.helloao.org/api/c/adam-clarke/PSA/5.json: Expecting value: line 1 column 1 (char 0)
WARNING:   No data for adam-clarke PSA ch 5
WARNING: Failed to fetch https://bible.helloao.org/api/c/adam-clarke/PSA/6.json: Expecting value: line 1 column 1 (char 0)
WARNING:   No data for adam-clarke PSA ch 6
WARNING: Failed to fetch https://bible.helloao.org/api/c/adam-clarke/PSA/7.json: Expecting value: line 1 column 1 (char 0)
WARNING:   No data for adam-clarke PSA ch 7
WARNING: Failed to fetch https://bible.helloao.org/api/c/adam-clarke/PSA/8.json: Expecting value: line 1 column 1 (char 0)
WARNING:   No data for adam-clarke PSA ch 8
WARNING: Failed to fetch https://bible.helloao.org/api/c/adam-clarke/PSA/9.json: Expecting value: line 1 column 1 (char 0)
WARNING:   No data for adam-clarke PSA ch 9
WARNING: Failed to fetch https://bible.helloao.org/api/c/adam-clarke/PSA/10.json: Expecting value: line 1 column 1 (char 0)
WARNING:   No data for adam-clarke PSA ch 10
WARNING: Failed to fetch https://bible.helloao.org/api/c/adam-clarke/PSA/11.json: Expecting value: line 1 column 1 (char 0)
WARNING:   No data for adam-clarke PSA ch 11
WARNING: Failed to fetch https://bible.helloao.org/api/c/adam-clarke/PSA/12.json: Expecting value: line 1 column 1 (char 0)
WARNING:   No data for adam-clarke PSA ch 12
WARNING: Failed to fetch https://bible.helloao.org/api/c/adam-clarke/PSA/13.json: Expecting value: line 1 column 1 (char 0)
WARNING:   No data for adam-clarke PSA ch 13
WARNING: Failed to fetch https://bible.helloao.org/api/c/adam-clarke/PSA/14.json: Expecting value: line 1 column 1 (char 0)
WARNING:   No data for adam-clarke PSA ch 14
WARNING: Failed to fetch https://bible.helloao.org/api/c/adam-clarke/PSA/15.json: Expecting value: line 1 column 1 (char 0)
WARNING:   No data for adam-clarke PSA ch 15
WARNING: Failed to fetch https://bible.helloao.org/api/c/adam-clarke/PSA/16.json: Expecting value: line 1 column 1 (char 0)
WARNING:   No data for adam-clarke PSA ch 16
WARNING: Failed to fetch https://bible.helloao.org/api/c/adam-clarke/PSA/17.json: Expecting value: line 1 column 1 (char 0)
WARNING:   No data for adam-clarke PSA ch 17
WARNING: Failed to fetch https://bible.helloao.org/api/c/adam-clarke/PSA/18.json: Expecting value: line 1 column 1 (char 0)
WARNING:   No data for adam-clarke PSA ch 18
WARNING: Failed to fetch https://bible.helloao.org/api/c/adam-clarke/PSA/19.json: Expecting value: line 1 column 1 (char 0)
WARNING:   No data for adam-clarke PSA ch 19
WARNING: Failed to fetch https://bible.helloao.org/api/c/adam-clarke/PSA/20.json: Expecting value: line 1 column 1 (char 0)
WARNING:   No data for adam-clarke PSA ch 20
WARNING: Failed to fetch https://bible.helloao.org/api/c/adam-clarke/PSA/21.json: Expecting value: line 1 column 1 (char 0)
WARNING:   No data for adam-clarke PSA ch 21
WARNING: Failed to fetch https://bible.helloao.org/api/c/adam-clarke/PSA/22.json: Expecting value: line 1 column 1 (char 0)
WARNING:   No data for adam-clarke PSA ch 22
WARNING: Failed to fetch https://bible.helloao.org/api/c/adam-clarke/PSA/23.json: Expecting value: line 1 column 1 (char 0)
WARNING:   No data for adam-clarke PSA ch 23
WARNING: Failed to fetch https://bible.helloao.org/api/c/adam-clarke/PSA/24.json: Expecting value: line 1 column 1 (char 0)
WARNING:   No data for adam-clarke PSA ch 24
WARNING: Failed to fetch https://bible.helloao.org/api/c/adam-clarke/PSA/25.json: Expecting value: line 1 column 1 (char 0)
WARNING:   No data for adam-clarke PSA ch 25
WARNING: Failed to fetch https://bible.helloao.org/api/c/adam-clarke/PSA/26.json: Expecting value: line 1 column 1 (char 0)
WARNING:   No data for adam-clarke PSA ch 26
WARNING: Failed to fetch https://bible.helloao.org/api/c/adam-clarke/PSA/27.json: Expecting value: line 1 column 1 (char 0)
WARNING:   No data for adam-clarke PSA ch 27
WARNING: Failed to fetch https://bible.helloao.org/api/c/adam-clarke/PSA/28.json: Expecting value: line 1 column 1 (char 0)
WARNING:   No data for adam-clarke PSA ch 28
WARNING: Failed to fetch https://bible.helloao.org/api/c/adam-clarke/PSA/29.json: Expecting value: line 1 column 1 (char 0)
WARNING:   No data for adam-clarke PSA ch 29
WARNING: Failed to fetch https://bible.helloao.org/api/c/adam-clarke/PSA/30.json: Expecting value: line 1 column 1 (char 0)
WARNING:   No data for adam-clarke PSA ch 30
WARNING: Failed to fetch https://bible.helloao.org/api/c/adam-clarke/PSA/31.json: Expecting value: line 1 column 1 (char 0)
WARNING:   No data for adam-clarke PSA ch 31
WARNING: Failed to fetch https://bible.helloao.org/api/c/adam-clarke/PSA/32.json: Expecting value: line 1 column 1 (char 0)
WARNING:   No data for adam-clarke PSA ch 32
WARNING: Failed to fetch https://bible.helloao.org/api/c/adam-clarke/PSA/33.json: Expecting value: line 1 column 1 (char 0)
WARNING:   No data for adam-clarke PSA ch 33
WARNING: Failed to fetch https://bible.helloao.org/api/c/adam-clarke/PSA/34.json: Expecting value: line 1 column 1 (char 0)
WARNING:   No data for adam-clarke PSA ch 34
WARNING: Failed to fetch https://bible.helloao.org/api/c/adam-clarke/PSA/35.json: Expecting value: line 1 column 1 (char 0)
WARNING:   No data for adam-clarke PSA ch 35
WARNING: Failed to fetch https://bible.helloao.org/api/c/adam-clarke/PSA/36.json: Expecting value: line 1 column 1 (char 0)
WARNING:   No data for adam-clarke PSA ch 36
WARNING: Failed to fetch https://bible.helloao.org/api/c/adam-clarke/PSA/37.json: Expecting value: line 1 column 1 (char 0)
WARNING:   No data for adam-clarke PSA ch 37
WARNING: Failed to fetch https://bible.helloao.org/api/c/adam-clarke/PSA/38.json: Expecting value: line 1 column 1 (char 0)
WARNING:   No data for adam-clarke PSA ch 38
WARNING: Failed to fetch https://bible.helloao.org/api/c/adam-clarke/PSA/39.json: Expecting value: line 1 column 1 (char 0)
WARNING:   No data for adam-clarke PSA ch 39
WARNING: Failed to fetch https://bible.helloao.org/api/c/adam-clarke/PSA/40.json: Expecting value: line 1 column 1 (char 0)
WARNING:   No data for adam-clarke PSA ch 40
WARNING: Failed to fetch https://bible.helloao.org/api/c/adam-clarke/PSA/41.json: Expecting value: line 1 column 1 (char 0)
WARNING:   No data for adam-clarke PSA ch 41
WARNING: Failed to fetch https://bible.helloao.org/api/c/adam-clarke/PSA/42.json: Expecting value: line 1 column 1 (char 0)
WARNING:   No data for adam-clarke PSA ch 42
WARNING: Failed to fetch https://bible.helloao.org/api/c/adam-clarke/PSA/43.json: Expecting value: line 1 column 1 (char 0)
WARNING:   No data for adam-clarke PSA ch 43
WARNING: Failed to fetch https://bible.helloao.org/api/c/adam-clarke/PSA/44.json: Expecting value: line 1 column 1 (char 0)
WARNING:   No data for adam-clarke PSA ch 44
WARNING: Failed to fetch https://bible.helloao.org/api/c/adam-clarke/PSA/45.json: Expecting value: line 1 column 1 (char 0)
WARNING:   No data for adam-clarke PSA ch 45
WARNING: Failed to fetch https://bible.helloao.org/api/c/adam-clarke/PSA/46.json: Expecting value: line 1 column 1 (char 0)
WARNING:   No data for adam-clarke PSA ch 46
WARNING: Failed to fetch https://bible.helloao.org/api/c/adam-clarke/PSA/47.json: Expecting value: line 1 column 1 (char 0)
WARNING:   No data for adam-clarke PSA ch 47
WARNING: Failed to fetch https://bible.helloao.org/api/c/adam-clarke/PSA/48.json: Expecting value: line 1 column 1 (char 0)
WARNING:   No data for adam-clarke PSA ch 48
WARNING: Failed to fetch https://bible.helloao.org/api/c/adam-clarke/PSA/49.json: Expecting value: line 1 column 1 (char 0)
WARNING:   No data for adam-clarke PSA ch 49
WARNING: Failed to fetch https://bible.helloao.org/api/c/adam-clarke/PSA/50.json: Expecting value: line 1 column 1 (char 0)
WARNING:   No data for adam-clarke PSA ch 50
WARNING: Failed to fetch https://bible.helloao.org/api/c/adam-clarke/PSA/51.json: Expecting value: line 1 column 1 (char 0)
WARNING:   No data for adam-clarke PSA ch 51
WARNING: Failed to fetch https://bible.helloao.org/api/c/adam-clarke/PSA/52.json: Expecting value: line 1 column 1 (char 0)
WARNING:   No data for adam-clarke PSA ch 52
WARNING: Failed to fetch https://bible.helloao.org/api/c/adam-clarke/PSA/53.json: Expecting value: line 1 column 1 (char 0)
WARNING:   No data for adam-clarke PSA ch 53
WARNING: Failed to fetch https://bible.helloao.org/api/c/adam-clarke/PSA/54.json: Expecting value: line 1 column 1 (char 0)
WARNING:   No data for adam-clarke PSA ch 54
WARNING: Failed to fetch https://bible.helloao.org/api/c/adam-clarke/PSA/55.json: Expecting value: line 1 column 1 (char 0)
WARNING:   No data for adam-clarke PSA ch 55
WARNING: Failed to fetch https://bible.helloao.org/api/c/adam-clarke/PSA/56.json: Expecting value: line 1 column 1 (char 0)
WARNING:   No data for adam-clarke PSA ch 56
WARNING: Failed to fetch https://bible.helloao.org/api/c/adam-clarke/PSA/57.json: Expecting value: line 1 column 1 (char 0)
WARNING:   No data for adam-clarke PSA ch 57
WARNING: Failed to fetch https://bible.helloao.org/api/c/adam-clarke/PSA/58.json: Expecting value: line 1 column 1 (char 0)
WARNING:   No data for adam-clarke PSA ch 58
WARNING: Failed to fetch https://bible.helloao.org/api/c/adam-clarke/PSA/59.json: Expecting value: line 1 column 1 (char 0)
WARNING:   No data for adam-clarke PSA ch 59
WARNING: Failed to fetch https://bible.helloao.org/api/c/adam-clarke/PSA/60.json: Expecting value: line 1 column 1 (char 0)
WARNING:   No data for adam-clarke PSA ch 60
WARNING: Failed to fetch https://bible.helloao.org/api/c/adam-clarke/PSA/61.json: Expecting value: line 1 column 1 (char 0)
WARNING:   No data for adam-clarke PSA ch 61
WARNING: Failed to fetch https://bible.helloao.org/api/c/adam-clarke/PSA/62.json: Expecting value: line 1 column 1 (char 0)
WARNING:   No data for adam-clarke PSA ch 62
WARNING: Failed to fetch https://bible.helloao.org/api/c/adam-clarke/PSA/63.json: Expecting value: line 1 column 1 (char 0)
WARNING:   No data for adam-clarke PSA ch 63
WARNING: Failed to fetch https://bible.helloao.org/api/c/adam-clarke/PSA/64.json: Expecting value: line 1 column 1 (char 0)
WARNING:   No data for adam-clarke PSA ch 64
WARNING: Failed to fetch https://bible.helloao.org/api/c/adam-clarke/PSA/65.json: Expecting value: line 1 column 1 (char 0)
WARNING:   No data for adam-clarke PSA ch 65
WARNING: Failed to fetch https://bible.helloao.org/api/c/adam-clarke/PSA/66.json: Expecting value: line 1 column 1 (char 0)
WARNING:   No data for adam-clarke PSA ch 66
WARNING: Failed to fetch https://bible.helloao.org/api/c/adam-clarke/PSA/67.json: Expecting value: line 1 column 1 (char 0)
WARNING:   No data for adam-clarke PSA ch 67
WARNING: Failed to fetch https://bible.helloao.org/api/c/adam-clarke/PSA/68.json: Expecting value: line 1 column 1 (char 0)
WARNING:   No data for adam-clarke PSA ch 68
WARNING: Failed to fetch https://bible.helloao.org/api/c/adam-clarke/PSA/69.json: Expecting value: line 1 column 1 (char 0)
WARNING:   No data for adam-clarke PSA ch 69
WARNING: Failed to fetch https://bible.helloao.org/api/c/adam-clarke/PSA/70.json: Expecting value: line 1 column 1 (char 0)
WARNING:   No data for adam-clarke PSA ch 70
WARNING: Failed to fetch https://bible.helloao.org/api/c/adam-clarke/PSA/71.json: Expecting value: line 1 column 1 (char 0)
WARNING:   No data for adam-clarke PSA ch 71
WARNING: Failed to fetch https://bible.helloao.org/api/c/adam-clarke/PSA/72.json: Expecting value: line 1 column 1 (char 0)
WARNING:   No data for adam-clarke PSA ch 72
WARNING: Failed to fetch https://bible.helloao.org/api/c/adam-clarke/PSA/73.json: Expecting value: line 1 column 1 (char 0)
WARNING:   No data for adam-clarke PSA ch 73
WARNING: Failed to fetch https://bible.helloao.org/api/c/adam-clarke/PSA/74.json: Expecting value: line 1 column 1 (char 0)
WARNING:   No data for adam-clarke PSA ch 74
WARNING: Failed to fetch https://bible.helloao.org/api/c/adam-clarke/PSA/75.json: Expecting value: line 1 column 1 (char 0)
WARNING:   No data for adam-clarke PSA ch 75
WARNING: Failed to fetch https://bible.helloao.org/api/c/adam-clarke/PSA/76.json: Expecting value: line 1 column 1 (char 0)
WARNING:   No data for adam-clarke PSA ch 76
WARNING: Failed to fetch https://bible.helloao.org/api/c/adam-clarke/PSA/77.json: Expecting value: line 1 column 1 (char 0)
WARNING:   No data for adam-clarke PSA ch 77
WARNING: Failed to fetch https://bible.helloao.org/api/c/adam-clarke/PSA/78.json: Expecting value: line 1 column 1 (char 0)
WARNING:   No data for adam-clarke PSA ch 78
WARNING: Failed to fetch https://bible.helloao.org/api/c/adam-clarke/PSA/79.json: Expecting value: line 1 column 1 (char 0)
WARNING:   No data for adam-clarke PSA ch 79
WARNING: Failed to fetch https://bible.helloao.org/api/c/adam-clarke/PSA/80.json: Expecting value: line 1 column 1 (char 0)
WARNING:   No data for adam-clarke PSA ch 80
WARNING: Failed to fetch https://bible.helloao.org/api/c/adam-clarke/PSA/81.json: Expecting value: line 1 column 1 (char 0)
WARNING:   No data for adam-clarke PSA ch 81
WARNING: Failed to fetch https://bible.helloao.org/api/c/adam-clarke/PSA/82.json: Expecting value: line 1 column 1 (char 0)
WARNING:   No data for adam-clarke PSA ch 82
WARNING: Failed to fetch https://bible.helloao.org/api/c/adam-clarke/PSA/83.json: Expecting value: line 1 column 1 (char 0)
WARNING:   No data for adam-clarke PSA ch 83
WARNING: Failed to fetch https://bible.helloao.org/api/c/adam-clarke/PSA/84.json: Expecting value: line 1 column 1 (char 0)
WARNING:   No data for adam-clarke PSA ch 84
WARNING: Failed to fetch https://bible.helloao.org/api/c/adam-clarke/PSA/85.json: Expecting value: line 1 column 1 (char 0)
WARNING:   No data for adam-clarke PSA ch 85
WARNING: Failed to fetch https://bible.helloao.org/api/c/adam-clarke/PSA/86.json: Expecting value: line 1 column 1 (char 0)
WARNING:   No data for adam-clarke PSA ch 86
WARNING: Failed to fetch https://bible.helloao.org/api/c/adam-clarke/PSA/87.json: Expecting value: line 1 column 1 (char 0)
WARNING:   No data for adam-clarke PSA ch 87
WARNING: Failed to fetch https://bible.helloao.org/api/c/adam-clarke/PSA/88.json: Expecting value: line 1 column 1 (char 0)
WARNING:   No data for adam-clarke PSA ch 88
WARNING: Failed to fetch https://bible.helloao.org/api/c/adam-clarke/PSA/89.json: Expecting value: line 1 column 1 (char 0)
WARNING:   No data for adam-clarke PSA ch 89
WARNING: Failed to fetch https://bible.helloao.org/api/c/adam-clarke/PSA/90.json: Expecting value: line 1 column 1 (char 0)
WARNING:   No data for adam-clarke PSA ch 90
WARNING: Failed to fetch https://bible.helloao.org/api/c/adam-clarke/PSA/91.json: Expecting value: line 1 column 1 (char 0)
WARNING:   No data for adam-clarke PSA ch 91
WARNING: Failed to fetch https://bible.helloao.org/api/c/adam-clarke/PSA/92.json: Expecting value: line 1 column 1 (char 0)
WARNING:   No data for adam-clarke PSA ch 92
WARNING: Failed to fetch https://bible.helloao.org/api/c/adam-clarke/PSA/93.json: Expecting value: line 1 column 1 (char 0)
WARNING:   No data for adam-clarke PSA ch 93
WARNING: Failed to fetch https://bible.helloao.org/api/c/adam-clarke/PSA/94.json: Expecting value: line 1 column 1 (char 0)
WARNING:   No data for adam-clarke PSA ch 94
WARNING: Failed to fetch https://bible.helloao.org/api/c/adam-clarke/PSA/95.json: Expecting value: line 1 column 1 (char 0)
WARNING:   No data for adam-clarke PSA ch 95
WARNING: Failed to fetch https://bible.helloao.org/api/c/adam-clarke/PSA/96.json: Expecting value: line 1 column 1 (char 0)
WARNING:   No data for adam-clarke PSA ch 96
WARNING: Failed to fetch https://bible.helloao.org/api/c/adam-clarke/PSA/97.json: Expecting value: line 1 column 1 (char 0)
WARNING:   No data for adam-clarke PSA ch 97
WARNING: Failed to fetch https://bible.helloao.org/api/c/adam-clarke/PSA/98.json: Expecting value: line 1 column 1 (char 0)
WARNING:   No data for adam-clarke PSA ch 98
WARNING: Failed to fetch https://bible.helloao.org/api/c/adam-clarke/PSA/99.json: Expecting value: line 1 column 1 (char 0)
WARNING:   No data for adam-clarke PSA ch 99
WARNING: Failed to fetch https://bible.helloao.org/api/c/adam-clarke/PSA/100.json: Expecting value: line 1 column 1 (char 0)
WARNING:   No data for adam-clarke PSA ch 100
WARNING: Failed to fetch https://bible.helloao.org/api/c/adam-clarke/PSA/101.json: Expecting value: line 1 column 1 (char 0)
WARNING:   No data for adam-clarke PSA ch 101
WARNING: Failed to fetch https://bible.helloao.org/api/c/adam-clarke/PSA/102.json: Expecting value: line 1 column 1 (char 0)
WARNING:   No data for adam-clarke PSA ch 102
WARNING: Failed to fetch https://bible.helloao.org/api/c/adam-clarke/PSA/103.json: Expecting value: line 1 column 1 (char 0)
WARNING:   No data for adam-clarke PSA ch 103
WARNING: Failed to fetch https://bible.helloao.org/api/c/adam-clarke/PSA/104.json: Expecting value: line 1 column 1 (char 0)
WARNING:   No data for adam-clarke PSA ch 104
WARNING: Failed to fetch https://bible.helloao.org/api/c/adam-clarke/PSA/105.json: Expecting value: line 1 column 1 (char 0)
WARNING:   No data for adam-clarke PSA ch 105
WARNING: Failed to fetch https://bible.helloao.org/api/c/adam-clarke/PSA/106.json: Expecting value: line 1 column 1 (char 0)
WARNING:   No data for adam-clarke PSA ch 106
WARNING: Failed to fetch https://bible.helloao.org/api/c/adam-clarke/PSA/107.json: Expecting value: line 1 column 1 (char 0)
WARNING:   No data for adam-clarke PSA ch 107
WARNING: Failed to fetch https://bible.helloao.org/api/c/adam-clarke/PSA/108.json: Expecting value: line 1 column 1 (char 0)
WARNING:   No data for adam-clarke PSA ch 108
WARNING: Failed to fetch https://bible.helloao.org/api/c/adam-clarke/PSA/109.json: Expecting value: line 1 column 1 (char 0)
WARNING:   No data for adam-clarke PSA ch 109
WARNING: Failed to fetch https://bible.helloao.org/api/c/adam-clarke/PSA/110.json: Expecting value: line 1 column 1 (char 0)
WARNING:   No data for adam-clarke PSA ch 110
WARNING: Failed to fetch https://bible.helloao.org/api/c/adam-clarke/PSA/111.json: Expecting value: line 1 column 1 (char 0)
WARNING:   No data for adam-clarke PSA ch 111
WARNING: Failed to fetch https://bible.helloao.org/api/c/adam-clarke/PSA/112.json: Expecting value: line 1 column 1 (char 0)
WARNING:   No data for adam-clarke PSA ch 112
WARNING: Failed to fetch https://bible.helloao.org/api/c/adam-clarke/PSA/113.json: Expecting value: line 1 column 1 (char 0)
WARNING:   No data for adam-clarke PSA ch 113
WARNING: Failed to fetch https://bible.helloao.org/api/c/adam-clarke/PSA/114.json: Expecting value: line 1 column 1 (char 0)
WARNING:   No data for adam-clarke PSA ch 114
WARNING: Failed to fetch https://bible.helloao.org/api/c/adam-clarke/PSA/115.json: Expecting value: line 1 column 1 (char 0)
WARNING:   No data for adam-clarke PSA ch 115
WARNING: Failed to fetch https://bible.helloao.org/api/c/adam-clarke/PSA/116.json: Expecting value: line 1 column 1 (char 0)
WARNING:   No data for adam-clarke PSA ch 116
WARNING: Failed to fetch https://bible.helloao.org/api/c/adam-clarke/PSA/117.json: Expecting value: line 1 column 1 (char 0)
WARNING:   No data for adam-clarke PSA ch 117
WARNING: Failed to fetch https://bible.helloao.org/api/c/adam-clarke/PSA/118.json: Expecting value: line 1 column 1 (char 0)
WARNING:   No data for adam-clarke PSA ch 118
WARNING: Failed to fetch https://bible.helloao.org/api/c/adam-clarke/PSA/119.json: Expecting value: line 1 column 1 (char 0)
WARNING:   No data for adam-clarke PSA ch 119
WARNING: Failed to fetch https://bible.helloao.org/api/c/adam-clarke/PSA/120.json: Expecting value: line 1 column 1 (char 0)
WARNING:   No data for adam-clarke PSA ch 120
WARNING: Failed to fetch https://bible.helloao.org/api/c/adam-clarke/PSA/121.json: Expecting value: line 1 column 1 (char 0)
WARNING:   No data for adam-clarke PSA ch 121
WARNING: Failed to fetch https://bible.helloao.org/api/c/adam-clarke/PSA/122.json: Expecting value: line 1 column 1 (char 0)
WARNING:   No data for adam-clarke PSA ch 122
WARNING: Failed to fetch https://bible.helloao.org/api/c/adam-clarke/PSA/123.json: Expecting value: line 1 column 1 (char 0)
WARNING:   No data for adam-clarke PSA ch 123
WARNING: Failed to fetch https://bible.helloao.org/api/c/adam-clarke/PSA/124.json: Expecting value: line 1 column 1 (char 0)
WARNING:   No data for adam-clarke PSA ch 124
WARNING: Failed to fetch https://bible.helloao.org/api/c/adam-clarke/PSA/125.json: Expecting value: line 1 column 1 (char 0)
WARNING:   No data for adam-clarke PSA ch 125
WARNING: Failed to fetch https://bible.helloao.org/api/c/adam-clarke/PSA/126.json: Expecting value: line 1 column 1 (char 0)
WARNING:   No data for adam-clarke PSA ch 126
WARNING: Failed to fetch https://bible.helloao.org/api/c/adam-clarke/PSA/127.json: Expecting value: line 1 column 1 (char 0)
WARNING:   No data for adam-clarke PSA ch 127
WARNING: Failed to fetch https://bible.helloao.org/api/c/adam-clarke/PSA/128.json: Expecting value: line 1 column 1 (char 0)
WARNING:   No data for adam-clarke PSA ch 128
WARNING: Failed to fetch https://bible.helloao.org/api/c/adam-clarke/PSA/129.json: Expecting value: line 1 column 1 (char 0)
WARNING:   No data for adam-clarke PSA ch 129
WARNING: Failed to fetch https://bible.helloao.org/api/c/adam-clarke/PSA/130.json: Expecting value: line 1 column 1 (char 0)
WARNING:   No data for adam-clarke PSA ch 130
WARNING: Failed to fetch https://bible.helloao.org/api/c/adam-clarke/PSA/131.json: Expecting value: line 1 column 1 (char 0)
WARNING:   No data for adam-clarke PSA ch 131
WARNING: Failed to fetch https://bible.helloao.org/api/c/adam-clarke/PSA/132.json: Expecting value: line 1 column 1 (char 0)
WARNING:   No data for adam-clarke PSA ch 132
WARNING: Failed to fetch https://bible.helloao.org/api/c/adam-clarke/PSA/133.json: Expecting value: line 1 column 1 (char 0)
WARNING:   No data for adam-clarke PSA ch 133
WARNING: Failed to fetch https://bible.helloao.org/api/c/adam-clarke/PSA/134.json: Expecting value: line 1 column 1 (char 0)
WARNING:   No data for adam-clarke PSA ch 134
WARNING: Failed to fetch https://bible.helloao.org/api/c/adam-clarke/PSA/135.json: Expecting value: line 1 column 1 (char 0)
WARNING:   No data for adam-clarke PSA ch 135
WARNING: Failed to fetch https://bible.helloao.org/api/c/adam-clarke/PSA/136.json: Expecting value: line 1 column 1 (char 0)
WARNING:   No data for adam-clarke PSA ch 136
WARNING: Failed to fetch https://bible.helloao.org/api/c/adam-clarke/PSA/137.json: Expecting value: line 1 column 1 (char 0)
WARNING:   No data for adam-clarke PSA ch 137
WARNING: Failed to fetch https://bible.helloao.org/api/c/adam-clarke/PSA/138.json: Expecting value: line 1 column 1 (char 0)
WARNING:   No data for adam-clarke PSA ch 138
WARNING: Failed to fetch https://bible.helloao.org/api/c/adam-clarke/PSA/139.json: Expecting value: line 1 column 1 (char 0)
WARNING:   No data for adam-clarke PSA ch 139
WARNING: Failed to fetch https://bible.helloao.org/api/c/adam-clarke/PSA/140.json: Expecting value: line 1 column 1 (char 0)
WARNING:   No data for adam-clarke PSA ch 140
WARNING: Failed to fetch https://bible.helloao.org/api/c/adam-clarke/PSA/141.json: Expecting value: line 1 column 1 (char 0)
WARNING:   No data for adam-clarke PSA ch 141
WARNING: Failed to fetch https://bible.helloao.org/api/c/adam-clarke/PSA/142.json: Expecting value: line 1 column 1 (char 0)
WARNING:   No data for adam-clarke PSA ch 142
WARNING: Failed to fetch https://bible.helloao.org/api/c/adam-clarke/PSA/143.json: Expecting value: line 1 column 1 (char 0)
WARNING:   No data for adam-clarke PSA ch 143
WARNING: Failed to fetch https://bible.helloao.org/api/c/adam-clarke/PSA/144.json: Expecting value: line 1 column 1 (char 0)
WARNING:   No data for adam-clarke PSA ch 144
WARNING: Failed to fetch https://bible.helloao.org/api/c/adam-clarke/PSA/145.json: Expecting value: line 1 column 1 (char 0)
WARNING:   No data for adam-clarke PSA ch 145
WARNING: Failed to fetch https://bible.helloao.org/api/c/adam-clarke/PSA/146.json: Expecting value: line 1 column 1 (char 0)
WARNING:   No data for adam-clarke PSA ch 146
WARNING: Failed to fetch https://bible.helloao.org/api/c/adam-clarke/PSA/147.json: Expecting value: line 1 column 1 (char 0)
WARNING:   No data for adam-clarke PSA ch 147
WARNING: Failed to fetch https://bible.helloao.org/api/c/adam-clarke/PSA/148.json: Expecting value: line 1 column 1 (char 0)
WARNING:   No data for adam-clarke PSA ch 148
WARNING: Failed to fetch https://bible.helloao.org/api/c/adam-clarke/PSA/149.json: Expecting value: line 1 column 1 (char 0)
WARNING:   No data for adam-clarke PSA ch 149
WARNING: Failed to fetch https://bible.helloao.org/api/c/adam-clarke/PSA/150.json: Expecting value: line 1 column 1 (char 0)
WARNING:   No data for adam-clarke PSA ch 150
WARNING:   No verse data found for Adam Clarke's Commentary - Psalms
INFO: Fetching: Adam Clarke's Commentary - Proverbs (31 chapters)
WARNING: Failed to fetch https://bible.helloao.org/api/c/adam-clarke/PRO/1.json: Expecting value: line 1 column 1 (char 0)
WARNING:   No data for adam-clarke PRO ch 1
WARNING: Failed to fetch https://bible.helloao.org/api/c/adam-clarke/PRO/2.json: Expecting value: line 1 column 1 (char 0)
WARNING:   No data for adam-clarke PRO ch 2
WARNING: Failed to fetch https://bible.helloao.org/api/c/adam-clarke/PRO/3.json: Expecting value: line 1 column 1 (char 0)
WARNING:   No data for adam-clarke PRO ch 3
WARNING: Failed to fetch https://bible.helloao.org/api/c/adam-clarke/PRO/4.json: Expecting value: line 1 column 1 (char 0)
WARNING:   No data for adam-clarke PRO ch 4
WARNING: Failed to fetch https://bible.helloao.org/api/c/adam-clarke/PRO/5.json: Expecting value: line 1 column 1 (char 0)
WARNING:   No data for adam-clarke PRO ch 5
WARNING: Failed to fetch https://bible.helloao.org/api/c/adam-clarke/PRO/6.json: Expecting value: line 1 column 1 (char 0)
WARNING:   No data for adam-clarke PRO ch 6
WARNING: Failed to fetch https://bible.helloao.org/api/c/adam-clarke/PRO/7.json: Expecting value: line 1 column 1 (char 0)
WARNING:   No data for adam-clarke PRO ch 7
WARNING: Failed to fetch https://bible.helloao.org/api/c/adam-clarke/PRO/8.json: Expecting value: line 1 column 1 (char 0)
WARNING:   No data for adam-clarke PRO ch 8
WARNING: Failed to fetch https://bible.helloao.org/api/c/adam-clarke/PRO/9.json: Expecting value: line 1 column 1 (char 0)
WARNING:   No data for adam-clarke PRO ch 9
WARNING: Failed to fetch https://bible.helloao.org/api/c/adam-clarke/PRO/10.json: Expecting value: line 1 column 1 (char 0)
WARNING:   No data for adam-clarke PRO ch 10
WARNING: Failed to fetch https://bible.helloao.org/api/c/adam-clarke/PRO/11.json: Expecting value: line 1 column 1 (char 0)
WARNING:   No data for adam-clarke PRO ch 11
WARNING: Failed to fetch https://bible.helloao.org/api/c/adam-clarke/PRO/12.json: Expecting value: line 1 column 1 (char 0)
WARNING:   No data for adam-clarke PRO ch 12
WARNING: Failed to fetch https://bible.helloao.org/api/c/adam-clarke/PRO/13.json: Expecting value: line 1 column 1 (char 0)
WARNING:   No data for adam-clarke PRO ch 13
WARNING: Failed to fetch https://bible.helloao.org/api/c/adam-clarke/PRO/14.json: Expecting value: line 1 column 1 (char 0)
WARNING:   No data for adam-clarke PRO ch 14
WARNING: Failed to fetch https://bible.helloao.org/api/c/adam-clarke/PRO/15.json: Expecting value: line 1 column 1 (char 0)
WARNING:   No data for adam-clarke PRO ch 15
WARNING: Failed to fetch https://bible.helloao.org/api/c/adam-clarke/PRO/16.json: Expecting value: line 1 column 1 (char 0)
WARNING:   No data for adam-clarke PRO ch 16
WARNING: Failed to fetch https://bible.helloao.org/api/c/adam-clarke/PRO/17.json: Expecting value: line 1 column 1 (char 0)
WARNING:   No data for adam-clarke PRO ch 17
WARNING: Failed to fetch https://bible.helloao.org/api/c/adam-clarke/PRO/18.json: Expecting value: line 1 column 1 (char 0)
WARNING:   No data for adam-clarke PRO ch 18
WARNING: Failed to fetch https://bible.helloao.org/api/c/adam-clarke/PRO/19.json: Expecting value: line 1 column 1 (char 0)
WARNING:   No data for adam-clarke PRO ch 19
WARNING: Failed to fetch https://bible.helloao.org/api/c/adam-clarke/PRO/20.json: Expecting value: line 1 column 1 (char 0)
WARNING:   No data for adam-clarke PRO ch 20
WARNING: Failed to fetch https://bible.helloao.org/api/c/adam-clarke/PRO/21.json: Expecting value: line 1 column 1 (char 0)
WARNING:   No data for adam-clarke PRO ch 21
WARNING: Failed to fetch https://bible.helloao.org/api/c/adam-clarke/PRO/22.json: Expecting value: line 1 column 1 (char 0)
WARNING:   No data for adam-clarke PRO ch 22
WARNING: Failed to fetch https://bible.helloao.org/api/c/adam-clarke/PRO/23.json: Expecting value: line 1 column 1 (char 0)
WARNING:   No data for adam-clarke PRO ch 23
WARNING: Failed to fetch https://bible.helloao.org/api/c/adam-clarke/PRO/24.json: Expecting value: line 1 column 1 (char 0)
WARNING:   No data for adam-clarke PRO ch 24
WARNING: Failed to fetch https://bible.helloao.org/api/c/adam-clarke/PRO/25.json: Expecting value: line 1 column 1 (char 0)
WARNING:   No data for adam-clarke PRO ch 25
WARNING: Failed to fetch https://bible.helloao.org/api/c/adam-clarke/PRO/26.json: Expecting value: line 1 column 1 (char 0)
WARNING:   No data for adam-clarke PRO ch 26
WARNING: Failed to fetch https://bible.helloao.org/api/c/adam-clarke/PRO/27.json: Expecting value: line 1 column 1 (char 0)
WARNING:   No data for adam-clarke PRO ch 27
WARNING: Failed to fetch https://bible.helloao.org/api/c/adam-clarke/PRO/28.json: Expecting value: line 1 column 1 (char 0)
WARNING:   No data for adam-clarke PRO ch 28
WARNING: Failed to fetch https://bible.helloao.org/api/c/adam-clarke/PRO/29.json: Expecting value: line 1 column 1 (char 0)
WARNING:   No data for adam-clarke PRO ch 29
WARNING: Failed to fetch https://bible.helloao.org/api/c/adam-clarke/PRO/30.json: Expecting value: line 1 column 1 (char 0)
WARNING:   No data for adam-clarke PRO ch 30
WARNING: Failed to fetch https://bible.helloao.org/api/c/adam-clarke/PRO/31.json: Expecting value: line 1 column 1 (char 0)
WARNING:   No data for adam-clarke PRO ch 31
WARNING:   No verse data found for Adam Clarke's Commentary - Proverbs
INFO: Fetching: Adam Clarke's Commentary - Ecclesiastes (12 chapters)
WARNING: Failed to fetch https://bible.helloao.org/api/c/adam-clarke/ECC/1.json: Expecting value: line 1 column 1 (char 0)
WARNING:   No data for adam-clarke ECC ch 1
WARNING: Failed to fetch https://bible.helloao.org/api/c/adam-clarke/ECC/2.json: Expecting value: line 1 column 1 (char 0)
WARNING:   No data for adam-clarke ECC ch 2
WARNING: Failed to fetch https://bible.helloao.org/api/c/adam-clarke/ECC/3.json: Expecting value: line 1 column 1 (char 0)
WARNING:   No data for adam-clarke ECC ch 3
WARNING: Failed to fetch https://bible.helloao.org/api/c/adam-clarke/ECC/4.json: Expecting value: line 1 column 1 (char 0)
WARNING:   No data for adam-clarke ECC ch 4
WARNING: Failed to fetch https://bible.helloao.org/api/c/adam-clarke/ECC/5.json: Expecting value: line 1 column 1 (char 0)
WARNING:   No data for adam-clarke ECC ch 5
WARNING: Failed to fetch https://bible.helloao.org/api/c/adam-clarke/ECC/6.json: Expecting value: line 1 column 1 (char 0)
WARNING:   No data for adam-clarke ECC ch 6
WARNING: Failed to fetch https://bible.helloao.org/api/c/adam-clarke/ECC/7.json: Expecting value: line 1 column 1 (char 0)
WARNING:   No data for adam-clarke ECC ch 7
WARNING: Failed to fetch https://bible.helloao.org/api/c/adam-clarke/ECC/8.json: Expecting value: line 1 column 1 (char 0)
WARNING:   No data for adam-clarke ECC ch 8
WARNING: Failed to fetch https://bible.helloao.org/api/c/adam-clarke/ECC/9.json: Expecting value: line 1 column 1 (char 0)
WARNING:   No data for adam-clarke ECC ch 9
WARNING: Failed to fetch https://bible.helloao.org/api/c/adam-clarke/ECC/10.json: Expecting value: line 1 column 1 (char 0)
WARNING:   No data for adam-clarke ECC ch 10
WARNING: Failed to fetch https://bible.helloao.org/api/c/adam-clarke/ECC/11.json: Expecting value: line 1 column 1 (char 0)
WARNING:   No data for adam-clarke ECC ch 11
WARNING: Failed to fetch https://bible.helloao.org/api/c/adam-clarke/ECC/12.json: Expecting value: line 1 column 1 (char 0)
WARNING:   No data for adam-clarke ECC ch 12
WARNING:   No verse data found for Adam Clarke's Commentary - Ecclesiastes
INFO: Fetching: Adam Clarke's Commentary - Song of Solomon (8 chapters)
WARNING:   No verse data found for Adam Clarke's Commentary - Song of Solomon
INFO: SKIP (exists): Adam Clarke's Commentary - Isaiah
INFO: Fetching: Adam Clarke's Commentary - Jeremiah (52 chapters)
WARNING: Failed to fetch https://bible.helloao.org/api/c/adam-clarke/JER/1.json: Expecting value: line 1 column 1 (char 0)
WARNING:   No data for adam-clarke JER ch 1
WARNING: Failed to fetch https://bible.helloao.org/api/c/adam-clarke/JER/2.json: Expecting value: line 1 column 1 (char 0)
WARNING:   No data for adam-clarke JER ch 2
WARNING: Failed to fetch https://bible.helloao.org/api/c/adam-clarke/JER/3.json: Expecting value: line 1 column 1 (char 0)
WARNING:   No data for adam-clarke JER ch 3
WARNING: Failed to fetch https://bible.helloao.org/api/c/adam-clarke/JER/4.json: Expecting value: line 1 column 1 (char 0)
WARNING:   No data for adam-clarke JER ch 4
WARNING: Failed to fetch https://bible.helloao.org/api/c/adam-clarke/JER/5.json: Expecting value: line 1 column 1 (char 0)
WARNING:   No data for adam-clarke JER ch 5
WARNING: Failed to fetch https://bible.helloao.org/api/c/adam-clarke/JER/6.json: Expecting value: line 1 column 1 (char 0)
WARNING:   No data for adam-clarke JER ch 6
WARNING: Failed to fetch https://bible.helloao.org/api/c/adam-clarke/JER/7.json: Expecting value: line 1 column 1 (char 0)
WARNING:   No data for adam-clarke JER ch 7
WARNING: Failed to fetch https://bible.helloao.org/api/c/adam-clarke/JER/8.json: Expecting value: line 1 column 1 (char 0)
WARNING:   No data for adam-clarke JER ch 8
WARNING: Failed to fetch https://bible.helloao.org/api/c/adam-clarke/JER/9.json: Expecting value: line 1 column 1 (char 0)
WARNING:   No data for adam-clarke JER ch 9
WARNING: Failed to fetch https://bible.helloao.org/api/c/adam-clarke/JER/10.json: Expecting value: line 1 column 1 (char 0)
WARNING:   No data for adam-clarke JER ch 10
WARNING: Failed to fetch https://bible.helloao.org/api/c/adam-clarke/JER/11.json: Expecting value: line 1 column 1 (char 0)
WARNING:   No data for adam-clarke JER ch 11
WARNING: Failed to fetch https://bible.helloao.org/api/c/adam-clarke/JER/12.json: Expecting value: line 1 column 1 (char 0)
WARNING:   No data for adam-clarke JER ch 12
WARNING: Failed to fetch https://bible.helloao.org/api/c/adam-clarke/JER/13.json: Expecting value: line 1 column 1 (char 0)
WARNING:   No data for adam-clarke JER ch 13
WARNING: Failed to fetch https://bible.helloao.org/api/c/adam-clarke/JER/14.json: Expecting value: line 1 column 1 (char 0)
WARNING:   No data for adam-clarke JER ch 14
WARNING: Failed to fetch https://bible.helloao.org/api/c/adam-clarke/JER/15.json: Expecting value: line 1 column 1 (char 0)
WARNING:   No data for adam-clarke JER ch 15
WARNING: Failed to fetch https://bible.helloao.org/api/c/adam-clarke/JER/16.json: Expecting value: line 1 column 1 (char 0)
WARNING:   No data for adam-clarke JER ch 16
WARNING: Failed to fetch https://bible.helloao.org/api/c/adam-clarke/JER/17.json: Expecting value: line 1 column 1 (char 0)
WARNING:   No data for adam-clarke JER ch 17
WARNING: Failed to fetch https://bible.helloao.org/api/c/adam-clarke/JER/18.json: Expecting value: line 1 column 1 (char 0)
WARNING:   No data for adam-clarke JER ch 18
WARNING: Failed to fetch https://bible.helloao.org/api/c/adam-clarke/JER/19.json: Expecting value: line 1 column 1 (char 0)
WARNING:   No data for adam-clarke JER ch 19
WARNING: Failed to fetch https://bible.helloao.org/api/c/adam-clarke/JER/20.json: Expecting value: line 1 column 1 (char 0)
WARNING:   No data for adam-clarke JER ch 20
WARNING: Failed to fetch https://bible.helloao.org/api/c/adam-clarke/JER/21.json: Expecting value: line 1 column 1 (char 0)
WARNING:   No data for adam-clarke JER ch 21
WARNING: Failed to fetch https://bible.helloao.org/api/c/adam-clarke/JER/22.json: Expecting value: line 1 column 1 (char 0)
WARNING:   No data for adam-clarke JER ch 22
WARNING: Failed to fetch https://bible.helloao.org/api/c/adam-clarke/JER/23.json: Expecting value: line 1 column 1 (char 0)
WARNING:   No data for adam-clarke JER ch 23
WARNING: Failed to fetch https://bible.helloao.org/api/c/adam-clarke/JER/24.json: Expecting value: line 1 column 1 (char 0)
WARNING:   No data for adam-clarke JER ch 24
WARNING: Failed to fetch https://bible.helloao.org/api/c/adam-clarke/JER/25.json: Expecting value: line 1 column 1 (char 0)
WARNING:   No data for adam-clarke JER ch 25
WARNING: Failed to fetch https://bible.helloao.org/api/c/adam-clarke/JER/26.json: Expecting value: line 1 column 1 (char 0)
WARNING:   No data for adam-clarke JER ch 26
WARNING: Failed to fetch https://bible.helloao.org/api/c/adam-clarke/JER/27.json: Expecting value: line 1 column 1 (char 0)
WARNING:   No data for adam-clarke JER ch 27
WARNING: Failed to fetch https://bible.helloao.org/api/c/adam-clarke/JER/28.json: Expecting value: line 1 column 1 (char 0)
WARNING:   No data for adam-clarke JER ch 28
WARNING: Failed to fetch https://bible.helloao.org/api/c/adam-clarke/JER/29.json: Expecting value: line 1 column 1 (char 0)
WARNING:   No data for adam-clarke JER ch 29
WARNING: Failed to fetch https://bible.helloao.org/api/c/adam-clarke/JER/30.json: Expecting value: line 1 column 1 (char 0)
WARNING:   No data for adam-clarke JER ch 30
WARNING: Failed to fetch https://bible.helloao.org/api/c/adam-clarke/JER/31.json: Expecting value: line 1 column 1 (char 0)
WARNING:   No data for adam-clarke JER ch 31
WARNING: Failed to fetch https://bible.helloao.org/api/c/adam-clarke/JER/32.json: Expecting value: line 1 column 1 (char 0)
WARNING:   No data for adam-clarke JER ch 32
WARNING: Failed to fetch https://bible.helloao.org/api/c/adam-clarke/JER/33.json: Expecting value: line 1 column 1 (char 0)
WARNING:   No data for adam-clarke JER ch 33
WARNING: Failed to fetch https://bible.helloao.org/api/c/adam-clarke/JER/34.json: Expecting value: line 1 column 1 (char 0)
WARNING:   No data for adam-clarke JER ch 34
WARNING: Failed to fetch https://bible.helloao.org/api/c/adam-clarke/JER/35.json: Expecting value: line 1 column 1 (char 0)
WARNING:   No data for adam-clarke JER ch 35
WARNING: Failed to fetch https://bible.helloao.org/api/c/adam-clarke/JER/36.json: Expecting value: line 1 column 1 (char 0)
WARNING:   No data for adam-clarke JER ch 36
WARNING: Failed to fetch https://bible.helloao.org/api/c/adam-clarke/JER/37.json: Expecting value: line 1 column 1 (char 0)
WARNING:   No data for adam-clarke JER ch 37
WARNING: Failed to fetch https://bible.helloao.org/api/c/adam-clarke/JER/38.json: Expecting value: line 1 column 1 (char 0)
WARNING:   No data for adam-clarke JER ch 38
WARNING: Failed to fetch https://bible.helloao.org/api/c/adam-clarke/JER/39.json: Expecting value: line 1 column 1 (char 0)
WARNING:   No data for adam-clarke JER ch 39
WARNING: Failed to fetch https://bible.helloao.org/api/c/adam-clarke/JER/40.json: Expecting value: line 1 column 1 (char 0)
WARNING:   No data for adam-clarke JER ch 40
WARNING: Failed to fetch https://bible.helloao.org/api/c/adam-clarke/JER/41.json: Expecting value: line 1 column 1 (char 0)
WARNING:   No data for adam-clarke JER ch 41
WARNING: Failed to fetch https://bible.helloao.org/api/c/adam-clarke/JER/42.json: Expecting value: line 1 column 1 (char 0)
WARNING:   No data for adam-clarke JER ch 42
WARNING: Failed to fetch https://bible.helloao.org/api/c/adam-clarke/JER/43.json: Expecting value: line 1 column 1 (char 0)
WARNING:   No data for adam-clarke JER ch 43
WARNING: Failed to fetch https://bible.helloao.org/api/c/adam-clarke/JER/44.json: Expecting value: line 1 column 1 (char 0)
WARNING:   No data for adam-clarke JER ch 44
WARNING: Failed to fetch https://bible.helloao.org/api/c/adam-clarke/JER/45.json: Expecting value: line 1 column 1 (char 0)
WARNING:   No data for adam-clarke JER ch 45
WARNING: Failed to fetch https://bible.helloao.org/api/c/adam-clarke/JER/46.json: Expecting value: line 1 column 1 (char 0)
WARNING:   No data for adam-clarke JER ch 46
WARNING: Failed to fetch https://bible.helloao.org/api/c/adam-clarke/JER/47.json: Expecting value: line 1 column 1 (char 0)
WARNING:   No data for adam-clarke JER ch 47
WARNING: Failed to fetch https://bible.helloao.org/api/c/adam-clarke/JER/48.json: Expecting value: line 1 column 1 (char 0)
WARNING:   No data for adam-clarke JER ch 48
WARNING: Failed to fetch https://bible.helloao.org/api/c/adam-clarke/JER/49.json: Expecting value: line 1 column 1 (char 0)
WARNING:   No data for adam-clarke JER ch 49
WARNING: Failed to fetch https://bible.helloao.org/api/c/adam-clarke/JER/50.json: Expecting value: line 1 column 1 (char 0)
WARNING:   No data for adam-clarke JER ch 50
WARNING: Failed to fetch https://bible.helloao.org/api/c/adam-clarke/JER/51.json: Expecting value: line 1 column 1 (char 0)
WARNING:   No data for adam-clarke JER ch 51
WARNING: Failed to fetch https://bible.helloao.org/api/c/adam-clarke/JER/52.json: Expecting value: line 1 column 1 (char 0)
WARNING:   No data for adam-clarke JER ch 52
WARNING:   No verse data found for Adam Clarke's Commentary - Jeremiah
INFO: SKIP (exists): Adam Clarke's Commentary - Lamentations
INFO: SKIP (exists): Adam Clarke's Commentary - Ezekiel
INFO: SKIP (exists): Adam Clarke's Commentary - Daniel
INFO: SKIP (exists): Adam Clarke's Commentary - Hosea
INFO: Fetching: Adam Clarke's Commentary - Joel (3 chapters)
WARNING: Failed to fetch https://bible.helloao.org/api/c/adam-clarke/JOL/1.json: Expecting value: line 1 column 1 (char 0)
WARNING:   No data for adam-clarke JOL ch 1
WARNING: Failed to fetch https://bible.helloao.org/api/c/adam-clarke/JOL/2.json: Expecting value: line 1 column 1 (char 0)
WARNING:   No data for adam-clarke JOL ch 2
WARNING: Failed to fetch https://bible.helloao.org/api/c/adam-clarke/JOL/3.json: Expecting value: line 1 column 1 (char 0)
WARNING:   No data for adam-clarke JOL ch 3
WARNING:   No verse data found for Adam Clarke's Commentary - Joel
INFO: SKIP (exists): Adam Clarke's Commentary - Amos
INFO: SKIP (exists): Adam Clarke's Commentary - Obadiah
INFO: SKIP (exists): Adam Clarke's Commentary - Jonah
INFO: SKIP (exists): Adam Clarke's Commentary - Micah
INFO: SKIP (exists): Adam Clarke's Commentary - Nahum
INFO: SKIP (exists): Adam Clarke's Commentary - Habakkuk
INFO: SKIP (exists): Adam Clarke's Commentary - Zephaniah
INFO: SKIP (exists): Adam Clarke's Commentary - Haggai
INFO: SKIP (exists): Adam Clarke's Commentary - Zechariah
INFO: Fetching: Adam Clarke's Commentary - Malachi (4 chapters)
WARNING: Failed to fetch https://bible.helloao.org/api/c/adam-clarke/MAL/1.json: Expecting value: line 1 column 1 (char 0)
WARNING:   No data for adam-clarke MAL ch 1
WARNING: Failed to fetch https://bible.helloao.org/api/c/adam-clarke/MAL/2.json: Expecting value: line 1 column 1 (char 0)
WARNING:   No data for adam-clarke MAL ch 2
WARNING: Failed to fetch https://bible.helloao.org/api/c/adam-clarke/MAL/3.json: Expecting value: line 1 column 1 (char 0)
WARNING:   No data for adam-clarke MAL ch 3
WARNING: Failed to fetch https://bible.helloao.org/api/c/adam-clarke/MAL/4.json: Expecting value: line 1 column 1 (char 0)
WARNING:   No data for adam-clarke MAL ch 4
WARNING:   No verse data found for Adam Clarke's Commentary - Malachi
INFO: Fetching: Adam Clarke's Commentary - Matthew (28 chapters)
WARNING: Failed to fetch https://bible.helloao.org/api/c/adam-clarke/MAT/1.json: Expecting value: line 1 column 1 (char 0)
WARNING:   No data for adam-clarke MAT ch 1
WARNING: Failed to fetch https://bible.helloao.org/api/c/adam-clarke/MAT/2.json: Expecting value: line 1 column 1 (char 0)
WARNING:   No data for adam-clarke MAT ch 2
WARNING: Failed to fetch https://bible.helloao.org/api/c/adam-clarke/MAT/3.json: Expecting value: line 1 column 1 (char 0)
WARNING:   No data for adam-clarke MAT ch 3
WARNING: Failed to fetch https://bible.helloao.org/api/c/adam-clarke/MAT/4.json: Expecting value: line 1 column 1 (char 0)
WARNING:   No data for adam-clarke MAT ch 4
WARNING: Failed to fetch https://bible.helloao.org/api/c/adam-clarke/MAT/5.json: Expecting value: line 1 column 1 (char 0)
WARNING:   No data for adam-clarke MAT ch 5
WARNING: Failed to fetch https://bible.helloao.org/api/c/adam-clarke/MAT/6.json: Expecting value: line 1 column 1 (char 0)
WARNING:   No data for adam-clarke MAT ch 6
WARNING: Failed to fetch https://bible.helloao.org/api/c/adam-clarke/MAT/7.json: Expecting value: line 1 column 1 (char 0)
WARNING:   No data for adam-clarke MAT ch 7
WARNING: Failed to fetch https://bible.helloao.org/api/c/adam-clarke/MAT/8.json: Expecting value: line 1 column 1 (char 0)
WARNING:   No data for adam-clarke MAT ch 8
WARNING: Failed to fetch https://bible.helloao.org/api/c/adam-clarke/MAT/9.json: Expecting value: line 1 column 1 (char 0)
WARNING:   No data for adam-clarke MAT ch 9
WARNING: Failed to fetch https://bible.helloao.org/api/c/adam-clarke/MAT/10.json: Expecting value: line 1 column 1 (char 0)
WARNING:   No data for adam-clarke MAT ch 10
WARNING: Failed to fetch https://bible.helloao.org/api/c/adam-clarke/MAT/11.json: Expecting value: line 1 column 1 (char 0)
WARNING:   No data for adam-clarke MAT ch 11
WARNING: Failed to fetch https://bible.helloao.org/api/c/adam-clarke/MAT/12.json: Expecting value: line 1 column 1 (char 0)
WARNING:   No data for adam-clarke MAT ch 12
WARNING: Failed to fetch https://bible.helloao.org/api/c/adam-clarke/MAT/13.json: Expecting value: line 1 column 1 (char 0)
WARNING:   No data for adam-clarke MAT ch 13
WARNING: Failed to fetch https://bible.helloao.org/api/c/adam-clarke/MAT/14.json: Expecting value: line 1 column 1 (char 0)
WARNING:   No data for adam-clarke MAT ch 14
WARNING: Failed to fetch https://bible.helloao.org/api/c/adam-clarke/MAT/15.json: Expecting value: line 1 column 1 (char 0)
WARNING:   No data for adam-clarke MAT ch 15
WARNING: Failed to fetch https://bible.helloao.org/api/c/adam-clarke/MAT/16.json: Expecting value: line 1 column 1 (char 0)
WARNING:   No data for adam-clarke MAT ch 16
WARNING: Failed to fetch https://bible.helloao.org/api/c/adam-clarke/MAT/17.json: Expecting value: line 1 column 1 (char 0)
WARNING:   No data for adam-clarke MAT ch 17
WARNING: Failed to fetch https://bible.helloao.org/api/c/adam-clarke/MAT/18.json: Expecting value: line 1 column 1 (char 0)
WARNING:   No data for adam-clarke MAT ch 18
WARNING: Failed to fetch https://bible.helloao.org/api/c/adam-clarke/MAT/19.json: Expecting value: line 1 column 1 (char 0)
WARNING:   No data for adam-clarke MAT ch 19
WARNING: Failed to fetch https://bible.helloao.org/api/c/adam-clarke/MAT/20.json: Expecting value: line 1 column 1 (char 0)
WARNING:   No data for adam-clarke MAT ch 20
WARNING: Failed to fetch https://bible.helloao.org/api/c/adam-clarke/MAT/21.json: Expecting value: line 1 column 1 (char 0)
WARNING:   No data for adam-clarke MAT ch 21
WARNING: Failed to fetch https://bible.helloao.org/api/c/adam-clarke/MAT/22.json: Expecting value: line 1 column 1 (char 0)
WARNING:   No data for adam-clarke MAT ch 22
WARNING: Failed to fetch https://bible.helloao.org/api/c/adam-clarke/MAT/23.json: Expecting value: line 1 column 1 (char 0)
WARNING:   No data for adam-clarke MAT ch 23
WARNING: Failed to fetch https://bible.helloao.org/api/c/adam-clarke/MAT/24.json: Expecting value: line 1 column 1 (char 0)
WARNING:   No data for adam-clarke MAT ch 24
WARNING: Failed to fetch https://bible.helloao.org/api/c/adam-clarke/MAT/25.json: Expecting value: line 1 column 1 (char 0)
WARNING:   No data for adam-clarke MAT ch 25
WARNING: Failed to fetch https://bible.helloao.org/api/c/adam-clarke/MAT/26.json: Expecting value: line 1 column 1 (char 0)
WARNING:   No data for adam-clarke MAT ch 26
WARNING: Failed to fetch https://bible.helloao.org/api/c/adam-clarke/MAT/27.json: Expecting value: line 1 column 1 (char 0)
WARNING:   No data for adam-clarke MAT ch 27
WARNING: Failed to fetch https://bible.helloao.org/api/c/adam-clarke/MAT/28.json: Expecting value: line 1 column 1 (char 0)
WARNING:   No data for adam-clarke MAT ch 28
WARNING:   No verse data found for Adam Clarke's Commentary - Matthew
INFO: SKIP (exists): Adam Clarke's Commentary - Mark
INFO: SKIP (exists): Adam Clarke's Commentary - Luke
INFO: SKIP (exists): Adam Clarke's Commentary - John
INFO: SKIP (exists): Adam Clarke's Commentary - Acts
INFO: SKIP (exists): Adam Clarke's Commentary - Romans
INFO: SKIP (exists): Adam Clarke's Commentary - 1 Corinthians
INFO: SKIP (exists): Adam Clarke's Commentary - 2 Corinthians
INFO: SKIP (exists): Adam Clarke's Commentary - Galatians
INFO: SKIP (exists): Adam Clarke's Commentary - Ephesians
INFO: SKIP (exists): Adam Clarke's Commentary - Philippians
INFO: SKIP (exists): Adam Clarke's Commentary - Colossians
INFO: SKIP (exists): Adam Clarke's Commentary - 1 Thessalonians
INFO: SKIP (exists): Adam Clarke's Commentary - 2 Thessalonians
INFO: SKIP (exists): Adam Clarke's Commentary - 1 Timothy
INFO: SKIP (exists): Adam Clarke's Commentary - 2 Timothy
INFO: SKIP (exists): Adam Clarke's Commentary - Titus
INFO: SKIP (exists): Adam Clarke's Commentary - Philemon
INFO: SKIP (exists): Adam Clarke's Commentary - Hebrews
INFO: SKIP (exists): Adam Clarke's Commentary - James
INFO: SKIP (exists): Adam Clarke's Commentary - 1 Peter
INFO: SKIP (exists): Adam Clarke's Commentary - 2 Peter
INFO: SKIP (exists): Adam Clarke's Commentary - 1 John
INFO: SKIP (exists): Adam Clarke's Commentary - 2 John
INFO: SKIP (exists): Adam Clarke's Commentary - 3 John
INFO: SKIP (exists): Adam Clarke's Commentary - Jude
INFO: SKIP (exists): Adam Clarke's Commentary - Revelation
INFO: ============================================================
INFO: Commentary: Jamieson-Fausset-Brown Commentary
INFO: ============================================================
INFO: SKIP (exists): Jamieson-Fausset-Brown Commentary - Genesis
INFO: SKIP (exists): Jamieson-Fausset-Brown Commentary - Exodus
INFO: SKIP (exists): Jamieson-Fausset-Brown Commentary - Leviticus
INFO: SKIP (exists): Jamieson-Fausset-Brown Commentary - Numbers
INFO: SKIP (exists): Jamieson-Fausset-Brown Commentary - Deuteronomy
INFO: SKIP (exists): Jamieson-Fausset-Brown Commentary - Joshua
INFO: SKIP (exists): Jamieson-Fausset-Brown Commentary - Judges
INFO: SKIP (exists): Jamieson-Fausset-Brown Commentary - Ruth
INFO: SKIP (exists): Jamieson-Fausset-Brown Commentary - 1 Samuel
INFO: SKIP (exists): Jamieson-Fausset-Brown Commentary - 2 Samuel
INFO: SKIP (exists): Jamieson-Fausset-Brown Commentary - 1 Kings
INFO: SKIP (exists): Jamieson-Fausset-Brown Commentary - 2 Kings
INFO: SKIP (exists): Jamieson-Fausset-Brown Commentary - 1 Chronicles
INFO: SKIP (exists): Jamieson-Fausset-Brown Commentary - 2 Chronicles
INFO: SKIP (exists): Jamieson-Fausset-Brown Commentary - Ezra
INFO: SKIP (exists): Jamieson-Fausset-Brown Commentary - Nehemiah
INFO: SKIP (exists): Jamieson-Fausset-Brown Commentary - Esther
INFO: SKIP (exists): Jamieson-Fausset-Brown Commentary - Job
INFO: SKIP (exists): Jamieson-Fausset-Brown Commentary - Psalms
INFO: SKIP (exists): Jamieson-Fausset-Brown Commentary - Proverbs
INFO: SKIP (exists): Jamieson-Fausset-Brown Commentary - Ecclesiastes
INFO: Fetching: Jamieson-Fausset-Brown Commentary - Song of Solomon (8 chapters)
WARNING:   No verse data found for Jamieson-Fausset-Brown Commentary - Song of Solomon
INFO: SKIP (exists): Jamieson-Fausset-Brown Commentary - Isaiah
INFO: SKIP (exists): Jamieson-Fausset-Brown Commentary - Jeremiah
INFO: SKIP (exists): Jamieson-Fausset-Brown Commentary - Lamentations
INFO: SKIP (exists): Jamieson-Fausset-Brown Commentary - Ezekiel
INFO: SKIP (exists): Jamieson-Fausset-Brown Commentary - Daniel
INFO: SKIP (exists): Jamieson-Fausset-Brown Commentary - Hosea
INFO: SKIP (exists): Jamieson-Fausset-Brown Commentary - Joel
INFO: SKIP (exists): Jamieson-Fausset-Brown Commentary - Amos
INFO: SKIP (exists): Jamieson-Fausset-Brown Commentary - Obadiah
INFO: SKIP (exists): Jamieson-Fausset-Brown Commentary - Jonah
INFO: SKIP (exists): Jamieson-Fausset-Brown Commentary - Micah
INFO: SKIP (exists): Jamieson-Fausset-Brown Commentary - Nahum
INFO: SKIP (exists): Jamieson-Fausset-Brown Commentary - Habakkuk
INFO: SKIP (exists): Jamieson-Fausset-Brown Commentary - Zephaniah
INFO: SKIP (exists): Jamieson-Fausset-Brown Commentary - Haggai
INFO: SKIP (exists): Jamieson-Fausset-Brown Commentary - Zechariah
INFO: SKIP (exists): Jamieson-Fausset-Brown Commentary - Malachi
INFO: SKIP (exists): Jamieson-Fausset-Brown Commentary - Matthew
INFO: SKIP (exists): Jamieson-Fausset-Brown Commentary - Mark
INFO: SKIP (exists): Jamieson-Fausset-Brown Commentary - Luke
INFO: SKIP (exists): Jamieson-Fausset-Brown Commentary - John
INFO: SKIP (exists): Jamieson-Fausset-Brown Commentary - Acts
INFO: SKIP (exists): Jamieson-Fausset-Brown Commentary - Romans
INFO: SKIP (exists): Jamieson-Fausset-Brown Commentary - 1 Corinthians
INFO: SKIP (exists): Jamieson-Fausset-Brown Commentary - 2 Corinthians
INFO: SKIP (exists): Jamieson-Fausset-Brown Commentary - Galatians
INFO: SKIP (exists): Jamieson-Fausset-Brown Commentary - Ephesians
INFO: SKIP (exists): Jamieson-Fausset-Brown Commentary - Philippians
INFO: SKIP (exists): Jamieson-Fausset-Brown Commentary - Colossians
INFO: SKIP (exists): Jamieson-Fausset-Brown Commentary - 1 Thessalonians
INFO: SKIP (exists): Jamieson-Fausset-Brown Commentary - 2 Thessalonians
INFO: SKIP (exists): Jamieson-Fausset-Brown Commentary - 1 Timothy
INFO: SKIP (exists): Jamieson-Fausset-Brown Commentary - 2 Timothy
INFO: SKIP (exists): Jamieson-Fausset-Brown Commentary - Titus
INFO: SKIP (exists): Jamieson-Fausset-Brown Commentary - Philemon
INFO: SKIP (exists): Jamieson-Fausset-Brown Commentary - Hebrews
INFO: SKIP (exists): Jamieson-Fausset-Brown Commentary - James
INFO: SKIP (exists): Jamieson-Fausset-Brown Commentary - 1 Peter
INFO: SKIP (exists): Jamieson-Fausset-Brown Commentary - 2 Peter
INFO: SKIP (exists): Jamieson-Fausset-Brown Commentary - 1 John
INFO: SKIP (exists): Jamieson-Fausset-Brown Commentary - 2 John
INFO: SKIP (exists): Jamieson-Fausset-Brown Commentary - 3 John
INFO: SKIP (exists): Jamieson-Fausset-Brown Commentary - Jude
INFO: SKIP (exists): Jamieson-Fausset-Brown Commentary - Revelation
INFO: ============================================================
INFO: Done. 0 ingested, 198 skipped (1.7 min)
