/Users/alexwhitley/Library/Python/3.9/lib/python/site-packages/urllib3/__init__.py:35: NotOpenSSLWarning: urllib3 v2 only supports OpenSSL 1.1.1+, currently the 'ssl' module is compiled with 'LibreSSL 2.8.3'. See: https://github.com/urllib3/urllib3/issues/3020
  warnings.warn(
Loaded 522 phrases from phrase_lookup.json
Processing 82 document(s)

[   2/82  ] John Bevere — Redefining Ministry—Answering God’s Call in the Ma → +2 new refs: ['Luke 17:21', 'Mark 1:15']
[   3/82  ] John Bevere — The Invisible Sin That Destroys Intimacy with God → +1 new refs: ['Hebrews 4:12']
[   4/82  ] John Bevere — The Most Faithful Church in Revelation → +2 new refs: ['Revelation 12:11', 'Revelation 7:14']
[   6/82  ] John Bevere — Your Spiritual Gifts Are Dormant (Here’s How to Ac → +4 new refs: ['1 Corinthians 1:18', 'John 3:3', 'John 3:7', 'Romans 1:16']
[   7/82  ] John Bevere — 7 Reasons Why You're Still A Baby Christian → +5 new refs: ['1 John 4:16', '1 John 4:8', 'Galatians 5:22-23', 'Proverbs 1:7', 'Proverbs 9:10']
[   8/82  ] John Bevere — 98% of Christians Miss This → +3 new refs: ['Ephesians 2:8', 'Luke 17:21', 'Mark 1:15']
[   9/82  ] John Bevere — I Read This Bible Verse Every Morning → +3 new refs: ['Matthew 6:6', 'Proverbs 1:7', 'Proverbs 9:10']
[  10/82  ] John Bevere — Judgment Is Coming For Those Who Distort Scripture → +2 new refs: ['1 John 4:16', '1 John 4:8']
[  14/82  ] John Bevere — This happens when we SPEAK the Word of God → +2 new refs: ['Acts 3:6', 'Philippians 2:10']
[  16/82  ] John Bevere — Your Relationship w/ God Is Boring (and this is wh → +2 new refs: ['John 14:17', 'John 16:13']
[  17/82  ] John Bevere — You've Been Lied To About Heaven. → +2 new refs: ['Proverbs 1:7', 'Proverbs 9:10']
[  18/82  ] Derek Prince — God Wrote Your Scenario → +2 new refs: ['John 3:3', 'John 3:7']
[  19/82  ] Derek Prince — The Harvest Just Ahead → +3 new refs: ['Hosea 6:3', 'James 5:7', 'Joel 2:23']
[  20/82  ] Derek Prince — The Queen Meets the Challenge → +3 new refs: ['Hosea 6:3', 'James 5:7', 'Joel 2:23']
[  21/82  ] Derek Prince — God’s Challenge to a New Generation → +1 new refs: ['Matthew 24:34']
[  22/82  ] Derek Prince — Instruction On Deliverance For Children And Their  → +2 new refs: ['1 John 1:7', 'Hebrews 9:14']
[  23/82  ] Derek Prince — Gifts Of Power And Revelation → +5 new refs: ['1 Corinthians 12:4-11', '1 Corinthians 12:9', '1 Timothy 4:14', 'Acts 8:17', 'Hebrews 6:2']
[  24/82  ] Derek Prince — Perfected Forever → +4 new refs: ['1 Corinthians 14:2', 'Acts 11:16', 'Acts 1:5', 'Acts 2:4']
[  26/82  ] John Bevere — How to Know If You’re Actually Lukewarm → +1 new refs: ['Revelation 3:16']
[  27/82  ] John Bevere — Why Some Christians Will Miss the Rapture → +4 new refs: ['Isaiah 40:3', 'Matthew 3:3', 'Revelation 20:11', 'Revelation 3:16']
[  28/82  ] John Bevere — How to Know If You’re Following the Real Jesus → +2 new refs: ['Proverbs 1:7', 'Proverbs 9:10']
[  29/82  ] John Bevere — How to Maintain a Clear Conscience → +2 new refs: ['1 John 1:7', 'Hebrews 9:14']
[  30/82  ] John Bevere — Obey Even If It’s Painful → +2 new refs: ['Acts 3:6', 'Philippians 2:10']
[  32/82  ] John Bevere — Pursue Jesus as Much as He Pursues You → +4 new refs: ['Acts 3:6', 'Philippians 2:10', 'Proverbs 1:7', 'Proverbs 9:10']
[  35/82  ] John Bevere — Breaking the Chains: Stop Tolerating Sin Today → +3 new refs: ['1 John 2:27', 'Proverbs 1:7', 'Proverbs 9:10']
[  36/82  ] John Bevere — Come Close to God, and He Will Come Close to You → +2 new refs: ['John 3:3', 'John 3:7']
[  37/82  ] John Bevere — Desire and Power: A Journey to Intimacy with God → +2 new refs: ['Proverbs 1:7', 'Proverbs 9:10']
[  40/82  ] John Bevere — Discover Your True Value to God → +1 new refs: ['John 3:16']
[  41/82  ] John Bevere — Do You Want to Be Close to Jesus? → +4 new refs: ['John 3:3', 'John 3:7', 'Proverbs 1:7', 'Proverbs 9:10']
[  42/82  ] John Bevere — Embrace Your Unique Talents and Flourish → +2 new refs: ['James 2:26', 'Philippians 4:7']
[  43/82  ] John Bevere — Evidence That Someone Is in Relationship with Jesu → +3 new refs: ['James 4:7', 'John 3:3', 'John 3:7']
[  44/82  ] John Bevere — Getting Wisdom Is the Best Thing We Can Do → +2 new refs: ['Proverbs 1:7', 'Proverbs 9:10']
[  45/82  ] John Bevere — God’s Approval or Man’s Approval: The Ultimate Cho → +2 new refs: ['Proverbs 1:7', 'Proverbs 9:10']
[  46/82  ] John Bevere — Hidden from Parents, Not from God → +4 new refs: ['Acts 2:17', 'Joel 2:28', 'Proverbs 1:7', 'Proverbs 9:10']
[  47/82  ] John Bevere — How Are You Interpreting Scripture? → +2 new refs: ['1 Timothy 6:12', '2 Timothy 4:7']
[  48/82  ] John Bevere — How to Embrace Biblical Stewardship for a Fulfilli → +3 new refs: ['Ephesians 2:8', 'John 1:12', 'Romans 8:16']
[  49/82  ] John Bevere — I Didn’t Want to Talk About This… → +3 new refs: ['2 Peter 3:10', 'Acts 2:20', 'Joel 2:31']
[  50/82  ] John Bevere — In What Areas of Life Do You Battle Fear? → +2 new refs: ['Proverbs 1:7', 'Proverbs 9:10']
[  51/82  ] John Bevere — Indicators of Your Calling → +2 new refs: ['John 3:3', 'John 3:7']
[  52/82  ] John Bevere — Is God's Will Really Your First Priority? → +1 new refs: ['2 Kings 2:9']
[  54/82  ] John Bevere — Living a Life of Fear and Trembling → +2 new refs: ['Proverbs 1:7', 'Proverbs 9:10']
[  56/82  ] John Bevere — Multiply the Gifts in Your Life with John Bevere → +2 new refs: ['Acts 3:6', 'Philippians 2:10']
[  57/82  ] John Bevere — One Aspect of Living Well Is Finishing Well → +2 new refs: ['Proverbs 1:7', 'Proverbs 9:10']
[  58/82  ] John Bevere — Realizing How Awesome God Is → +3 new refs: ['Isaiah 6:1', 'Luke 24:13', 'Revelation 4:2']
[  59/82  ] John Bevere — Successful Living → +2 new refs: ['Proverbs 1:7', 'Proverbs 9:10']
[  60/82  ] John Bevere — The DANGER of Neglecting Your Gifts → +2 new refs: ['John 3:3', 'John 3:7']
[  61/82  ] John Bevere — The Fear of the Lord Is My Treasure → +4 new refs: ['Acts 2:4', 'Acts 3:6', 'Ephesians 5:18', 'Philippians 2:10']
[  63/82  ] John Bevere — The Keys to Finishing Well in Life → +6 new refs: ['1 Timothy 6:12', '2 Timothy 4:7', 'Acts 3:6', 'Philippians 2:10', 'Proverbs 1:7', 'Proverbs 9:10']
[  67/82  ] John Bevere — The Process of Sanctification → +2 new refs: ['1 John 1:7', 'Hebrews 9:14']
[  68/82  ] John Bevere — The Secret to Elevating Your Thoughts, Intentions, → +3 new refs: ['Proverbs 1:7', 'Proverbs 9:10', 'Psalm 16:11']
[  70/82  ] John Bevere — This Is What Happens If You Don’t Fear the Lord → +2 new refs: ['Proverbs 1:7', 'Proverbs 9:10']
[  71/82  ] John Bevere — Understanding Life's True Value → +2 new refs: ['Proverbs 1:7', 'Proverbs 9:10']
[  72/82  ] John Bevere — Unforgettable Encounter with God: Frozen in Awe → +1 new refs: ['Matthew 6:6']
[  73/82  ] John Bevere — Unmasking Deception: The Key to Living in Truth → +2 new refs: ['Proverbs 1:7', 'Proverbs 9:10']
[  76/82  ] John Bevere — Why You Are Not Experiencing the Presence of God → +6 new refs: ['2 Corinthians 3:18', 'Luke 17:21', 'Mark 1:15', 'Proverbs 1:7', 'Proverbs 9:10', 'Psalm 16:11']
[  77/82  ] John Bevere — Why You Can't Stop Sinning (and how to stop) → +1 new refs: ['Ephesians 2:8']
[  79/82  ] John Bevere — You’ll Wish Someone Told You This Sooner... → +2 new refs: ['Luke 17:21', 'Mark 1:15']
[  80/82  ] Michael Brown — Dr. Brown Responds to Phil Johnson's Strange Fire  → +2 new refs: ['Acts 3:6', 'Philippians 2:10']

================================================================
SUMMARY
================================================================
  Total processed: 82
  Updated:         58
  New refs added:  147
  Failed:          0
