/Users/alexwhitley/Library/Python/3.9/lib/python/site-packages/urllib3/__init__.py:35: NotOpenSSLWarning: urllib3 v2 only supports OpenSSL 1.1.1+, currently the 'ssl' module is compiled with 'LibreSSL 2.8.3'. See: https://github.com/urllib3/urllib3/issues/3020
  warnings.warn(
Loaded 522 phrases from phrase_lookup.json
Processing 5 document(s) [doc+chunk] (dry run)

[   1/5   ] [DRY] Matthew Henry — Matthew Henry's Commentary - Genesis → +5 doc refs: ['1 Corinthians 1:18', 'John 10:11', 'John 8:12', 'Matthew 5:14', 'Romans 1:16']
[   1/5   ] [DRY]   chunks: 70/239 updated, +154 refs
[   2/5   ] [DRY] Adam Clarke — Adam Clarke's Commentary - Genesis → +1 doc refs: ['Revelation 22:13']
[   2/5   ] [DRY]   chunks: 51/877 updated, +106 refs
[   3/5   ] [DRY]   chunks: 11/529 updated, +15 refs
[   4/5   ] [DRY] Matthew Henry — Matthew Henry's Commentary - John → +14 doc refs: ['2 Corinthians 3:18', 'Acts 2:43', 'Acts 5:12', 'Daniel 3:20-25', 'Exodus 25:8-9', 'Galatians 4:5', 'Hebrews 2:4', 'John 1:12'] ...
[   4/5   ] [DRY]   chunks: 79/96 updated, +377 refs
[   5/5   ] [DRY] Adam Clarke — Adam Clarke's Commentary - John → +1 doc refs: ['John 11:25']
[   5/5   ] [DRY]   chunks: 106/746 updated, +213 refs

================================================================
SUMMARY
================================================================
  Total processed: 5
  Docs updated:    4
  New doc refs:    21
  Chunks updated:  317
  New chunk refs:  865
  Failed:          0
