/Users/alexwhitley/Library/Python/3.9/lib/python/site-packages/urllib3/__init__.py:35: NotOpenSSLWarning: urllib3 v2 only supports OpenSSL 1.1.1+, currently the 'ssl' module is compiled with 'LibreSSL 2.8.3'. See: https://github.com/urllib3/urllib3/issues/3020
  warnings.warn(
Loaded 522 phrases from phrase_lookup.json
Processing 582 document(s) [doc+chunk] (force)

[   1/582 ] John Bevere — I've Never Shared My Opinion on This → +3 doc refs: ['2 Peter 3:10', 'Acts 2:20', 'Joel 2:31']
[   1/582 ]   chunks: 12/42 updated, +34 refs
[   2/582 ]   chunks: 3/36 updated, +6 refs
[   3/582 ]   chunks: 6/49 updated, +10 refs
[   4/582 ]   chunks: 8/25 updated, +16 refs
[   5/582 ] John Bevere, Rick Renner — The Rapture, The Antichrist, The Mark of the Beast → +1 doc refs: ['Revelation 13:16-17']
[   5/582 ]   chunks: 12/48 updated, +14 refs
[   6/582 ] John Bevere — These End Times Timelines Are All Lining Up at Onc → +3 doc refs: ['2 Peter 3:10', 'Acts 2:20', 'Joel 2:31']
[   6/582 ]   chunks: 8/31 updated, +15 refs
[   7/582 ]   chunks: 4/36 updated, +8 refs
[   9/582 ] Paul K., Nneka H., Tiffany C., Shabaka W. — Nine Functions of Prophetic Words → +1 doc refs: ['1 Corinthians 12:8']
[   9/582 ]   chunks: 2/6 updated, +3 refs
[  10/582 ]   chunks: 2/8 updated, +4 refs
[  11/582 ]   chunks: 2/10 updated, +4 refs
[  12/582 ]   chunks: 4/17 updated, +8 refs
[  13/582 ] Derek Prince — Baptism into the Person of the Holy Spirit → +11 doc refs: ['Acts 11:16', 'Acts 1:4', 'Acts 1:5', 'Acts 2:17', 'Acts 2:4', 'Joel 2:28', 'John 14:12', 'John 14:17'] ...
[  13/582 ]   chunks: 7/10 updated, +24 refs
[  14/582 ] Scott Woodard — Processing Your Prophecy → +3 doc refs: ['1 Corinthians 12:10', '1 Corinthians 12:9', '1 Corinthians 14:13']
[  14/582 ]   chunks: 2/11 updated, +5 refs
[  15/582 ] John Bevere — A Prophetic Warning from Jesus to the End Time Chu → +3 doc refs: ['1 Corinthians 15:52', 'Jonah 1:17', 'Matthew 12:40']
[  15/582 ]   chunks: 7/19 updated, +21 refs
[  16/582 ]   chunks: 5/21 updated, +9 refs
[  17/582 ]   chunks: 9/21 updated, +15 refs
[  18/582 ] John Bevere — Most People NEVER Fulfill Their Calling – I'll Sho → +1 doc refs: ['Ephesians 2:8']
[  18/582 ]   chunks: 3/16 updated, +9 refs
[  19/582 ]   chunks: 1/6 updated, +2 refs
[  20/582 ] John Bevere — The Ancient Wedding That Explains the End Times → +3 doc refs: ['2 Peter 3:10', 'Acts 2:20', 'Joel 2:31']
[  20/582 ]   chunks: 10/19 updated, +31 refs
[  21/582 ]   chunks: 2/6 updated, +3 refs
[  22/582 ]   chunks: 3/20 updated, +3 refs
[  23/582 ]   chunks: 7/14 updated, +15 refs
[  24/582 ]   chunks: 1/19 updated, +2 refs
[  25/582 ] John Bevere — If You Can’t Hear God’s Voice, This is For You → +2 doc refs: ['Acts 3:6', 'Philippians 2:10']
[  25/582 ]   chunks: 9/20 updated, +27 refs
[  26/582 ] John Bevere — The Antichrist, Nephilim & the State of the Church → +4 doc refs: ['Acts 1:12', 'Romans 8:14', 'Romans 8:19', 'Zechariah 14:4']
[  26/582 ]   chunks: 11/17 updated, +27 refs
[  27/582 ] John Bevere — The Bible Warns Us About the TIMING of Jesus’ Retu → +3 doc refs: ['2 Peter 3:10', 'Acts 2:20', 'Joel 2:31']
[  27/582 ]   chunks: 6/17 updated, +10 refs
[  28/582 ] John Bevere — The Biggest Revival in History is About to Happen → +9 doc refs: ['Acts 2:17', 'Hosea 6:3', 'Isaiah 61:1-2', 'James 5:7', 'Joel 2:28', 'Leviticus 25:10', 'Matthew 24:8', 'Proverbs 1:7'] ...
[  28/582 ]   chunks: 16/17 updated, +89 refs
[  29/582 ]   chunks: 6/20 updated, +13 refs
[  30/582 ] John Bevere — The Man Who Will Fool The Entire World Is Alive To → +6 doc refs: ['Acts 2:4', 'Ephesians 5:18', 'Ephesians 6:12', 'Isaiah 61:1-2', 'Leviticus 25:10', 'Matthew 16:18']
[  30/582 ]   chunks: 12/19 updated, +42 refs
[  31/582 ] John Bevere — The Rapture Won't Happen How You Think → +5 doc refs: ['Acts 2:20', 'Hosea 6:3', 'James 5:7', 'Joel 2:23', 'Joel 2:31']
[  31/582 ]   chunks: 13/21 updated, +44 refs
[  32/582 ]   chunks: 7/17 updated, +15 refs
[  33/582 ]   chunks: 7/19 updated, +14 refs
[  34/582 ]   chunks: 2/4 updated, +7 refs
[  35/582 ]   chunks: 1/18 updated, +2 refs
[  36/582 ] John Bevere — How Your Life CHANGES Future Generations → +5 doc refs: ['2 Corinthians 3:18', 'Matthew 6:10', 'Proverbs 1:7', 'Proverbs 9:10', 'Psalm 16:11']
[  36/582 ]   chunks: 9/13 updated, +23 refs
[  37/582 ]   chunks: 3/15 updated, +10 refs
[  38/582 ]   chunks: 5/16 updated, +10 refs
[  39/582 ]   chunks: 6/19 updated, +11 refs
[  40/582 ] John Bevere — Rewards in Heaven Aren’t All the Same. → +5 doc refs: ['John 3:3', 'John 3:7', 'Luke 17:21', 'Mark 1:15', 'Matthew 6:6']
[  40/582 ]   chunks: 4/20 updated, +7 refs
[  43/582 ] John Bevere — The Real Reason Christians Are So Disliked → +2 doc refs: ['1 Corinthians 1:18', 'Romans 1:16']
[  43/582 ]   chunks: 1/9 updated, +2 refs
[  44/582 ]   chunks: 7/19 updated, +18 refs
[  45/582 ] John Bevere — The Secret to Breaking Sin's Grip on Your Life → +2 doc refs: ['John 3:3', 'John 3:7']
[  45/582 ]   chunks: 7/17 updated, +17 refs
[  47/582 ]   chunks: 4/17 updated, +7 refs
[  48/582 ]   chunks: 6/23 updated, +10 refs
[  49/582 ]   chunks: 6/24 updated, +13 refs
[  50/582 ] Derek Prince — Results Produced by Lucifer's Rebellion → +4 doc refs: ['Exodus 25:17', 'Exodus 25:8-9', 'Genesis 2:8', 'Hebrews 9:5']
[  50/582 ]   chunks: 7/24 updated, +15 refs
[  51/582 ]   chunks: 9/27 updated, +12 refs
[  52/582 ] Derek Prince — Adam’s Fall and Its Results → +1 doc refs: ['Genesis 2:8']
[  52/582 ]   chunks: 6/22 updated, +13 refs
[  53/582 ]   chunks: 9/25 updated, +20 refs
[  54/582 ] Derek Prince — Jesus The Last Adam → +1 doc refs: ['John 19:30']
[  54/582 ]   chunks: 9/23 updated, +16 refs
[  55/582 ]   chunks: 5/24 updated, +9 refs
[  56/582 ] Derek Prince — Jesus Tasted Death In All Its Phases → +3 doc refs: ['2 Corinthians 5:21', 'Isaiah 53:4', 'Matthew 8:17']
[  56/582 ]   chunks: 9/21 updated, +16 refs
[  57/582 ] Derek Prince — The Cross Canceled Satan’s Claims → +1 doc refs: ['2 Corinthians 5:21']
[  57/582 ]   chunks: 16/28 updated, +56 refs
[  58/582 ] Derek Prince — Jesus The Second Man → +1 doc refs: ['John 19:30']
[  58/582 ]   chunks: 6/22 updated, +9 refs
[  59/582 ] Derek Prince — God’s Purpose For The New Race → +2 doc refs: ['Ezekiel 37:9', 'Genesis 2:7']
[  59/582 ]   chunks: 8/21 updated, +19 refs
[  60/582 ] Derek Prince — Five Ways Christ Undoes Satan’s Work → +4 doc refs: ['Ezekiel 37:9', 'Genesis 2:7', 'John 3:3', 'John 3:7']
[  60/582 ]   chunks: 13/22 updated, +41 refs
[  61/582 ] Derek Prince — God’s Program For The Close Of The Age (Part 1) → +6 doc refs: ['Acts 3:6', 'Colossians 3:10', 'Ephesians 4:24', 'Philippians 2:10', 'Romans 8:14', 'Romans 8:19']
[  61/582 ]   chunks: 8/27 updated, +18 refs
[  62/582 ]   chunks: 9/26 updated, +23 refs
[  63/582 ] Derek Prince — Satan’s Program For The Close Of The Age → +1 doc refs: ['James 4:7']
[  63/582 ]   chunks: 6/23 updated, +10 refs
[  64/582 ]   chunks: 9/25 updated, +13 refs
[  65/582 ] Derek Prince — Spiritual Weapons - The Blood, the Word, Our Testi → +5 doc refs: ['2 Corinthians 10:5', 'Exodus 12:21', 'Hebrews 9:14', 'John 1:29', 'Revelation 7:14']
[  65/582 ]   chunks: 23/25 updated, +80 refs
[  66/582 ] Derek Prince — God’s Word: The Spirit’s Sword → +2 doc refs: ['1 John 1:7', 'Hebrews 9:14']
[  66/582 ]   chunks: 10/25 updated, +16 refs
[  67/582 ] Derek Prince — The Gospel Of The Kingdom For All Nations → +5 doc refs: ['Acts 1:12', 'Ephesians 6:14', 'Ephesians 6:16', 'Ephesians 6:17', 'Zechariah 14:4']
[  67/582 ]   chunks: 14/23 updated, +35 refs
[  68/582 ] Derek Prince — The Power Of Personal Testimony → +9 doc refs: ['2 Corinthians 10:4', 'Acts 11:16', 'Acts 1:13', 'Acts 2:1', 'Acts 2:4', 'Ephesians 6:17', 'Matthew 24:14', 'Matthew 4:23'] ...
[  68/582 ]   chunks: 13/25 updated, +43 refs
[  69/582 ] Derek Prince — Triumphant Praise → +5 doc refs: ['2 Corinthians 10:5', 'Ephesians 6:17', 'Matthew 24:14', 'Matthew 4:23', 'Revelation 7:14']
[  69/582 ]   chunks: 7/25 updated, +15 refs
[  70/582 ]   chunks: 6/24 updated, +10 refs
[  71/582 ]   chunks: 28/46 updated, +46 refs
[  72/582 ] Derek Prince — Weapons Of Attack → +6 doc refs: ['2 Corinthians 10:4', 'Ephesians 6:14', 'Ephesians 6:16', 'Ephesians 6:17', 'Luke 17:21', 'Mark 1:15']
[  72/582 ]   chunks: 17/29 updated, +69 refs
[  73/582 ] Derek Prince — Aggressive Prayer → +19 doc refs: ['1 Corinthians 5:7', '1 John 1:7', '2 Corinthians 10:4', 'Acts 3:6', 'Ephesians 6:11', 'Ephesians 6:14', 'Ephesians 6:16', 'Ephesians 6:17'] ...
[  73/582 ]   chunks: 11/27 updated, +37 refs
[  74/582 ] Derek Prince — Preparation For Praise → +1 doc refs: ['Exodus 25:8-9']
[  74/582 ]   chunks: 15/20 updated, +36 refs
[  75/582 ] Derek Prince — Triune Man At Creation → +1 doc refs: ['1 Thessalonians 5:17']
[  75/582 ]   chunks: 5/19 updated, +9 refs
[  76/582 ]   chunks: 6/19 updated, +10 refs
[  77/582 ] Derek Prince — The Nature Of The Regenerated Spirit → +1 doc refs: ['Psalm 16:11']
[  77/582 ]   chunks: 14/23 updated, +43 refs
[  78/582 ]   chunks: 28/52 updated, +74 refs
[  79/582 ] Derek Prince — The Tabernacle: A Pattern Of Spirit, Soul And Body → +11 doc refs: ['1 John 1:7', 'Exodus 26:33', 'Exodus 30:1', 'Hebrews 8:8', 'Hebrews 9:14', 'Hebrews 9:3', 'Jeremiah 31:31', 'Leviticus 16:30'] ...
[  79/582 ]   chunks: 15/24 updated, +64 refs
[  80/582 ] Derek Prince — God’s Provision For The Believer’s Body → +2 doc refs: ['1 Peter 1:19', 'Ezekiel 37:9']
[  80/582 ]   chunks: 13/18 updated, +35 refs
[  81/582 ]   chunks: 7/23 updated, +15 refs
[  82/582 ]   chunks: 6/26 updated, +10 refs
[  83/582 ]   chunks: 20/58 updated, +38 refs
[  84/582 ]   chunks: 12/24 updated, +36 refs
[  85/582 ]   chunks: 7/31 updated, +21 refs
[  86/582 ]   chunks: 6/26 updated, +10 refs
[  87/582 ]   chunks: 1/24 updated, +3 refs
[  88/582 ]   chunks: 5/26 updated, +9 refs
[  89/582 ] Derek Prince — Analysis of Hebrews: Chapter 3 → +3 doc refs: ['Acts 2:43', 'Acts 5:12', 'Hebrews 2:4']
[  89/582 ]   chunks: 6/24 updated, +8 refs
[  90/582 ] Derek Prince — Analysis of Hebrews: Chapter 4 → +2 doc refs: ['Proverbs 1:7', 'Proverbs 9:10']
[  90/582 ]   chunks: 16/52 updated, +28 refs
[  91/582 ]   chunks: 3/27 updated, +5 refs
[  92/582 ]   chunks: 9/30 updated, +39 refs
[  93/582 ]   chunks: 4/28 updated, +7 refs
[  94/582 ] Derek Prince — Analysis of Hebrews: Chapter 7 Cont → +2 doc refs: ['Acts 1:12', 'Zechariah 14:4']
[  94/582 ]   chunks: 9/28 updated, +22 refs
[  95/582 ]   chunks: 11/26 updated, +30 refs
[  96/582 ] Derek Prince — Analysis of Hebrews: Chapter 8 Cont → +1 doc refs: ['Exodus 25:8-9']
[  96/582 ]   chunks: 11/24 updated, +37 refs
[  97/582 ] Derek Prince — Analysis of Hebrews: Chapter 9 → +4 doc refs: ['Exodus 26:33', 'Exodus 30:1', 'Hebrews 9:3', 'Revelation 8:3']
[  97/582 ]   chunks: 15/24 updated, +41 refs
[  98/582 ]   chunks: 11/27 updated, +34 refs
[  99/582 ]   chunks: 9/23 updated, +27 refs
[ 100/582 ] Derek Prince — Analysis of Hebrews: Chapter 10 Cont → +2 doc refs: ['1 John 1:7', 'Hebrews 9:14']
[ 100/582 ]   chunks: 11/27 updated, +32 refs
[ 101/582 ] Derek Prince — Analysis of Hebrews: Chapter 10 & 11 → +2 doc refs: ['Luke 17:21', 'Mark 1:15']
[ 101/582 ]   chunks: 8/25 updated, +11 refs
[ 102/582 ]   chunks: 2/26 updated, +4 refs
[ 103/582 ]   chunks: 4/25 updated, +6 refs
[ 104/582 ] Derek Prince — Analysis of Hebrews: Chapter 11 & 12 → +4 doc refs: ['1 John 1:7', 'Hebrews 9:14', 'John 1:29', 'Revelation 7:14']
[ 104/582 ]   chunks: 10/27 updated, +18 refs
[ 105/582 ] Derek Prince — Analysis of Hebrews: Chapter 12 Cont → +2 doc refs: ['Revelation 21:7', 'Revelation 2:7']
[ 105/582 ]   chunks: 6/24 updated, +18 refs
[ 106/582 ]   chunks: 12/26 updated, +29 refs
[ 107/582 ]   chunks: 15/30 updated, +30 refs
[ 108/582 ] Derek Prince — Entrance Into God’s Kingdom → +4 doc refs: ['1 John 2:27', 'Ephesians 6:17', 'Luke 17:21', 'Mark 1:15']
[ 108/582 ]   chunks: 17/28 updated, +52 refs
[ 109/582 ]   chunks: 7/22 updated, +26 refs
[ 110/582 ] Derek Prince — How Spiritual Gifts Operate → +7 doc refs: ['1 Corinthians 12:10', '1 Corinthians 12:8', '1 Corinthians 14:13', '1 Corinthians 14:2', 'Acts 2:4', 'Acts 3:6', 'Philippians 2:10']
[ 110/582 ]   chunks: 13/14 updated, +18 refs
[ 111/582 ] Derek Prince — Testimonies of Miraculous Healings → +2 doc refs: ['1 Corinthians 12:10', '1 Corinthians 12:9']
[ 111/582 ]   chunks: 8/31 updated, +15 refs
[ 112/582 ] Derek Prince — Repentance → +2 doc refs: ['Acts 3:6', 'Philippians 2:10']
[ 112/582 ]   chunks: 7/20 updated, +12 refs
[ 113/582 ] Derek Prince — The New Birth → +3 doc refs: ['John 3:3', 'Luke 17:21', 'Mark 1:15']
[ 113/582 ]   chunks: 13/21 updated, +32 refs
[ 114/582 ] Derek Prince — Water Baptism → +1 doc refs: ['1 John 2:27']
[ 114/582 ]   chunks: 10/21 updated, +28 refs
[ 115/582 ]   chunks: 5/18 updated, +13 refs
[ 116/582 ] Derek Prince — Explanation Of Greek Word Charisma → +3 doc refs: ['1 Corinthians 12:10', '1 Corinthians 12:8', '1 Corinthians 14:13']
[ 116/582 ]   chunks: 6/22 updated, +10 refs
[ 117/582 ] Derek Prince — Charisma - Genus and Species → +4 doc refs: ['1 Corinthians 6:19', 'Acts 11:16', 'Acts 1:5', 'Acts 2:4']
[ 117/582 ]   chunks: 11/28 updated, +20 refs
[ 118/582 ] Derek Prince — Gifts of Revelation and A Word of Wisdom → +4 doc refs: ['1 Corinthians 14:2', 'Acts 11:16', 'Acts 1:5', 'Acts 2:4']
[ 118/582 ]   chunks: 15/23 updated, +26 refs
[ 119/582 ] Derek Prince — A Word of Knowledge and Discerning of Spirits → +3 doc refs: ['1 Corinthians 12:8', 'John 4:10', 'John 7:38']
[ 119/582 ]   chunks: 13/24 updated, +20 refs
[ 120/582 ] Derek Prince — Gifts of Power - Faith → +5 doc refs: ['1 Corinthians 12:4-11', '1 Corinthians 12:8', '1 Corinthians 12:9', 'Galatians 5:22-23', 'Romans 10:17']
[ 120/582 ]   chunks: 11/21 updated, +23 refs
[ 121/582 ] Derek Prince — Gifts of Healings and Workings of Miracles → +1 doc refs: ['1 Corinthians 12:9']
[ 121/582 ]   chunks: 14/22 updated, +27 refs
[ 122/582 ] Derek Prince — Vocal Gifts - An Unknown Tongue → +3 doc refs: ['1 Corinthians 12:10', '1 Corinthians 12:8', '1 Corinthians 12:9']
[ 122/582 ]   chunks: 40/48 updated, +128 refs
[ 123/582 ] Derek Prince — An Unknown Tongue - Occasional, Continual → +4 doc refs: ['1 Corinthians 14:2', 'Acts 11:16', 'Acts 1:5', 'Acts 2:4']
[ 123/582 ]   chunks: 32/54 updated, +110 refs
[ 124/582 ] Derek Prince — Kinds Of Tongues And Interpretation Of Tongues → +3 doc refs: ['1 Corinthians 12:4-11', '1 Corinthians 12:8', '1 Corinthians 12:9']
[ 124/582 ]   chunks: 14/28 updated, +34 refs
[ 125/582 ] Derek Prince — The Gift Of Prophecy → +2 doc refs: ['1 Corinthians 12:10', '1 Corinthians 14:13']
[ 125/582 ]   chunks: 9/26 updated, +22 refs
[ 126/582 ]   chunks: 9/26 updated, +21 refs
[ 127/582 ]   chunks: 11/24 updated, +30 refs
[ 128/582 ]   chunks: 24/38 updated, +80 refs
[ 129/582 ] Derek Prince — Holy Spirit: Before and After Pentecost → +1 doc refs: ['Acts 11:16']
[ 129/582 ]   chunks: 26/36 updated, +81 refs
[ 130/582 ] Derek Prince — The Holy Spirit and the Bride → +2 doc refs: ['John 14:26', 'John 15:26']
[ 130/582 ]   chunks: 3/21 updated, +6 refs
[ 131/582 ] Derek Prince — The Holy Spirit Is A Person → +5 doc refs: ['1 Corinthians 12:4-11', '1 Corinthians 14:2', 'Acts 11:16', 'Acts 1:5', 'Acts 2:4']
[ 131/582 ]   chunks: 13/27 updated, +40 refs
[ 132/582 ]   chunks: 14/31 updated, +45 refs
[ 133/582 ]   chunks: 30/54 updated, +66 refs
[ 134/582 ] Derek Prince — Seven Basic Conditions For Answered Prayer → +3 doc refs: ['Acts 3:6', 'Philippians 2:10', 'Psalm 16:11']
[ 134/582 ]   chunks: 14/25 updated, +36 refs
[ 135/582 ] Derek Prince — Intervening By Prayer In National Affairs → +3 doc refs: ['Acts 3:6', 'Hebrews 4:16', 'Philippians 2:10']
[ 135/582 ]   chunks: 8/27 updated, +15 refs
[ 136/582 ] Derek Prince — Spiritual Weapons For Spiritual Warfare → +2 doc refs: ['Acts 3:6', 'Philippians 2:10']
[ 136/582 ]   chunks: 28/48 updated, +76 refs
[ 137/582 ]   chunks: 17/23 updated, +58 refs
[ 138/582 ] Derek Prince — Epilogue: The Glorious Church → +5 doc refs: ['1 John 1:7', '1 Peter 1:18-19', 'Hebrews 9:14', 'John 3:3', 'John 3:7']
[ 138/582 ]   chunks: 16/27 updated, +43 refs
[ 139/582 ] Derek Prince — God Demands Holiness in His People → +1 doc refs: ['1 Chronicles 16:29']
[ 139/582 ]   chunks: 5/21 updated, +10 refs
[ 140/582 ] Derek Prince — God’s Provision for Holiness → +6 doc refs: ['1 Chronicles 16:29', 'Acts 11:16', 'Acts 1:5', 'Acts 2:4', 'Ephesians 4:13', 'Psalm 96:9']
[ 140/582 ]   chunks: 13/23 updated, +35 refs
[ 141/582 ] Derek Prince — How God’s Provision Works in Our Lives → +4 doc refs: ['1 Chronicles 16:29', '1 John 1:7', 'Hebrews 9:14', 'Psalm 96:9']
[ 141/582 ]   chunks: 8/23 updated, +26 refs
[ 142/582 ] Derek Prince — How You May Sanctify Yourself → +6 doc refs: ['1 Chronicles 16:29', '1 John 1:7', '2 Chronicles 7:1', 'Exodus 40:34', 'Hebrews 9:14', 'Psalm 96:9']
[ 142/582 ]   chunks: 7/19 updated, +12 refs
[ 143/582 ] Derek Prince — Christian Principles Of Finance → +2 doc refs: ['Habakkuk 2:4', 'Romans 1:17']
[ 143/582 ]   chunks: 7/29 updated, +15 refs
[ 144/582 ] Derek Prince — The Helmet Of Hope → +1 doc refs: ['Matthew 28:19-20']
[ 144/582 ]   chunks: 8/20 updated, +12 refs
[ 145/582 ] Derek Prince — Decision, Not Emotion → +2 doc refs: ['Acts 11:16', 'Acts 1:5']
[ 145/582 ]   chunks: 14/31 updated, +30 refs
[ 146/582 ]   chunks: 11/31 updated, +13 refs
[ 147/582 ] Derek Prince — Use And Abuse Of The Tongue → +6 doc refs: ['Acts 2:4', 'Ephesians 5:18', 'Ephesians 5:25-27', 'Proverbs 1:7', 'Proverbs 9:10', 'Revelation 19:7']
[ 147/582 ]   chunks: 8/31 updated, +20 refs
[ 148/582 ] Derek Prince — Let Us Go On To Perfection → +9 doc refs: ['1 John 1:7', '1 Peter 1:19', '1 Timothy 4:14', 'Acts 11:16', 'Acts 1:5', 'Acts 2:4', 'Acts 8:17', 'Hebrews 6:2'] ...
[ 148/582 ]   chunks: 9/18 updated, +32 refs
[ 149/582 ] Derek Prince — The Symbolism Of The Tabernacle → +8 doc refs: ['1 John 1:7', 'Acts 3:6', 'Exodus 26:33', 'Hebrews 9:14', 'Hebrews 9:3', 'John 14:26', 'John 15:26', 'Philippians 2:10']
[ 149/582 ]   chunks: 20/30 updated, +66 refs
[ 150/582 ] Derek Prince — The Outer Court → +13 doc refs: ['1 John 1:7', 'Acts 3:6', 'Exodus 25:17', 'Exodus 30:1', 'Hebrews 8:8', 'Hebrews 9:14', 'Hebrews 9:5', 'Jeremiah 31:31'] ...
[ 150/582 ]   chunks: 7/14 updated, +25 refs
[ 151/582 ] Derek Prince — The Holy Place → +8 doc refs: ['Exodus 26:33', 'Exodus 40:34', 'Hebrews 8:8', 'Hebrews 9:3', 'Jeremiah 31:31', 'John 1:12', 'Luke 22:20', 'Romans 8:16']
[ 151/582 ]   chunks: 10/20 updated, +30 refs
[ 152/582 ] Derek Prince — The Holy Of Holies → +9 doc refs: ['Exodus 26:33', 'Exodus 30:1', 'Exodus 40:34', 'Hebrews 9:3', 'Jeremiah 31:31', 'John 1:12', 'Luke 22:20', 'Revelation 8:3'] ...
[ 152/582 ]   chunks: 15/18 updated, +44 refs
[ 153/582 ] Derek Prince — The Mercy Seat → +12 doc refs: ['1 Peter 1:18-19', 'Ephesians 4:22', 'Exodus 25:17', 'Exodus 26:33', 'Exodus 30:1', 'Hebrews 8:8', 'Hebrews 9:3', 'Hebrews 9:5'] ...
[ 153/582 ]   chunks: 15/18 updated, +69 refs
[ 154/582 ] Derek Prince — Four Great Blessings Of The New Covenant → +12 doc refs: ['1 Peter 1:18-19', 'Ephesians 4:22', 'Exodus 25:17', 'Exodus 26:33', 'Exodus 30:1', 'Hebrews 8:8', 'Hebrews 9:3', 'Hebrews 9:5'] ...
[ 154/582 ]   chunks: 13/18 updated, +59 refs
[ 155/582 ] Derek Prince — Four Chief Requirements Of The True Worshiper → +9 doc refs: ['1 Peter 1:18-19', 'Ephesians 4:22', 'Exodus 25:17', 'Exodus 26:33', 'Exodus 30:1', 'Hebrews 9:3', 'Hebrews 9:5', 'Revelation 8:3'] ...
[ 155/582 ]   chunks: 6/18 updated, +24 refs
[ 156/582 ]   chunks: 3/23 updated, +4 refs
[ 157/582 ]   chunks: 3/19 updated, +9 refs
[ 158/582 ]   chunks: 3/18 updated, +5 refs
[ 159/582 ]   chunks: 9/26 updated, +16 refs
[ 160/582 ] Derek Prince — From Rejection To Acceptance → +2 doc refs: ['Acts 1:5', 'Acts 2:4']
[ 160/582 ]   chunks: 16/52 updated, +32 refs
[ 161/582 ] Derek Prince — The Grace Of Yielding → +1 doc refs: ['James 4:7']
[ 161/582 ]   chunks: 11/29 updated, +17 refs
[ 162/582 ] Derek Prince — We Are A Kingdom Of Priests → +5 doc refs: ['Acts 11:16', 'Acts 1:5', 'Acts 2:4', 'Acts 3:6', 'Philippians 2:10']
[ 162/582 ]   chunks: 13/29 updated, +43 refs
[ 163/582 ]   chunks: 11/30 updated, +17 refs
[ 164/582 ]   chunks: 8/25 updated, +14 refs
[ 165/582 ] Derek Prince — United Fasting For Restoration → +2 doc refs: ['Jonah 1:17', 'Matthew 12:40']
[ 165/582 ]   chunks: 13/31 updated, +23 refs
[ 166/582 ] Derek Prince — Crisis Calls For Fasting → +2 doc refs: ['Ephesians 3:19', 'Matthew 6:6']
[ 166/582 ]   chunks: 6/17 updated, +8 refs
[ 167/582 ] Derek Prince — How To Fast Successfully → +2 doc refs: ['Leviticus 16:30', 'Leviticus 23:27']
[ 167/582 ]   chunks: 6/29 updated, +12 refs
[ 168/582 ] Derek Prince — Endurance → +2 doc refs: ['Acts 1:12', 'Zechariah 14:4']
[ 168/582 ]   chunks: 6/18 updated, +10 refs
[ 169/582 ] Derek Prince — Seven Steps To Christian Love → +4 doc refs: ['1 Corinthians 14:2', 'Acts 11:16', 'Acts 1:5', 'Acts 2:4']
[ 169/582 ]   chunks: 4/24 updated, +11 refs
[ 170/582 ] Derek Prince — The Eternal Unchanging Word → +2 doc refs: ['Acts 3:6', 'Philippians 2:10']
[ 170/582 ]   chunks: 5/13 updated, +8 refs
[ 171/582 ] Derek Prince — To Get the Most Out of Life - Set Your Affections  → +2 doc refs: ['Galatians 2:20', 'Luke 12:48']
[ 171/582 ]   chunks: 5/23 updated, +9 refs
[ 172/582 ]   chunks: 9/23 updated, +31 refs
[ 173/582 ] Derek Prince — Spiritual Blindness - Cause and Cure → +1 doc refs: ['2 Corinthians 5:21']
[ 173/582 ]   chunks: 18/46 updated, +30 refs
[ 174/582 ] Derek Prince — Thankfulness → +5 doc refs: ['1 Thessalonians 5:17', '1 Thessalonians 5:19', 'Acts 3:6', 'Philippians 2:10', 'Philippians 4:7']
[ 174/582 ]   chunks: 8/19 updated, +16 refs
[ 175/582 ]   chunks: 3/25 updated, +3 refs
[ 176/582 ] Derek Prince — The Conditions → +1 doc refs: ['Habakkuk 2:4']
[ 176/582 ]   chunks: 4/27 updated, +7 refs
[ 177/582 ] Derek Prince — The Purposes → +3 doc refs: ['Colossians 3:10', 'Ephesians 4:24', 'John 19:30']
[ 177/582 ]   chunks: 9/21 updated, +14 refs
[ 178/582 ] Derek Prince — Progressive Commitment → +3 doc refs: ['Exodus 25:8-9', 'Exodus 26:33', 'Hebrews 9:3']
[ 178/582 ]   chunks: 3/21 updated, +5 refs
[ 179/582 ]   chunks: 1/19 updated, +2 refs
[ 181/582 ] Derek Prince — A Prudent Wife Is from the Lord → +3 doc refs: ['Exodus 26:33', 'Hebrews 9:3', 'Revelation 19:9']
[ 181/582 ]   chunks: 5/28 updated, +10 refs
[ 182/582 ]   chunks: 2/20 updated, +2 refs
[ 183/582 ]   chunks: 4/21 updated, +4 refs
[ 184/582 ] Derek Prince — Times And Seasons → +1 doc refs: ['Romans 8:17']
[ 184/582 ]   chunks: 5/17 updated, +11 refs
[ 186/582 ]   chunks: 4/23 updated, +7 refs
[ 187/582 ]   chunks: 8/21 updated, +13 refs
[ 188/582 ] Derek Prince — Communion In Its Fullness → +3 doc refs: ['Hebrews 8:8', 'Jeremiah 31:31', 'Luke 22:20']
[ 188/582 ]   chunks: 9/23 updated, +18 refs
[ 189/582 ] Derek Prince — The Fatherhood Of God → +2 doc refs: ['John 3:3', 'John 3:7']
[ 189/582 ]   chunks: 5/24 updated, +8 refs
[ 190/582 ]   chunks: 8/62 updated, +20 refs
[ 191/582 ] Derek Prince — Human Fatherhood - Spiritual → +2 doc refs: ['1 Timothy 2:1', 'Romans 8:26-27']
[ 191/582 ]   chunks: 12/44 updated, +36 refs
[ 192/582 ] Derek Prince — A Call To Corporate Fasting → +2 doc refs: ['Acts 2:4', 'Ephesians 5:18']
[ 192/582 ]   chunks: 10/24 updated, +19 refs
[ 193/582 ] Derek Prince — The Secret Council Of The Godhead → +2 doc refs: ['Proverbs 1:7', 'Proverbs 9:10']
[ 193/582 ]   chunks: 8/25 updated, +15 refs
[ 194/582 ] Derek Prince — Motivation for Living To Do God’s Will → +2 doc refs: ['Luke 17:21', 'Mark 1:15']
[ 194/582 ]   chunks: 8/20 updated, +10 refs
[ 195/582 ]   chunks: 6/64 updated, +12 refs
[ 196/582 ]   chunks: 18/56 updated, +28 refs
[ 197/582 ] Derek Prince — Limitless Resources For Total Outreach → +1 doc refs: ['Acts 3:21']
[ 197/582 ]   chunks: 10/31 updated, +22 refs
[ 198/582 ]   chunks: 10/60 updated, +30 refs
[ 199/582 ] Derek Prince — Jews, Gentiles And The Church → +3 doc refs: ['Hebrews 8:8', 'Jeremiah 31:31', 'Luke 22:20']
[ 199/582 ]   chunks: 9/30 updated, +13 refs
[ 200/582 ] Derek Prince — The Prophetic Word Made More Sure → +1 doc refs: ['Matthew 17:1-2']
[ 200/582 ]   chunks: 11/31 updated, +25 refs
[ 201/582 ]   chunks: 3/19 updated, +7 refs
[ 202/582 ]   chunks: 3/20 updated, +4 refs
[ 203/582 ]   chunks: 3/19 updated, +4 refs
[ 204/582 ]   chunks: 2/18 updated, +2 refs
[ 205/582 ] Derek Prince — Christ’s Last Order → +1 doc refs: ['Matthew 28:19-20']
[ 205/582 ]   chunks: 8/23 updated, +13 refs
[ 206/582 ] Derek Prince — Worship And Rest → +3 doc refs: ['1 Corinthians 1:18', 'Psalm 100:4', 'Romans 1:16']
[ 206/582 ]   chunks: 3/13 updated, +8 refs
[ 207/582 ] Derek Prince — Preparing For Messiah’s Coming → +4 doc refs: ['Acts 1:12', 'John 4:10', 'John 7:38', 'Zechariah 14:4']
[ 207/582 ]   chunks: 9/25 updated, +29 refs
[ 208/582 ]   chunks: 9/21 updated, +16 refs
[ 209/582 ] Derek Prince — Knowing God → +1 doc refs: ['1 Corinthians 12:10']
[ 209/582 ]   chunks: 14/24 updated, +32 refs
[ 210/582 ] Derek Prince — The Ministry Of A Priest → +2 doc refs: ['John 3:3', 'John 3:7']
[ 210/582 ]   chunks: 12/24 updated, +24 refs
[ 211/582 ] Derek Prince — A Kingdom of Priests → +5 doc refs: ['Deuteronomy 28:13', 'John 1:12', 'Luke 17:21', 'Mark 1:15', 'Romans 8:16']
[ 211/582 ]   chunks: 14/26 updated, +42 refs
[ 212/582 ]   chunks: 5/20 updated, +12 refs
[ 213/582 ]   chunks: 12/30 updated, +20 refs
[ 214/582 ] Derek Prince — Healing: The Message And Method Of Jesus → +5 doc refs: ['Acts 2:43', 'Acts 5:12', 'Hebrews 2:4', 'Matthew 24:14', 'Matthew 4:23']
[ 214/582 ]   chunks: 11/23 updated, +28 refs
[ 215/582 ]   chunks: 7/31 updated, +11 refs
[ 216/582 ] Derek Prince — Continually Led By The Spirit → +2 doc refs: ['John 3:3', 'John 3:7']
[ 216/582 ]   chunks: 10/31 updated, +20 refs
[ 217/582 ] Derek Prince — Corporate Calling Of The Church → +4 doc refs: ['Ephesians 5:25-27', 'Revelation 19:7', 'Revelation 19:9', 'Romans 10:17']
[ 217/582 ]   chunks: 9/23 updated, +32 refs
[ 218/582 ] Derek Prince — The Only Basis For Full Salvation → +2 doc refs: ['1 Corinthians 14:2', 'Acts 2:4']
[ 218/582 ]   chunks: 30/66 updated, +50 refs
[ 219/582 ]   chunks: 6/23 updated, +8 refs
[ 220/582 ] Derek Prince — The Flesh Under Judgment → +1 doc refs: ['Galatians 2:20']
[ 220/582 ]   chunks: 7/22 updated, +11 refs
[ 221/582 ]   chunks: 20/25 updated, +51 refs
[ 222/582 ] Derek Prince — Delivered From This Present Evil Age → +2 doc refs: ['John 3:3', 'John 3:7']
[ 222/582 ]   chunks: 10/26 updated, +19 refs
[ 223/582 ] Derek Prince — The World That Satan Rules → +2 doc refs: ['Acts 3:6', 'Philippians 2:10']
[ 223/582 ]   chunks: 9/26 updated, +19 refs
[ 224/582 ] Derek Prince — The Line Of Separation → +3 doc refs: ['John 14:17', 'John 16:13', 'John 8:12']
[ 224/582 ]   chunks: 12/25 updated, +26 refs
[ 225/582 ] Derek Prince — The Righteous Requirement Of The Law → +1 doc refs: ['2 Corinthians 5:21']
[ 225/582 ]   chunks: 6/19 updated, +11 refs
[ 226/582 ]   chunks: 9/30 updated, +18 refs
[ 227/582 ]   chunks: 6/21 updated, +12 refs
[ 228/582 ] Derek Prince — Requirements For Apostolic Teams → +2 doc refs: ['Matthew 28:19-20', 'Matthew 4:23']
[ 228/582 ]   chunks: 7/20 updated, +19 refs
[ 229/582 ] Derek Prince — Learning By Doing → +2 doc refs: ['Acts 3:6', 'Philippians 2:10']
[ 229/582 ]   chunks: 10/28 updated, +27 refs
[ 230/582 ]   chunks: 7/23 updated, +11 refs
[ 231/582 ] Derek Prince — Twenty-Six New Testament Charismata → +1 doc refs: ['1 Corinthians 12:4-11']
[ 231/582 ]   chunks: 8/19 updated, +11 refs
[ 232/582 ]   chunks: 3/19 updated, +5 refs
[ 233/582 ] Derek Prince — Prophetic Perspective On Today’s World → +2 doc refs: ['Acts 1:12', 'Zechariah 14:4']
[ 233/582 ]   chunks: 11/20 updated, +28 refs
[ 234/582 ]   chunks: 9/20 updated, +30 refs
[ 235/582 ] Derek Prince — The Judgment Seat Of Christ → +2 doc refs: ['Luke 17:21', 'Mark 1:15']
[ 235/582 ]   chunks: 7/18 updated, +11 refs
[ 236/582 ] Derek Prince — A Man Prepares For Marriage → +2 doc refs: ['Romans 12:1', 'Romans 12:2']
[ 236/582 ]   chunks: 10/30 updated, +18 refs
[ 237/582 ] Derek Prince — How To Be A Father → +1 doc refs: ['Ephesians 3:19']
[ 237/582 ]   chunks: 7/26 updated, +13 refs
[ 238/582 ]   chunks: 3/24 updated, +6 refs
[ 239/582 ]   chunks: 6/20 updated, +9 refs
[ 240/582 ]   chunks: 3/20 updated, +5 refs
[ 241/582 ] Derek Prince — The Exchange Personalized - Part 1 → +1 doc refs: ['Romans 6:23']
[ 241/582 ]   chunks: 4/18 updated, +7 refs
[ 243/582 ]   chunks: 14/16 updated, +53 refs
[ 244/582 ] Derek Prince — How To Enter In → +4 doc refs: ['1 Corinthians 14:2', 'Acts 2:4', 'John 3:3', 'John 3:7']
[ 244/582 ]   chunks: 6/16 updated, +11 refs
[ 245/582 ] Derek Prince — Righteousness Or Wrath → +2 doc refs: ['Colossians 3:10', 'Ephesians 4:24']
[ 245/582 ]   chunks: 8/17 updated, +13 refs
[ 246/582 ] Derek Prince — What The Cross Did To Satan → +2 doc refs: ['Ephesians 4:22', 'Romans 6:6']
[ 246/582 ]   chunks: 8/19 updated, +18 refs
[ 247/582 ]   chunks: 5/18 updated, +12 refs
[ 248/582 ] Derek Prince — Witchcraft Obscures The Cross → +5 doc refs: ['1 Corinthians 12:4-11', 'Colossians 3:10', 'Ephesians 4:24', 'John 3:3', 'John 3:7']
[ 248/582 ]   chunks: 6/18 updated, +17 refs
[ 249/582 ]   chunks: 6/16 updated, +19 refs
[ 250/582 ] Derek Prince — Deliverance From The Law → +2 doc refs: ['Ephesians 4:22', 'Romans 6:6']
[ 250/582 ]   chunks: 10/32 updated, +22 refs
[ 251/582 ] Derek Prince — Deliverance From Self-Centeredness - Part 1 → +2 doc refs: ['Luke 17:21', 'Mark 1:15']
[ 251/582 ]   chunks: 9/19 updated, +21 refs
[ 252/582 ]   chunks: 4/17 updated, +10 refs
[ 253/582 ] Derek Prince — Deliverance From The Fleshly Nature → +2 doc refs: ['John 3:3', 'John 3:7']
[ 253/582 ]   chunks: 6/19 updated, +12 refs
[ 254/582 ] Derek Prince — Deliverance From the World - Part 1 → +1 doc refs: ['Revelation 12:10']
[ 254/582 ]   chunks: 4/16 updated, +6 refs
[ 255/582 ] Derek Prince — Deliverance From the World - Part 2 → +1 doc refs: ['John 14:17']
[ 255/582 ]   chunks: 12/17 updated, +30 refs
[ 256/582 ] Derek Prince — The Challenge Of The Cross → +1 doc refs: ['Galatians 2:20']
[ 256/582 ]   chunks: 9/18 updated, +21 refs
[ 257/582 ] Derek Prince — The Nature of the Covenant → +4 doc refs: ['Acts 1:12', 'Colossians 3:10', 'Ephesians 4:24', 'Zechariah 14:4']
[ 257/582 ]   chunks: 8/18 updated, +18 refs
[ 258/582 ] Derek Prince — The Covenant Of Jesus → +3 doc refs: ['Hebrews 8:8', 'Jeremiah 31:31', 'Luke 22:20']
[ 258/582 ]   chunks: 8/17 updated, +31 refs
[ 259/582 ] Derek Prince — The Covenant Of Marriage → +5 doc refs: ['1 John 1:7', 'Hebrews 8:8', 'Hebrews 9:14', 'Jeremiah 31:31', 'Luke 22:20']
[ 259/582 ]   chunks: 5/16 updated, +12 refs
[ 260/582 ]   chunks: 8/19 updated, +29 refs
[ 261/582 ] Derek Prince — How To Appropriate The Blood → +8 doc refs: ['1 John 1:7', 'Exodus 25:17', 'Exodus 26:33', 'Hebrews 9:14', 'Hebrews 9:3', 'Hebrews 9:5', 'Leviticus 16:30', 'Leviticus 23:27']
[ 261/582 ]   chunks: 12/19 updated, +36 refs
[ 262/582 ] Derek Prince — The Sevenfold Power Of The Blood → +1 doc refs: ['Hebrews 9:14']
[ 262/582 ]   chunks: 17/18 updated, +43 refs
[ 263/582 ]   chunks: 9/21 updated, +20 refs
[ 264/582 ]   chunks: 4/20 updated, +5 refs
[ 265/582 ]   chunks: 6/23 updated, +12 refs
[ 266/582 ] Derek Prince — The Defeat Of Satan → +4 doc refs: ['1 John 1:7', 'Hebrews 9:14', 'Luke 17:21', 'Mark 1:15']
[ 266/582 ]   chunks: 7/19 updated, +18 refs
[ 267/582 ] Derek Prince — Enforcing Christ’s Victory → +3 doc refs: ['Ephesians 4:22', 'Luke 17:21', 'Mark 1:15']
[ 267/582 ]   chunks: 20/27 updated, +47 refs
[ 268/582 ]   chunks: 3/28 updated, +4 refs
[ 269/582 ] Derek Prince — The Cross Nullifies Witchcraft - Part 2 → +2 doc refs: ['Ephesians 4:22', 'Romans 6:6']
[ 269/582 ]   chunks: 8/24 updated, +14 refs
[ 270/582 ] Derek Prince — Holiness the Jesus Way → +1 doc refs: ['2 Corinthians 5:21']
[ 270/582 ]   chunks: 6/21 updated, +14 refs
[ 271/582 ]   chunks: 7/15 updated, +17 refs
[ 272/582 ]   chunks: 5/16 updated, +10 refs
[ 273/582 ]   chunks: 3/23 updated, +12 refs
[ 274/582 ] Derek Prince — Taking Time To Wait On God → +1 doc refs: ['Psalm 16:11']
[ 274/582 ]   chunks: 10/24 updated, +18 refs
[ 275/582 ]   chunks: 7/25 updated, +15 refs
[ 276/582 ] Derek Prince — The Six Foundation Stones → +2 doc refs: ['1 Corinthians 1:18', 'Romans 1:16']
[ 276/582 ]   chunks: 12/18 updated, +52 refs
[ 277/582 ]   chunks: 4/22 updated, +7 refs
[ 278/582 ] Derek Prince — Job And His Accusing Friends → +2 doc refs: ['1 Kings 18:38', '2 Chronicles 7:1']
[ 278/582 ]   chunks: 2/28 updated, +3 refs
[ 279/582 ]   chunks: 4/32 updated, +7 refs
[ 280/582 ]   chunks: 5/22 updated, +10 refs
[ 281/582 ] Derek Prince — That I May Attain To The Resurrection of the Dead → +2 doc refs: ['John 3:3', 'John 3:7']
[ 281/582 ]   chunks: 12/21 updated, +27 refs
[ 282/582 ]   chunks: 12/50 updated, +30 refs
[ 283/582 ]   chunks: 4/26 updated, +10 refs
[ 284/582 ]   chunks: 3/10 updated, +7 refs
[ 285/582 ] Derek Prince — God’s Three End Time Purposes → +2 doc refs: ['Luke 17:21', 'Mark 1:15']
[ 285/582 ]   chunks: 26/46 updated, +66 refs
[ 286/582 ] Derek Prince — Into the Harvest → +5 doc refs: ['Hosea 6:3', 'James 5:7', 'Joel 2:23', 'Luke 17:21', 'Mark 1:15']
[ 286/582 ]   chunks: 11/20 updated, +23 refs
[ 287/582 ] Derek Prince — Sons of Zion vs Sons of Greece → +3 doc refs: ['John 3:3', 'John 3:7', 'Matthew 24:8']
[ 287/582 ]   chunks: 6/23 updated, +12 refs
[ 288/582 ]   chunks: 2/25 updated, +2 refs
[ 289/582 ]   chunks: 10/35 updated, +26 refs
[ 290/582 ]   chunks: 2/23 updated, +3 refs
[ 291/582 ] Derek Prince — Let Us Honor God’s Holy Spirit → +5 doc refs: ['1 Corinthians 1:18', 'Acts 2:43', 'Acts 5:12', 'Hebrews 2:4', 'Romans 1:16']
[ 291/582 ]   chunks: 12/21 updated, +31 refs
[ 292/582 ] Derek Prince — Earthly, Soulish, Demonic → +4 doc refs: ['Ezekiel 37:9', 'Genesis 2:7', 'John 3:3', 'John 3:7']
[ 292/582 ]   chunks: 9/22 updated, +27 refs
[ 293/582 ] Derek Prince — Four Safeguards → +3 doc refs: ['Acts 2:43', 'Acts 5:12', 'Hebrews 2:4']
[ 293/582 ]   chunks: 14/22 updated, +32 refs
[ 294/582 ]   chunks: 2/18 updated, +3 refs
[ 295/582 ] Derek Prince — Preparation Of The Bride → +2 doc refs: ['Ephesians 5:25-27', 'Revelation 19:7']
[ 295/582 ]   chunks: 9/20 updated, +14 refs
[ 296/582 ] Derek Prince — Intercession, Fasting → +3 doc refs: ['1 Peter 5:8', 'Matthew 24:14', 'Matthew 4:23']
[ 296/582 ]   chunks: 9/24 updated, +17 refs
[ 297/582 ] Derek Prince — What The Church Must Become → +7 doc refs: ['1 Corinthians 1:18', 'Matthew 24:14', 'Matthew 4:23', 'Revelation 19:7', 'Revelation 2:4', 'Revelation 3:16', 'Romans 1:16']
[ 297/582 ]   chunks: 12/30 updated, +24 refs
[ 298/582 ]   chunks: 10/19 updated, +14 refs
[ 299/582 ]   chunks: 14/24 updated, +28 refs
[ 300/582 ] Derek Prince — The Purpose of God’s Discipline → +5 doc refs: ['Acts 3:6', 'James 4:7', 'Philippians 2:10', 'Proverbs 1:7', 'Proverbs 9:10']
[ 300/582 ]   chunks: 6/17 updated, +18 refs
[ 301/582 ] Derek Prince — Treat Your Body As God’s Temple → +5 doc refs: ['1 John 1:7', 'Hebrews 9:14', 'Philippians 4:13', 'Revelation 12:11', 'Revelation 7:14']
[ 301/582 ]   chunks: 12/21 updated, +26 refs
[ 302/582 ] Derek Prince — Appropriate Response - Worship → +2 doc refs: ['Isaiah 6:1', 'John 4:24']
[ 302/582 ]   chunks: 9/16 updated, +15 refs
[ 303/582 ]   chunks: 6/15 updated, +18 refs
[ 304/582 ]   chunks: 8/16 updated, +30 refs
[ 305/582 ]   chunks: 4/25 updated, +10 refs
[ 306/582 ]   chunks: 10/33 updated, +22 refs
[ 307/582 ] Derek Prince — Salt, Light and a City → +2 doc refs: ['John 8:12', 'Matthew 5:14']
[ 307/582 ]   chunks: 15/30 updated, +39 refs
[ 308/582 ]   chunks: 22/40 updated, +48 refs
[ 309/582 ] Derek Prince — Weapons of Our Warfare → +2 doc refs: ['2 Corinthians 10:4', 'Ephesians 6:12']
[ 309/582 ]   chunks: 13/21 updated, +24 refs
[ 310/582 ] Derek Prince — Prayer Changes the Outcome → +1 doc refs: ['1 Corinthians 12:4-11']
[ 310/582 ]   chunks: 6/23 updated, +14 refs
[ 311/582 ] Derek Prince — Fasting Brings Restoration → +3 doc refs: ['2 Corinthians 5:20', 'Colossians 3:10', 'Ephesians 4:24']
[ 311/582 ]   chunks: 22/60 updated, +34 refs
[ 312/582 ] Derek Prince — Witnesses to Him → +3 doc refs: ['1 Peter 2:9', 'Colossians 2:15', 'Ephesians 6:12']
[ 312/582 ]   chunks: 12/22 updated, +34 refs
[ 313/582 ]   chunks: 28/40 updated, +100 refs
[ 314/582 ]   chunks: 7/20 updated, +13 refs
[ 315/582 ] Derek Prince — The Local Church → +3 doc refs: ['Acts 11:16', 'Acts 1:5', 'Acts 2:4']
[ 315/582 ]   chunks: 12/23 updated, +30 refs
[ 316/582 ]   chunks: 2/23 updated, +3 refs
[ 317/582 ]   chunks: 1/23 updated, +1 refs
[ 318/582 ] Derek Prince — Mobile Ministries - Evangelists and Teachers → +1 doc refs: ['Isaiah 61:1']
[ 318/582 ]   chunks: 10/23 updated, +17 refs
[ 319/582 ]   chunks: 5/26 updated, +10 refs
[ 320/582 ]   chunks: 3/24 updated, +3 refs
[ 321/582 ] Derek Prince — Daily Life of the Local Church - Part 1 → +6 doc refs: ['1 Corinthians 14:2', 'Acts 11:16', 'Acts 1:5', 'Acts 2:4', 'Acts 3:6', 'Philippians 2:10']
[ 321/582 ]   chunks: 18/28 updated, +77 refs
[ 322/582 ] Derek Prince — Daily Life of the Local Church - Part 2 → +3 doc refs: ['Acts 11:16', 'Acts 1:5', 'Acts 2:4']
[ 322/582 ]   chunks: 4/26 updated, +10 refs
[ 323/582 ]   chunks: 7/22 updated, +14 refs
[ 324/582 ] Derek Prince — False Church and False Christ - Part 1 → +1 doc refs: ['Exodus 25:8-9']
[ 324/582 ]   chunks: 2/21 updated, +4 refs
[ 325/582 ]   chunks: 4/21 updated, +9 refs
[ 326/582 ]   chunks: 11/29 updated, +28 refs
[ 327/582 ]   chunks: 12/26 updated, +21 refs
[ 328/582 ] Derek Prince — Prophets, Evangelists, Teachers → +1 doc refs: ['John 10:9']
[ 328/582 ]   chunks: 10/28 updated, +23 refs
[ 329/582 ]   chunks: 11/25 updated, +29 refs
[ 330/582 ]   chunks: 7/24 updated, +11 refs
[ 331/582 ]   chunks: 9/25 updated, +26 refs
[ 332/582 ]   chunks: 2/21 updated, +4 refs
[ 333/582 ] Derek Prince — The Assembly → +2 doc refs: ['Acts 3:6', 'Philippians 2:10']
[ 333/582 ]   chunks: 11/30 updated, +25 refs
[ 334/582 ] Derek Prince — His Body And His Workmanship → +2 doc refs: ['Acts 3:6', 'Philippians 2:10']
[ 334/582 ]   chunks: 7/26 updated, +15 refs
[ 335/582 ]   chunks: 6/27 updated, +9 refs
[ 336/582 ] Derek Prince — The Bride And The Army → +5 doc refs: ['1 Peter 2:5', 'Acts 3:6', 'Ephesians 5:25-27', 'Philippians 2:10', 'Revelation 19:7']
[ 336/582 ]   chunks: 12/27 updated, +26 refs
[ 337/582 ] Derek Prince — The Queen God Is Seeking → +2 doc refs: ['Ephesians 5:25-27', 'Revelation 19:7']
[ 337/582 ]   chunks: 3/22 updated, +7 refs
[ 338/582 ]   chunks: 3/19 updated, +7 refs
[ 339/582 ]   chunks: 6/23 updated, +11 refs
[ 340/582 ]   chunks: 10/32 updated, +21 refs
[ 341/582 ] Derek Prince — How Jesus Dealt With Demons → +2 doc refs: ['Acts 3:6', 'Philippians 2:10']
[ 341/582 ]   chunks: 7/24 updated, +19 refs
[ 342/582 ]   chunks: 5/21 updated, +11 refs
[ 343/582 ]   chunks: 11/32 updated, +23 refs
[ 344/582 ]   chunks: 10/25 updated, +21 refs
[ 345/582 ] Derek Prince — Seven Ways To Keep Your Deliverance → +6 doc refs: ['1 John 1:7', 'Acts 3:6', 'Hebrews 9:14', 'John 14:26', 'John 15:26', 'Philippians 2:10']
[ 345/582 ]   chunks: 15/29 updated, +37 refs
[ 346/582 ]   chunks: 12/46 updated, +20 refs
[ 347/582 ]   chunks: 6/15 updated, +14 refs
[ 348/582 ] Derek Prince — Witchcraft - Public Enemy Number 1 → +2 doc refs: ['1 Corinthians 1:18', 'Romans 1:16']
[ 348/582 ]   chunks: 9/35 updated, +18 refs
[ 349/582 ] Derek Prince — Curses - Cause → +2 doc refs: ['Acts 3:6', 'Philippians 2:10']
[ 349/582 ]   chunks: 3/32 updated, +6 refs
[ 350/582 ]   chunks: 2/19 updated, +3 refs
[ 351/582 ]   chunks: 4/16 updated, +7 refs
[ 352/582 ]   chunks: 13/27 updated, +33 refs
[ 353/582 ]   chunks: 5/32 updated, +12 refs
[ 354/582 ]   chunks: 11/23 updated, +26 refs
[ 356/582 ]   chunks: 7/32 updated, +11 refs
[ 357/582 ] Ruth Prince — A Woman Prepares For Marriage (Ruth Prince) → +2 doc refs: ['Ephesians 5:25-27', 'Revelation 19:7']
[ 357/582 ]   chunks: 5/24 updated, +9 refs
[ 358/582 ] Derek Prince — The Doorway to Restoration → +4 doc refs: ['1 Timothy 2:1', 'Acts 3:6', 'Philippians 2:10', 'Romans 8:26-27']
[ 358/582 ]   chunks: 16/26 updated, +33 refs
[ 359/582 ]   chunks: 3/25 updated, +6 refs
[ 360/582 ] Derek Prince — A Time Of Restoration → +3 doc refs: ['1 Peter 2:5', 'Exodus 13:21', 'Exodus 25:8-9']
[ 360/582 ]   chunks: 8/19 updated, +15 refs
[ 361/582 ] Derek Prince — Restoration Of The Message → +4 doc refs: ['Luke 17:21', 'Mark 1:15', 'Matthew 24:14', 'Matthew 4:23']
[ 361/582 ]   chunks: 11/18 updated, +28 refs
[ 362/582 ] Derek Prince — The Kingdom For All Nations → +2 doc refs: ['Luke 17:21', 'Mark 1:15']
[ 362/582 ]   chunks: 14/18 updated, +30 refs
[ 363/582 ] Derek Prince — Two Opposing Kingdoms → +4 doc refs: ['1 John 1:7', 'Hebrews 9:14', 'Luke 17:21', 'Mark 1:15']
[ 363/582 ]   chunks: 12/18 updated, +30 refs
[ 364/582 ] Derek Prince — The Kingdom Of Priests → +5 doc refs: ['Hebrews 8:8', 'Jeremiah 31:31', 'Luke 17:21', 'Luke 22:20', 'Mark 1:15']
[ 364/582 ]   chunks: 9/18 updated, +24 refs
[ 365/582 ] Derek Prince — The Kingdom Comes Only By Birth → +3 doc refs: ['1 Corinthians 6:19', 'Luke 17:21', 'Mark 1:15']
[ 365/582 ]   chunks: 11/19 updated, +19 refs
[ 366/582 ] Derek Prince — Only The Kingdom Is Unshakable → +5 doc refs: ['John 3:3', 'John 3:7', 'Luke 17:21', 'Mark 1:15', 'Matthew 6:10']
[ 366/582 ]   chunks: 10/16 updated, +26 refs
[ 367/582 ] Derek Prince — How to Identify the Enemy → +1 doc refs: ['1 John 2:27']
[ 367/582 ]   chunks: 5/20 updated, +8 refs
[ 368/582 ]   chunks: 9/23 updated, +18 refs
[ 369/582 ]   chunks: 10/31 updated, +20 refs
[ 370/582 ] Derek Prince — How Should We Prepare? → +1 doc refs: ['Revelation 19:9']
[ 370/582 ]   chunks: 16/33 updated, +43 refs
[ 371/582 ] Derek Prince — Receive The Holy Spirit → +3 doc refs: ['John 19:30', 'John 3:3', 'John 3:7']
[ 371/582 ]   chunks: 17/23 updated, +53 refs
[ 372/582 ] Derek Prince — Interpreting And Prophesying → +8 doc refs: ['1 Corinthians 12:10', '1 Corinthians 12:4-11', '1 Corinthians 12:8', '1 Corinthians 14:2', 'Acts 11:16', 'Acts 1:5', 'Acts 2:4', 'Jude 1:20']
[ 372/582 ]   chunks: 12/20 updated, +36 refs
[ 373/582 ]   chunks: 14/22 updated, +31 refs
[ 374/582 ] Derek Prince — Founded On The Rock → +1 doc refs: ['1 Peter 2:5']
[ 374/582 ]   chunks: 3/18 updated, +8 refs
[ 375/582 ] Derek Prince — Authority & Power Of God’s Word → +2 doc refs: ['1 Corinthians 1:18', 'Romans 1:16']
[ 375/582 ]   chunks: 9/22 updated, +17 refs
[ 376/582 ] Derek Prince — Through Repentance To Faith → +5 doc refs: ['1 Corinthians 1:18', '1 Timothy 4:14', 'Acts 8:17', 'Hebrews 6:2', 'Romans 1:16']
[ 376/582 ]   chunks: 6/21 updated, +14 refs
[ 377/582 ] Derek Prince — Faith and Works → +3 doc refs: ['1 Timothy 4:14', 'Acts 8:17', 'Hebrews 6:2']
[ 377/582 ]   chunks: 9/26 updated, +21 refs
[ 378/582 ] Derek Prince — Immersion In Water → +3 doc refs: ['Acts 11:16', 'Acts 1:5', 'Acts 2:4']
[ 378/582 ]   chunks: 9/23 updated, +23 refs
[ 379/582 ] Derek Prince — Immersion in the Spirit → +3 doc refs: ['Acts 11:16', 'Acts 1:5', 'Acts 2:4']
[ 379/582 ]   chunks: 44/64 updated, +152 refs
[ 380/582 ] Derek Prince — Transmitting God’s Power → +5 doc refs: ['Acts 11:16', 'Acts 1:5', 'Acts 2:4', 'Hebrews 6:2', 'Romans 8:19']
[ 380/582 ]   chunks: 17/21 updated, +62 refs
[ 381/582 ] Derek Prince — At the End of Time → +3 doc refs: ['1 Timothy 4:14', 'Acts 8:17', 'Hebrews 6:2']
[ 381/582 ]   chunks: 10/22 updated, +20 refs
[ 382/582 ] Derek Prince — Resurrection of the Body → +1 doc refs: ['John 19:30']
[ 382/582 ]   chunks: 10/22 updated, +18 refs
[ 383/582 ] Derek Prince — Final Judgment → +3 doc refs: ['1 Timothy 4:14', 'Acts 8:17', 'Hebrews 6:2']
[ 383/582 ]   chunks: 5/22 updated, +10 refs
[ 384/582 ]   chunks: 3/21 updated, +5 refs
[ 385/582 ] Derek Prince — The Roman Pilgrimage (Part 2) → +2 doc refs: ['1 Corinthians 1:18', 'Romans 1:16']
[ 385/582 ]   chunks: 3/19 updated, +6 refs
[ 386/582 ]   chunks: 2/20 updated, +10 refs
[ 387/582 ]   chunks: 8/21 updated, +16 refs
[ 388/582 ]   chunks: 2/21 updated, +3 refs
[ 389/582 ] Derek Prince — The Roman Pilgrimage (Part 6) → +3 doc refs: ['Hosea 6:3', 'James 5:7', 'Joel 2:23']
[ 389/582 ]   chunks: 4/20 updated, +8 refs
[ 390/582 ] Derek Prince — The Roman Pilgrimage (Part 7) → +1 doc refs: ['Ephesians 4:22']
[ 390/582 ]   chunks: 10/21 updated, +19 refs
[ 391/582 ] Derek Prince — The Roman Pilgrimage (Part 8) → +2 doc refs: ['Ephesians 4:22', 'Romans 6:6']
[ 391/582 ]   chunks: 7/20 updated, +13 refs
[ 392/582 ] Derek Prince — The Roman Pilgrimage (Part 9) → +2 doc refs: ['Ephesians 4:22', 'Galatians 5:22-23']
[ 392/582 ]   chunks: 7/23 updated, +14 refs
[ 393/582 ] Derek Prince — The Roman Pilgrimage (Part 10) → +1 doc refs: ['Ephesians 4:22']
[ 393/582 ]   chunks: 9/18 updated, +17 refs
[ 394/582 ] Derek Prince — The Roman Pilgrimage (Part 11) → +5 doc refs: ['Acts 11:16', 'Acts 1:5', 'Acts 2:4', 'John 3:3', 'John 3:7']
[ 394/582 ]   chunks: 8/19 updated, +24 refs
[ 395/582 ] Derek Prince — The Roman Pilgrimage (Part 12) → +4 doc refs: ['1 Corinthians 14:2', 'Acts 2:4', 'Ephesians 5:25-27', 'Revelation 19:7']
[ 395/582 ]   chunks: 4/16 updated, +8 refs
[ 396/582 ] Derek Prince — It Cost All He Had → +2 doc refs: ['John 3:3', 'John 3:7']
[ 396/582 ]   chunks: 7/20 updated, +27 refs
[ 397/582 ] Derek Prince — How To Apply The Blood → +5 doc refs: ['1 Peter 1:19', 'Hebrews 9:14', 'Leviticus 16:30', 'Leviticus 23:27', 'Matthew 26:36']
[ 397/582 ]   chunks: 23/24 updated, +73 refs
[ 398/582 ]   chunks: 8/29 updated, +13 refs
[ 399/582 ]   chunks: 10/24 updated, +26 refs
[ 400/582 ] Ruth Prince — The Call Of God → +7 doc refs: ['1 John 1:7', 'Acts 1:5', 'Acts 2:4', 'Hebrews 9:14', 'John 3:3', 'John 3:7', 'Romans 10:17']
[ 400/582 ]   chunks: 15/27 updated, +40 refs
[ 401/582 ] Derek Prince — God’s Plan for Your Body → +2 doc refs: ['1 Corinthians 1:18', 'Romans 1:16']
[ 401/582 ]   chunks: 12/21 updated, +29 refs
[ 402/582 ] Derek Prince — His Power In Your Hands → +7 doc refs: ['Exodus 26:33', 'Hebrews 8:8', 'Hebrews 9:3', 'Jeremiah 31:31', 'Luke 17:21', 'Luke 22:20', 'Mark 1:15']
[ 402/582 ]   chunks: 13/26 updated, +38 refs
[ 403/582 ] Derek Prince — The Structure Of Satan’s Kingdom → +2 doc refs: ['Luke 17:21', 'Mark 1:15']
[ 403/582 ]   chunks: 2/20 updated, +4 refs
[ 404/582 ]   chunks: 3/23 updated, +6 refs
[ 405/582 ] Derek Prince — The Spirit Of Antichrist → +2 doc refs: ['Luke 17:21', 'Mark 1:15']
[ 405/582 ]   chunks: 4/20 updated, +7 refs
[ 406/582 ] Derek Prince — The Church’s Victory → +2 doc refs: ['John 19:30', 'Revelation 2:7']
[ 406/582 ]   chunks: 10/21 updated, +24 refs
[ 407/582 ] Derek Prince — The Christian And His Money → +1 doc refs: ['John 1:29']
[ 407/582 ]   chunks: 9/30 updated, +16 refs
[ 408/582 ] Derek Prince — Thanksgiving, Praise and Worship → +3 doc refs: ['Acts 2:4', 'Acts 3:6', 'Philippians 2:10']
[ 408/582 ]   chunks: 9/27 updated, +16 refs
[ 409/582 ] Derek Prince — Discover Yourself In God’s Mirror → +3 doc refs: ['Acts 11:16', 'Acts 1:5', 'Acts 2:4']
[ 409/582 ]   chunks: 7/21 updated, +15 refs
[ 410/582 ] Derek Prince — Are You Spiritual Or Soulish? → +4 doc refs: ['Ephesians 3:19', 'John 10:9', 'John 3:3', 'John 3:7']
[ 410/582 ]   chunks: 8/20 updated, +21 refs
[ 411/582 ] Derek Prince — Why You Have A Body → +2 doc refs: ['1 Corinthians 14:2', 'Acts 2:4']
[ 411/582 ]   chunks: 11/22 updated, +21 refs
[ 412/582 ] Derek Prince — The Climax Of Life’s Destiny → +4 doc refs: ['1 Corinthians 6:19', '1 Peter 2:5', 'Exodus 25:8-9', 'Romans 12:1']
[ 412/582 ]   chunks: 7/18 updated, +11 refs
[ 413/582 ] Derek Prince — One All-Sufficient Sacrifice → +2 doc refs: ['Leviticus 16:30', 'Leviticus 23:27']
[ 413/582 ]   chunks: 2/10 updated, +3 refs
[ 414/582 ]   chunks: 7/10 updated, +16 refs
[ 415/582 ] Derek Prince — A Divinely Ordained Exchange → +1 doc refs: ['Revelation 22:13']
[ 415/582 ]   chunks: 2/9 updated, +3 refs
[ 416/582 ] Derek Prince — Forgiveness and Healing → +3 doc refs: ['1 John 1:7', 'Hebrews 9:14', 'Romans 6:23']
[ 416/582 ]   chunks: 6/8 updated, +13 refs
[ 417/582 ]   chunks: 4/9 updated, +5 refs
[ 418/582 ] Derek Prince — Death vs Life → +1 doc refs: ['John 19:30']
[ 418/582 ]   chunks: 6/9 updated, +13 refs
[ 419/582 ] Derek Prince — Curse vs Blessing → +2 doc refs: ['Colossians 2:15', 'Ephesians 6:12']
[ 419/582 ]   chunks: 2/9 updated, +4 refs
[ 420/582 ]   chunks: 3/9 updated, +10 refs
[ 421/582 ]   chunks: 1/9 updated, +2 refs
[ 423/582 ] Derek Prince — Rejection vs Acceptance → +1 doc refs: ['Revelation 2:4']
[ 423/582 ]   chunks: 1/9 updated, +1 refs
[ 424/582 ] Derek Prince — Old Man vs New Man → +5 doc refs: ['1 Peter 2:24', 'Colossians 3:10', 'Ephesians 4:22', 'Ephesians 4:24', 'Isaiah 53:5']
[ 424/582 ]   chunks: 9/10 updated, +38 refs
[ 425/582 ] Derek Prince — Deliverance From This Present Age → +2 doc refs: ['Colossians 3:10', 'Ephesians 4:24']
[ 425/582 ]   chunks: 2/9 updated, +4 refs
[ 426/582 ]   chunks: 6/10 updated, +13 refs
[ 427/582 ] Derek Prince — Deliverance From The Flesh → +3 doc refs: ['Ephesians 4:22', 'Luke 17:21', 'Mark 1:15']
[ 427/582 ]   chunks: 4/11 updated, +10 refs
[ 428/582 ] Derek Prince — Deliverance From The World → +1 doc refs: ['Luke 17:21']
[ 428/582 ]   chunks: 3/10 updated, +5 refs
[ 429/582 ] Derek Prince — From Legal To Experiential → +7 doc refs: ['Acts 11:16', 'Acts 1:5', 'Acts 2:4', 'Colossians 3:10', 'Ephesians 4:24', 'John 3:3', 'John 3:7']
[ 429/582 ]   chunks: 4/10 updated, +9 refs
[ 430/582 ] Derek Prince — All-Inclusive Salvation → +7 doc refs: ['Exodus 17:6', 'John 3:3', 'John 3:7', 'Luke 17:21', 'Mark 1:15', 'Matthew 6:33', 'Numbers 20:11']
[ 430/582 ]   chunks: 7/11 updated, +16 refs
[ 431/582 ]   chunks: 4/18 updated, +16 refs
[ 432/582 ]   chunks: 2/10 updated, +2 refs
[ 433/582 ]   chunks: 6/25 updated, +9 refs
[ 434/582 ] Derek Prince — Release from the Curse - Part 2 → +2 doc refs: ['1 Corinthians 13:2', 'Matthew 17:20']
[ 434/582 ]   chunks: 7/22 updated, +15 refs
[ 435/582 ]   chunks: 4/23 updated, +8 refs
[ 436/582 ] Derek Prince — Husbands and Fathers - Part 2 → +2 doc refs: ['John 3:3', 'John 3:7']
[ 436/582 ]   chunks: 6/22 updated, +12 refs
[ 437/582 ] Derek Prince — The Headship of Jesus - Part 1 → +2 doc refs: ['1 Corinthians 12:4-11', 'Acts 3:21']
[ 437/582 ]   chunks: 4/21 updated, +7 refs
[ 438/582 ]   chunks: 3/21 updated, +4 refs
[ 439/582 ] Derek Prince — Complete Salvation and How To Receive It - Part 1 → +6 doc refs: ['1 Corinthians 5:7', 'Exodus 12:21', 'Exodus 16:15', 'John 6:31', 'Revelation 12:11', 'Revelation 7:14']
[ 439/582 ]   chunks: 7/20 updated, +27 refs
[ 440/582 ] Smith Wigglesworth — Complete Salvation and How To Receive It - Part 2 → +3 doc refs: ['John 19:30', 'John 3:3', 'John 3:7']
[ 440/582 ]   chunks: 13/21 updated, +24 refs
[ 441/582 ]   chunks: 7/20 updated, +16 refs
[ 442/582 ] Derek Prince — The Cross at the Center - Part 2 → +4 doc refs: ['Acts 2:43', 'Acts 5:12', 'Colossians 2:15', 'Hebrews 2:4']
[ 442/582 ]   chunks: 9/21 updated, +26 refs
[ 443/582 ]   chunks: 3/22 updated, +6 refs
[ 444/582 ]   chunks: 4/21 updated, +8 refs
[ 445/582 ] Derek Prince — Ignore It at Your Peril → +1 doc refs: ['Matthew 17:1-2']
[ 445/582 ]   chunks: 3/21 updated, +3 refs
[ 446/582 ] Derek Prince — The Spine Of Prophetic Revelation → +2 doc refs: ['Acts 1:12', 'Zechariah 14:4']
[ 446/582 ]   chunks: 10/20 updated, +24 refs
[ 447/582 ] Derek Prince — Watchman, What of the Night → +2 doc refs: ['Acts 1:12', 'Zechariah 14:4']
[ 447/582 ]   chunks: 10/20 updated, +26 refs
[ 448/582 ] Derek Prince — You Also Must Be Ready → +2 doc refs: ['Ephesians 5:25-27', 'Revelation 19:7']
[ 448/582 ]   chunks: 8/21 updated, +18 refs
[ 449/582 ]   chunks: 12/34 updated, +19 refs
[ 450/582 ] Derek Prince — Do You Fear God? → +2 doc refs: ['Proverbs 1:7', 'Proverbs 9:10']
[ 450/582 ]   chunks: 15/18 updated, +30 refs
[ 451/582 ] Derek Prince — True and False Christ - Part 1 → +2 doc refs: ['Luke 17:21', 'Mark 1:15']
[ 451/582 ]   chunks: 5/19 updated, +10 refs
[ 452/582 ] Derek Prince — True and False Christ - Part 2 → +4 doc refs: ['2 Peter 3:10', 'Acts 2:20', 'Joel 2:31', 'John 1:29']
[ 452/582 ]   chunks: 7/18 updated, +22 refs
[ 453/582 ] Derek Prince — True and False Church - Part 1 → +3 doc refs: ['1 John 1:7', 'Hebrews 9:14', 'Revelation 19:9']
[ 453/582 ]   chunks: 6/17 updated, +11 refs
[ 454/582 ] Derek Prince — True and False Church - Part 2 → +2 doc refs: ['John 4:10', 'John 7:38']
[ 454/582 ]   chunks: 4/18 updated, +7 refs
[ 455/582 ] Derek Prince — Be Perfect - Part 1 → +6 doc refs: ['2 Corinthians 12:9', 'Acts 11:16', 'Acts 1:5', 'Acts 2:4', 'John 3:3', 'John 3:7']
[ 455/582 ]   chunks: 5/20 updated, +11 refs
[ 456/582 ]   chunks: 6/20 updated, +10 refs
[ 457/582 ]   chunks: 14/40 updated, +32 refs
[ 458/582 ]   chunks: 4/23 updated, +9 refs
[ 459/582 ]   chunks: 3/20 updated, +5 refs
[ 460/582 ]   chunks: 12/40 updated, +22 refs
[ 461/582 ]   chunks: 5/20 updated, +6 refs
[ 462/582 ]   chunks: 8/22 updated, +13 refs
[ 463/582 ]   chunks: 6/23 updated, +10 refs
[ 464/582 ]   chunks: 6/18 updated, +13 refs
[ 465/582 ]   chunks: 4/21 updated, +6 refs
[ 466/582 ] Derek Prince — The Roman Pilgrimage (Part 20) → +1 doc refs: ['Revelation 22:13']
[ 466/582 ]   chunks: 4/22 updated, +9 refs
[ 467/582 ]   chunks: 4/22 updated, +8 refs
[ 468/582 ] Derek Prince — The Power Of Proclamation → +4 doc refs: ['1 Corinthians 1:18', '1 John 2:27', 'Matthew 28:19-20', 'Romans 1:16']
[ 468/582 ]   chunks: 10/20 updated, +14 refs
[ 469/582 ]   chunks: 9/21 updated, +34 refs
[ 470/582 ] Derek Prince — God’s Word - Your Inexhaustible Resource - Part 2 → +2 doc refs: ['John 3:3', 'John 3:7']
[ 470/582 ]   chunks: 24/38 updated, +48 refs
[ 471/582 ]   chunks: 7/19 updated, +17 refs
[ 472/582 ] Derek Prince — The New Creation - Part 2 → +4 doc refs: ['Ephesians 4:24', 'John 3:3', 'John 3:7', 'Romans 12:1']
[ 472/582 ]   chunks: 19/23 updated, +68 refs
[ 473/582 ] Derek Prince — Casting Down Strongholds → +2 doc refs: ['Luke 17:21', 'Mark 1:15']
[ 473/582 ]   chunks: 10/21 updated, +17 refs
[ 474/582 ] Derek Prince — The White Horse Of The Gospel → +2 doc refs: ['Acts 1:12', 'Zechariah 14:4']
[ 474/582 ]   chunks: 15/21 updated, +41 refs
[ 475/582 ]   chunks: 8/23 updated, +13 refs
[ 476/582 ] Derek Prince — The Holy Spirit As Guide → +3 doc refs: ['John 3:3', 'John 3:7', 'Romans 8:19']
[ 476/582 ]   chunks: 11/23 updated, +22 refs
[ 477/582 ]   chunks: 5/22 updated, +6 refs
[ 478/582 ]   chunks: 7/22 updated, +12 refs
[ 479/582 ]   chunks: 10/20 updated, +17 refs
[ 480/582 ]   chunks: 3/20 updated, +7 refs
[ 481/582 ] Derek Prince — The Two Harvests → +8 doc refs: ['1 Corinthians 14:2', 'Acts 11:16', 'Acts 1:5', 'Acts 2:17', 'Acts 2:4', 'Deuteronomy 11:14', 'Hosea 6:3', 'James 5:7']
[ 481/582 ]   chunks: 14/20 updated, +49 refs
[ 482/582 ] Derek Prince — The Two Banquets → +3 doc refs: ['1 Peter 2:9', 'Luke 17:21', 'Mark 1:15']
[ 482/582 ]   chunks: 12/20 updated, +27 refs
[ 483/582 ] Derek Prince — Take Heed That You Are Not Deceived → +3 doc refs: ['Acts 2:43', 'Acts 5:12', 'Hebrews 2:4']
[ 483/582 ]   chunks: 9/27 updated, +21 refs
[ 484/582 ] Derek Prince — The Nations → +2 doc refs: ['1 Corinthians 1:18', 'Romans 1:16']
[ 484/582 ]   chunks: 8/21 updated, +16 refs
[ 485/582 ]   chunks: 12/30 updated, +26 refs
[ 486/582 ] Derek Prince — Guilt, Shame, Rejection → +5 doc refs: ['Acts 11:16', 'Acts 1:5', 'Acts 2:4', 'Colossians 3:10', 'Ephesians 4:24']
[ 486/582 ]   chunks: 8/25 updated, +25 refs
[ 487/582 ] Derek Prince — Predictive Prophecies Of The Bible → +2 doc refs: ['1 Corinthians 1:18', 'Romans 1:16']
[ 487/582 ]   chunks: 4/21 updated, +6 refs
[ 488/582 ] Derek Prince — The Spine Of Biblical Prophecy → +5 doc refs: ['Acts 11:16', 'Acts 1:12', 'Acts 1:5', 'Acts 2:4', 'Zechariah 14:4']
[ 488/582 ]   chunks: 12/27 updated, +31 refs
[ 489/582 ] Derek Prince — Days Of Noah And Lot → +2 doc refs: ['2 Chronicles 7:1', 'Exodus 40:34']
[ 489/582 ]   chunks: 11/26 updated, +23 refs
[ 490/582 ]   chunks: 11/31 updated, +27 refs
[ 491/582 ]   chunks: 7/30 updated, +17 refs
[ 492/582 ] Derek Prince — The Lamb vs The Beast → +1 doc refs: ['John 1:29']
[ 492/582 ]   chunks: 9/24 updated, +15 refs
[ 493/582 ] Derek Prince — How I Became Involved With Israel → +4 doc refs: ['1 Corinthians 1:18', 'John 3:3', 'John 3:7', 'Romans 1:16']
[ 493/582 ]   chunks: 12/29 updated, +22 refs
[ 494/582 ] Derek Prince — Israel and the Church - Parallel Restoration → +2 doc refs: ['Acts 3:21', 'Psalm 16:11']
[ 494/582 ]   chunks: 12/27 updated, +21 refs
[ 495/582 ] Derek Prince — The Uniqueness of Israel - God’s Prophetic Calenda → +4 doc refs: ['1 Peter 1:18-19', '1 Peter 2:9', 'Revelation 12:11', 'Revelation 7:14']
[ 495/582 ]   chunks: 10/25 updated, +24 refs
[ 496/582 ] Derek Prince — Israel - Glimpses of the Future - Part 1 → +1 doc refs: ['Matthew 17:1-2']
[ 496/582 ]   chunks: 14/48 updated, +34 refs
[ 497/582 ]   chunks: 14/50 updated, +34 refs
[ 498/582 ]   chunks: 6/22 updated, +13 refs
[ 499/582 ] Derek Prince — The Goal Is Love → +1 doc refs: ['2 Corinthians 5:21']
[ 499/582 ]   chunks: 7/19 updated, +14 refs
[ 500/582 ] Derek Prince — What It Means To Love God → +5 doc refs: ['1 John 4:16', '1 John 4:8', 'Hebrews 8:8', 'Jeremiah 31:31', 'Luke 22:20']
[ 500/582 ]   chunks: 8/38 updated, +24 refs
[ 501/582 ] Derek Prince — Self-Humbling → +2 doc refs: ['Colossians 2:15', 'Ephesians 6:12']
[ 501/582 ]   chunks: 7/22 updated, +13 refs
[ 502/582 ] Derek Prince — Grace vs Law → +2 doc refs: ['1 Corinthians 15:52', '2 Corinthians 5:21']
[ 502/582 ]   chunks: 9/27 updated, +15 refs
[ 503/582 ]   chunks: 24/74 updated, +56 refs
[ 504/582 ] Derek Prince — The Prayer Of Desperation → +2 doc refs: ['Acts 1:12', 'Zechariah 14:4']
[ 504/582 ]   chunks: 5/21 updated, +10 refs
[ 505/582 ] Derek Prince — How To Live In A World Falling Apart → +3 doc refs: ['Luke 17:21', 'Mark 1:15', 'Matthew 24:8']
[ 505/582 ]   chunks: 13/24 updated, +35 refs
[ 506/582 ] Derek Prince — The Place Of Israel In God’s Purposes → +1 doc refs: ['1 Peter 2:9']
[ 506/582 ]   chunks: 20/48 updated, +40 refs
[ 507/582 ] Derek Prince — How To Face The Last Days Without Fear → +5 doc refs: ['John 3:3', 'John 3:7', 'Luke 17:21', 'Mark 1:15', 'Matthew 24:8']
[ 507/582 ]   chunks: 8/20 updated, +19 refs
[ 508/582 ] Derek Prince — What Is God Waiting For? → +3 doc refs: ['1 Peter 1:19', '1 Peter 2:5', 'Exodus 25:8-9']
[ 508/582 ]   chunks: 10/20 updated, +19 refs
[ 509/582 ] Derek Prince — How To Approach Biblical Prophecy → +3 doc refs: ['2 Chronicles 7:1', 'Exodus 40:34', 'Matthew 17:1-2']
[ 509/582 ]   chunks: 11/32 updated, +28 refs
[ 510/582 ] Derek Prince — First Discover the Spine → +2 doc refs: ['Acts 1:12', 'Zechariah 14:4']
[ 510/582 ]   chunks: 11/31 updated, +21 refs
[ 511/582 ] Derek Prince — Pressures, Tests And Challenges → +1 doc refs: ['Matthew 24:37']
[ 511/582 ]   chunks: 10/28 updated, +18 refs
[ 512/582 ] Derek Prince — You Can Come Through Victorious → +1 doc refs: ['Romans 8:37']
[ 512/582 ]   chunks: 14/22 updated, +41 refs
[ 513/582 ] Derek Prince — Worship → +2 doc refs: ['1 John 1:7', 'Hebrews 9:14']
[ 513/582 ]   chunks: 12/28 updated, +17 refs
[ 514/582 ] Derek Prince — How To Be Delivered → +1 doc refs: ['1 John 2:27']
[ 514/582 ]   chunks: 26/78 updated, +54 refs
[ 515/582 ] Derek Prince — Fierce Times Are Coming → +2 doc refs: ['1 Corinthians 1:18', 'Romans 1:16']
[ 515/582 ]   chunks: 6/24 updated, +18 refs
[ 516/582 ]   chunks: 6/25 updated, +7 refs
[ 517/582 ]   chunks: 5/29 updated, +7 refs
[ 518/582 ] Derek Prince — God Holds The Church Accountable → +2 doc refs: ['1 Corinthians 1:18', 'Romans 1:16']
[ 518/582 ]   chunks: 8/16 updated, +13 refs
[ 519/582 ]   chunks: 6/22 updated, +10 refs
[ 520/582 ]   chunks: 3/18 updated, +5 refs
[ 521/582 ] Derek Prince — Self-Humbling Through Fasting → +2 doc refs: ['Leviticus 16:30', 'Leviticus 23:27']
[ 521/582 ]   chunks: 6/19 updated, +13 refs
[ 522/582 ] Derek Prince — The Bride Prepares Herself → +1 doc refs: ['Matthew 4:23']
[ 522/582 ]   chunks: 3/17 updated, +5 refs
[ 523/582 ] Derek Prince — A Vision Of Holiness → +3 doc refs: ['Ephesians 5:25-27', 'Ephesians 6:17', 'Revelation 19:7']
[ 523/582 ]   chunks: 7/21 updated, +11 refs
[ 524/582 ] Derek Prince — Four Truths for Life → +2 doc refs: ['1 Corinthians 1:18', 'Romans 1:16']
[ 524/582 ]   chunks: 7/21 updated, +14 refs
[ 525/582 ]   chunks: 6/22 updated, +13 refs
[ 526/582 ]   chunks: 6/25 updated, +9 refs
[ 527/582 ]   chunks: 3/17 updated, +8 refs
[ 528/582 ]   chunks: 10/48 updated, +22 refs
[ 529/582 ]   chunks: 12/46 updated, +36 refs
[ 530/582 ]   chunks: 2/26 updated, +6 refs
[ 531/582 ] Derek Prince — The Lord’s Treasure - The Fear of the Lord → +1 doc refs: ['Proverbs 9:10']
[ 531/582 ]   chunks: 19/20 updated, +54 refs
[ 532/582 ]   chunks: 6/24 updated, +13 refs
[ 533/582 ]   chunks: 7/19 updated, +17 refs
[ 534/582 ] Derek Prince — The Resurrection → +1 doc refs: ['Revelation 20:11']
[ 534/582 ]   chunks: 4/18 updated, +5 refs
[ 535/582 ]   chunks: 11/27 updated, +30 refs
[ 536/582 ]   chunks: 12/37 updated, +20 refs
[ 537/582 ]   chunks: 5/17 updated, +13 refs
[ 538/582 ] Derek Prince — Prophecy - God’s Time Map → +2 doc refs: ['John 1:12', 'Romans 8:16']
[ 538/582 ]   chunks: 15/25 updated, +37 refs
[ 539/582 ] John Bevere — Don’t Fall For This Trick. → +1 doc refs: ['Revelation 21:2']
[ 539/582 ]   chunks: 6/18 updated, +9 refs
[ 540/582 ] John Bevere — How to Know If You're a TRUE Child of God → +2 doc refs: ['Acts 2:17', 'Joel 2:28']
[ 540/582 ]   chunks: 3/18 updated, +6 refs
[ 541/582 ]   chunks: 11/18 updated, +18 refs
[ 542/582 ]   chunks: 7/19 updated, +17 refs
[ 543/582 ]   chunks: 2/19 updated, +4 refs
[ 544/582 ] John Bevere — The Greatest Lie About Christianity in America → +4 doc refs: ['Ephesians 5:25-27', 'Philippians 4:3', 'Revelation 19:7', 'Revelation 20:15']
[ 544/582 ]   chunks: 6/18 updated, +16 refs
[ 545/582 ]   chunks: 2/22 updated, +3 refs
[ 546/582 ] John Bevere — What Happens RIGHT Before The Anti-Christ Shows Up → +3 doc refs: ['2 Peter 3:10', 'Acts 2:20', 'Joel 2:31']
[ 546/582 ]   chunks: 7/18 updated, +23 refs
[ 547/582 ]   chunks: 7/19 updated, +13 refs
[ 548/582 ] John Bevere — Experience God's Awe → +6 doc refs: ['1 John 2:27', '1 Peter 2:9', '2 Corinthians 3:18', 'Matthew 6:10', 'Proverbs 1:7', 'Proverbs 9:10']
[ 548/582 ]   chunks: 14/19 updated, +35 refs
[ 549/582 ]   chunks: 1/6 updated, +2 refs
[ 550/582 ] John Bevere — It's Never Too Late → +3 doc refs: ['Ephesians 2:8', 'Luke 17:21', 'Mark 1:15']
[ 550/582 ]   chunks: 4/8 updated, +6 refs
[ 551/582 ]   chunks: 4/11 updated, +7 refs
[ 552/582 ] John Bevere — Escaping the TRAP of "Casual Christianity" → +1 doc refs: ['Romans 12:2']
[ 552/582 ]   chunks: 7/16 updated, +11 refs
[ 553/582 ]   chunks: 3/11 updated, +6 refs
[ 554/582 ]   chunks: 4/9 updated, +6 refs
[ 555/582 ]   chunks: 1/8 updated, +2 refs
[ 556/582 ]   chunks: 4/15 updated, +8 refs
[ 557/582 ]   chunks: 4/8 updated, +8 refs
[ 558/582 ]   chunks: 6/21 updated, +8 refs
[ 559/582 ] John Bevere — Take Your Mind Back! (and here's how) → +1 doc refs: ['Matthew 28:19-20']
[ 559/582 ]   chunks: 9/23 updated, +17 refs
[ 560/582 ]   chunks: 3/7 updated, +6 refs
[ 561/582 ] John Bevere — The End of The World Won’t Look How You Think It W → +2 doc refs: ['2 Peter 3:10', 'Joel 2:31']
[ 561/582 ]   chunks: 4/20 updated, +11 refs
[ 562/582 ] John Bevere — The End Times Timeline Nobody Taught You → +2 doc refs: ['Leviticus 23:24', 'Psalm 16:11']
[ 562/582 ]   chunks: 5/19 updated, +10 refs
[ 563/582 ]   chunks: 7/16 updated, +12 refs
[ 564/582 ] John Bevere — The One Thing That Cuts You Off From Hearing God → +3 doc refs: ['2 Corinthians 3:17', 'John 14:17', 'John 16:13']
[ 564/582 ]   chunks: 5/19 updated, +6 refs
[ 565/582 ]   chunks: 2/11 updated, +4 refs
[ 566/582 ]   chunks: 1/21 updated, +2 refs
[ 567/582 ]   chunks: 3/13 updated, +7 refs
[ 568/582 ] John Bevere — What Do You Want Your Legacy to Be? → +3 doc refs: ['Luke 17:21', 'Mark 1:15', 'Revelation 20:11']
[ 568/582 ]   chunks: 3/9 updated, +5 refs
[ 569/582 ] John Bevere — Why Does God HATE Sin? Watch This. → +1 doc refs: ['1 John 2:27']
[ 569/582 ]   chunks: 8/9 updated, +11 refs
[ 570/582 ]   chunks: 7/11 updated, +12 refs
[ 571/582 ]   chunks: 5/18 updated, +10 refs
[ 573/582 ] Jack Deere — Being Filled with the Spirit → +4 doc refs: ['1 Corinthians 12:4-11', '1 Corinthians 14:2', 'Acts 2:4', 'Ephesians 5:18']
[ 573/582 ]   chunks: 17/18 updated, +50 refs
[ 574/582 ]   chunks: 2/4 updated, +4 refs
[ 575/582 ]   chunks: 3/17 updated, +6 refs
[ 576/582 ] Jack Deere — Healing and Prophecy: An Interview with Jack Deere → +7 doc refs: ['1 Corinthians 12:4-11', '1 Corinthians 12:9', 'Acts 2:43', 'Acts 5:12', 'Hebrews 2:4', 'Luke 8:43', 'Mark 5:25']
[ 576/582 ]   chunks: 5/14 updated, +14 refs
[ 577/582 ]   chunks: 5/29 updated, +8 refs
[ 578/582 ]   chunks: 5/29 updated, +8 refs
[ 579/582 ]   chunks: 12/25 updated, +31 refs
[ 580/582 ] Jack Deere — Prophecy and Healing - Dr Jack Deere → +3 doc refs: ['Hebrews 4:16', 'Mark 5:28', 'Matthew 9:20']
[ 580/582 ]   chunks: 6/25 updated, +10 refs
[ 581/582 ] Jack Deere — Q&A with Jack Deere and Michael Miller → +2 doc refs: ['1 Timothy 2:1', 'Romans 8:26-27']
[ 581/582 ]   chunks: 4/25 updated, +8 refs
[ 582/582 ] Michael Brown — What is the baptism of the Holy Spirit (with Dr. M → +5 doc refs: ['1 Corinthians 12:4-11', 'Acts 1:5', 'Acts 2:4', 'John 3:3', 'John 3:7']
[ 582/582 ]   chunks: 7/10 updated, +33 refs

================================================================
SUMMARY
================================================================
  Total processed: 582
  Docs updated:    327
  New doc refs:    1013
  Chunks updated:  4881
  New chunk refs:  11557
  Failed:          0
