/Users/alexwhitley/Library/Python/3.9/lib/python/site-packages/urllib3/__init__.py:35: NotOpenSSLWarning: urllib3 v2 only supports OpenSSL 1.1.1+, currently the 'ssl' module is compiled with 'LibreSSL 2.8.3'. See: https://github.com/urllib3/urllib3/issues/3020
  warnings.warn(
Loaded 522 phrases from phrase_lookup.json
Processing 343 document(s) [doc+chunk]

[   1/343 ] Matthew Henry — Matthew Henry's Commentary - Genesis → +5 doc refs: ['1 Corinthians 1:18', 'John 10:11', 'John 8:12', 'Matthew 5:14', 'Romans 1:16']
[   1/343 ]   chunks: 70/239 updated, +154 refs
[   2/343 ] Adam Clarke — Adam Clarke's Commentary - Genesis → +1 doc refs: ['Revelation 22:13']
[   2/343 ]   chunks: 51/877 updated, +106 refs
[   3/343 ]   chunks: 11/529 updated, +15 refs
[   4/343 ] Matthew Henry — Matthew Henry's Commentary - John → +14 doc refs: ['2 Corinthians 3:18', 'Acts 2:43', 'Acts 5:12', 'Daniel 3:20-25', 'Exodus 25:8-9', 'Galatians 4:5', 'Hebrews 2:4', 'John 1:12'] ...
[   4/343 ]   chunks: 79/96 updated, +377 refs
[   5/343 ] Adam Clarke — Adam Clarke's Commentary - John → +1 doc refs: ['John 11:25']
[   5/343 ]   chunks: 106/746 updated, +213 refs
[   6/343 ]   chunks: 55/680 updated, +104 refs
[   7/343 ] Matthew Henry — Matthew Henry's Commentary - Exodus → +1 doc refs: ['John 15:5']
[   7/343 ]   chunks: 70/136 updated, +189 refs
[   8/343 ] Matthew Henry — Matthew Henry's Commentary - Leviticus → +7 doc refs: ['1 John 1:7', '1 Kings 19:12', '1 Timothy 4:14', 'Acts 8:17', 'Hebrews 6:2', 'Hebrews 9:14', 'Romans 12:1']
[   8/343 ]   chunks: 40/88 updated, +111 refs
[   9/343 ] Matthew Henry — Matthew Henry's Commentary - Numbers → +2 doc refs: ['1 Corinthians 1:18', 'Romans 1:16']
[   9/343 ]   chunks: 49/93 updated, +116 refs
[  10/343 ] Matthew Henry — Matthew Henry's Commentary - Deuteronomy → +5 doc refs: ['Exodus 13:21', 'Galatians 4:5', 'Luke 17:21', 'Mark 1:15', 'Romans 8:15']
[  10/343 ]   chunks: 42/101 updated, +114 refs
[  11/343 ]   chunks: 32/69 updated, +80 refs
[  12/343 ] Matthew Henry — Matthew Henry's Commentary - Judges → +2 doc refs: ['2 Corinthians 5:21', 'Romans 8:37']
[  12/343 ]   chunks: 25/72 updated, +48 refs
[  13/343 ] Matthew Henry — Matthew Henry's Commentary - Ruth → +3 doc refs: ['Deuteronomy 26:9', 'Exodus 3:8', 'Luke 14:28']
[  13/343 ]   chunks: 3/12 updated, +7 refs
[  14/343 ] Matthew Henry — Matthew Henry's Commentary - 1 Samuel → +6 doc refs: ['Hebrews 4:16', 'John 14:26', 'John 16:7', 'Romans 12:1', 'Romans 8:14', 'Romans 8:19']
[  14/343 ]   chunks: 36/103 updated, +75 refs
[  15/343 ] Matthew Henry — Matthew Henry's Commentary - 2 Samuel → +2 doc refs: ['1 John 2:27', '2 Corinthians 5:21']
[  15/343 ]   chunks: 17/72 updated, +26 refs
[  16/343 ] Matthew Henry — Matthew Henry's Commentary - 1 Kings → +2 doc refs: ['Luke 17:21', 'Mark 1:15']
[  16/343 ]   chunks: 28/73 updated, +64 refs
[  17/343 ] Matthew Henry — Matthew Henry's Commentary - 2 Kings → +2 doc refs: ['1 Corinthians 1:18', 'Romans 1:16']
[  17/343 ]   chunks: 19/82 updated, +39 refs
[  18/343 ] Matthew Henry — Matthew Henry's Commentary - 1 Chronicles → +3 doc refs: ['1 Peter 2:9', 'Philippians 4:3', 'Revelation 20:15']
[  18/343 ]   chunks: 14/66 updated, +28 refs
[  19/343 ]   chunks: 21/83 updated, +41 refs
[  20/343 ] Matthew Henry — Matthew Henry's Commentary - Ezra → +6 doc refs: ['Isaiah 61:1', 'John 1:12', 'Luke 4:18', 'Philippians 4:3', 'Revelation 20:15', 'Romans 8:16']
[  20/343 ]   chunks: 13/26 updated, +26 refs
[  21/343 ] Matthew Henry — Matthew Henry's Commentary - Nehemiah → +5 doc refs: ['Colossians 2:15', 'Ephesians 1:6', 'Ephesians 6:12', 'Hebrews 4:16', 'Psalm 16:11']
[  21/343 ]   chunks: 17/32 updated, +33 refs
[  22/343 ]   chunks: 6/21 updated, +11 refs
[  23/343 ] Matthew Henry — Matthew Henry's Commentary - Job → +5 doc refs: ['Proverbs 1:7', 'Proverbs 9:10', 'Psalm 16:11', 'Romans 8:14', 'Romans 8:19']
[  23/343 ]   chunks: 57/134 updated, +117 refs
[  24/343 ] Matthew Henry — Matthew Henry's Commentary - Psalms → +6 doc refs: ['1 John 2:27', 'Luke 17:21', 'Mark 1:15', 'Matthew 16:18', 'Matthew 6:10', 'Revelation 21:2']
[  24/343 ]   chunks: 227/443 updated, +529 refs
[  25/343 ] Matthew Henry — Matthew Henry's Commentary - Proverbs → +4 doc refs: ['Proverbs 1:7', 'Proverbs 9:10', 'Revelation 1:8', 'Revelation 22:13']
[  25/343 ]   chunks: 52/519 updated, +99 refs
[  26/343 ] Matthew Henry — Matthew Henry's Commentary - Ecclesiastes → +3 doc refs: ['Psalm 40:3', 'Psalm 96:1', 'Revelation 5:9']
[  26/343 ]   chunks: 9/42 updated, +14 refs
[  27/343 ]   chunks: 113/192 updated, +348 refs
[  28/343 ] Matthew Henry — Matthew Henry's Commentary - Jeremiah → +2 doc refs: ['1 Corinthians 1:18', 'Romans 1:16']
[  28/343 ]   chunks: 44/148 updated, +103 refs
[  29/343 ] Matthew Henry — Matthew Henry's Commentary - Lamentations → +5 doc refs: ['1 Chronicles 16:29', '1 Peter 2:9', 'John 14:26', 'John 15:26', 'Psalm 96:9']
[  29/343 ]   chunks: 8/14 updated, +17 refs
[  30/343 ] Matthew Henry — Matthew Henry's Commentary - Ezekiel → +8 doc refs: ['1 Corinthians 12:10', '1 Corinthians 15:52', '2 Chronicles 7:1', 'Exodus 40:34', 'Hebrews 4:16', 'Isaiah 40:3', 'Matthew 3:3', 'Romans 10:17']
[  30/343 ]   chunks: 63/131 updated, +175 refs
[  31/343 ] Matthew Henry — Matthew Henry's Commentary - Daniel → +4 doc refs: ['1 Peter 2:9', '2 Corinthians 5:21', '2 Kings 2:9', 'Daniel 3:20-25']
[  31/343 ]   chunks: 25/40 updated, +65 refs
[  32/343 ] Matthew Henry — Matthew Henry's Commentary - Hosea → +8 doc refs: ['Galatians 4:5', 'John 19:30', 'John 1:12', 'John 4:10', 'John 7:38', 'Revelation 2:4', 'Romans 8:15', 'Romans 8:16']
[  32/343 ]   chunks: 22/33 updated, +71 refs
[  33/343 ] Matthew Henry — Matthew Henry's Commentary - Joel → +5 doc refs: ['2 Peter 3:10', 'Acts 2:20', 'Joel 2:31', 'John 1:12', 'Romans 8:16']
[  33/343 ]   chunks: 9/10 updated, +43 refs
[  34/343 ] Matthew Henry — Matthew Henry's Commentary - Amos → +2 doc refs: ['1 Peter 5:8', 'Hebrews 11:1']
[  34/343 ]   chunks: 8/21 updated, +24 refs
[  35/343 ] Matthew Henry — Matthew Henry's Commentary - Obadiah → +7 doc refs: ['2 Corinthians 10:4', '2 Peter 3:10', 'Acts 2:20', 'Colossians 2:15', 'Joel 2:31', 'Matthew 16:18', 'Revelation 21:2']
[  35/343 ]   chunks: 2/2 updated, +7 refs
[  36/343 ] Matthew Henry — Matthew Henry's Commentary - Jonah → +13 doc refs: ['1 Corinthians 1:18', '1 Peter 2:9', '2 Peter 3:10', 'Acts 2:20', 'Hebrews 4:16', 'Joel 2:31', 'Jonah 1:17', 'Luke 17:21'] ...
[  36/343 ]   chunks: 3/3 updated, +15 refs
[  37/343 ] Matthew Henry — Matthew Henry's Commentary - Micah → +1 doc refs: ['Romans 6:23']
[  37/343 ]   chunks: 10/17 updated, +22 refs
[  38/343 ] Matthew Henry — Matthew Henry's Commentary - Nahum → +3 doc refs: ['1 Corinthians 1:18', 'Exodus 13:21', 'Romans 1:16']
[  38/343 ]   chunks: 1/7 updated, +3 refs
[  39/343 ] Matthew Henry — Matthew Henry's Commentary - Habakkuk → +4 doc refs: ['Habakkuk 2:4', 'Matthew 24:34', 'Revelation 21:2', 'Romans 1:17']
[  39/343 ]   chunks: 7/8 updated, +14 refs
[  40/343 ] Matthew Henry — Matthew Henry's Commentary - Zephaniah → +4 doc refs: ['2 Peter 3:10', 'Acts 2:20', 'Joel 2:31', 'Psalm 16:11']
[  40/343 ]   chunks: 7/10 updated, +20 refs
[  41/343 ] Matthew Henry — Matthew Henry's Commentary - Haggai → +6 doc refs: ['Hosea 6:3', 'James 5:7', 'Joel 2:23', 'Luke 17:21', 'Mark 1:15', 'Matthew 6:33']
[  41/343 ]   chunks: 2/5 updated, +9 refs
[  42/343 ] Matthew Henry — Matthew Henry's Commentary - Zechariah → +3 doc refs: ['1 Corinthians 2:4', '1 Peter 5:8', 'Romans 10:17']
[  42/343 ]   chunks: 24/34 updated, +91 refs
[  43/343 ] Matthew Henry — Matthew Henry's Commentary - Malachi → +1 doc refs: ['Hebrews 4:16']
[  43/343 ]   chunks: 6/9 updated, +33 refs
[  44/343 ] Matthew Henry — Matthew Henry's Commentary - Matthew → +4 doc refs: ['1 John 2:27', '2 Corinthians 12:7', 'John 1:12', 'Romans 8:16']
[  44/343 ]   chunks: 60/80 updated, +243 refs
[  45/343 ] Matthew Henry — Matthew Henry's Commentary - Mark → +6 doc refs: ['Isaiah 40:3', 'Luke 17:21', 'Mark 1:15', 'Matthew 24:14', 'Matthew 3:3', 'Matthew 4:23']
[  45/343 ]   chunks: 38/69 updated, +108 refs
[  46/343 ] Matthew Henry — Matthew Henry's Commentary - Luke → +15 doc refs: ['1 Corinthians 1:18', '1 Kings 19:12', '2 Peter 3:10', 'Acts 2:20', 'Acts 2:4', 'Ephesians 5:18', 'Galatians 4:5', 'Joel 2:31'] ...
[  46/343 ]   chunks: 79/109 updated, +251 refs
[  47/343 ] Matthew Henry — Matthew Henry's Commentary - Acts → +15 doc refs: ['2 Kings 2:11', 'Acts 1:12', 'Acts 1:13', 'Acts 1:4', 'Acts 2:1', 'Galatians 4:5', 'John 14:17', 'John 14:26'] ...
[  47/343 ]   chunks: 78/109 updated, +297 refs
[  48/343 ] Matthew Henry — Matthew Henry's Commentary - Romans → +9 doc refs: ['1 Corinthians 1:18', '2 Corinthians 3:18', '2 Corinthians 5:21', 'Habakkuk 2:4', 'Proverbs 27:17', 'Revelation 1:8', 'Revelation 22:13', 'Romans 1:16'] ...
[  48/343 ]   chunks: 39/49 updated, +149 refs
[  49/343 ] Matthew Henry — Matthew Henry's Commentary - 1 Corinthians → +4 doc refs: ['1 Peter 2:9', 'Acts 2:43', 'Acts 5:12', 'Hebrews 2:4']
[  49/343 ]   chunks: 26/67 updated, +72 refs
[  50/343 ] Matthew Henry — Matthew Henry's Commentary - 2 Corinthians → +3 doc refs: ['Hebrews 4:16', 'John 14:26', 'John 15:26']
[  50/343 ]   chunks: 18/38 updated, +36 refs
[  51/343 ]   chunks: 6/18 updated, +27 refs
[  52/343 ] Matthew Henry — Matthew Henry's Commentary - Ephesians → +3 doc refs: ['1 John 1:7', 'Ephesians 1:6', 'Hebrews 9:14']
[  52/343 ]   chunks: 14/18 updated, +44 refs
[  53/343 ] Matthew Henry — Matthew Henry's Commentary - Philippians → +2 doc refs: ['Hebrews 4:16', 'Matthew 16:18']
[  53/343 ]   chunks: 12/19 updated, +29 refs
[  54/343 ] Matthew Henry — Matthew Henry's Commentary - Colossians → +4 doc refs: ['1 Corinthians 1:18', 'John 14:17', 'John 16:13', 'Romans 1:16']
[  54/343 ]   chunks: 11/17 updated, +37 refs
[  55/343 ] Matthew Henry — Matthew Henry's Commentary - 1 Thessalonians → +1 doc refs: ['Hebrews 11:1']
[  55/343 ]   chunks: 10/18 updated, +25 refs
[  56/343 ] Matthew Henry — Matthew Henry's Commentary - 2 Thessalonians → +8 doc refs: ['1 Corinthians 1:18', '2 Corinthians 5:21', 'Luke 17:21', 'Mark 14:38', 'Mark 1:15', 'Matthew 26:41', 'Psalm 16:11', 'Romans 1:16']
[  56/343 ]   chunks: 6/10 updated, +16 refs
[  57/343 ]   chunks: 9/17 updated, +20 refs
[  58/343 ] Matthew Henry — Matthew Henry's Commentary - 2 Timothy → +6 doc refs: ['1 Corinthians 1:18', 'Ephesians 4:15', 'Exodus 25:10', 'Hebrews 4:16', 'Hebrews 9:4', 'Romans 1:16']
[  58/343 ]   chunks: 8/13 updated, +16 refs
[  59/343 ] Matthew Henry — Matthew Henry's Commentary - Titus → +3 doc refs: ['Acts 2:4', 'Ephesians 5:18', 'Romans 10:17']
[  59/343 ]   chunks: 5/8 updated, +22 refs
[  60/343 ] Matthew Henry — Matthew Henry's Commentary - Philemon → +2 doc refs: ['2 Corinthians 5:21', 'Ephesians 1:6']
[  60/343 ]   chunks: 2/2 updated, +2 refs
[  61/343 ] Matthew Henry — Matthew Henry's Commentary - Hebrews → +10 doc refs: ['1 John 2:27', 'Acts 2:43', 'Acts 5:12', 'Hebrews 2:4', 'John 1:12', 'Romans 8:14', 'Romans 8:16', 'Romans 8:17'] ...
[  61/343 ]   chunks: 18/24 updated, +62 refs
[  62/343 ] Matthew Henry — Matthew Henry's Commentary - James → +7 doc refs: ['Hebrews 4:16', 'John 19:30', 'John 1:12', 'Luke 17:21', 'Mark 1:15', 'Romans 6:23', 'Romans 8:16']
[  62/343 ]   chunks: 10/13 updated, +24 refs
[  63/343 ] Matthew Henry — Matthew Henry's Commentary - 1 Peter → +7 doc refs: ['1 John 1:7', 'Hebrews 11:1', 'Hebrews 9:14', 'John 1:12', 'John 3:3', 'John 3:7', 'Romans 8:16']
[  63/343 ]   chunks: 11/22 updated, +33 refs
[  64/343 ] Matthew Henry — Matthew Henry's Commentary - 2 Peter → +5 doc refs: ['1 Corinthians 1:18', 'John 15:5', 'John 1:12', 'Romans 1:16', 'Romans 8:16']
[  64/343 ]   chunks: 9/14 updated, +30 refs
[  65/343 ] Matthew Henry — Matthew Henry's Commentary - 1 John → +4 doc refs: ['1 John 1:7', 'Hebrews 9:14', 'John 8:12', 'Matthew 5:14']
[  65/343 ]   chunks: 17/26 updated, +58 refs
[  66/343 ] Matthew Henry — Matthew Henry's Commentary - 2 John → +3 doc refs: ['1 Corinthians 1:18', 'Ephesians 1:6', 'Romans 1:16']
[  66/343 ]   chunks: 2/5 updated, +3 refs
[  68/343 ] Matthew Henry — Matthew Henry's Commentary - Jude → +2 doc refs: ['2 Corinthians 5:21', 'Hebrews 4:16']
[  68/343 ]   chunks: 2/4 updated, +6 refs
[  69/343 ] Matthew Henry — Matthew Henry's Commentary - Revelation → +9 doc refs: ['Colossians 2:15', 'Ephesians 1:6', 'Ephesians 6:12', 'John 1:12', 'Philippians 4:3', 'Revelation 1:7', 'Revelation 20:15', 'Revelation 22:13'] ...
[  69/343 ]   chunks: 31/56 updated, +88 refs
[  70/343 ]   chunks: 81/705 updated, +185 refs
[  71/343 ]   chunks: 35/326 updated, +69 refs
[  72/343 ] Adam Clarke — Adam Clarke's Commentary - Numbers → +2 doc refs: ['Joshua 20:2', 'Numbers 35:6']
[  72/343 ]   chunks: 4/15 updated, +8 refs
[  73/343 ]   chunks: 19/405 updated, +35 refs
[  74/343 ]   chunks: 2/62 updated, +3 refs
[  75/343 ] Adam Clarke — Adam Clarke's Commentary - 1 Samuel → +2 doc refs: ['John 7:37', 'Leviticus 23:34']
[  75/343 ]   chunks: 1/69 updated, +2 refs
[  76/343 ]   chunks: 3/338 updated, +4 refs
[  77/343 ]   chunks: 23/423 updated, +51 refs
[  78/343 ]   chunks: 2/45 updated, +3 refs
[  79/343 ]   chunks: 3/299 updated, +5 refs
[  80/343 ]   chunks: 14/374 updated, +28 refs
[  81/343 ]   chunks: 5/115 updated, +9 refs
[  82/343 ]   chunks: 7/191 updated, +14 refs
[  84/343 ]   chunks: 9/271 updated, +14 refs
[  85/343 ]   chunks: 11/171 updated, +16 refs
[  86/343 ]   chunks: 2/108 updated, +3 refs
[  87/343 ]   chunks: 31/710 updated, +63 refs
[  88/343 ]   chunks: 10/258 updated, +25 refs
[  89/343 ]   chunks: 4/151 updated, +8 refs
[  90/343 ]   chunks: 6/133 updated, +13 refs
[  91/343 ]   chunks: 1/19 updated, +3 refs
[  92/343 ] Adam Clarke — Adam Clarke's Commentary - Jonah → +1 doc refs: ['Psalm 16:11']
[  92/343 ]   chunks: 5/45 updated, +10 refs
[  93/343 ]   chunks: 2/96 updated, +3 refs
[  95/343 ]   chunks: 1/54 updated, +1 refs
[  96/343 ]   chunks: 2/51 updated, +2 refs
[  98/343 ]   chunks: 12/179 updated, +23 refs
[  99/343 ]   chunks: 17/336 updated, +32 refs
[ 100/343 ]   chunks: 16/189 updated, +42 refs
[ 101/343 ] Adam Clarke — Adam Clarke's Commentary - Acts → +2 doc refs: ['Luke 17:21', 'Mark 1:15']
[ 101/343 ]   chunks: 69/884 updated, +148 refs
[ 102/343 ] Adam Clarke — Adam Clarke's Commentary - Romans → +2 doc refs: ['Romans 8:14', 'Romans 8:19']
[ 102/343 ]   chunks: 65/419 updated, +136 refs
[ 103/343 ] Adam Clarke — Adam Clarke's Commentary - 1 Corinthians → +2 doc refs: ['Acts 3:6', 'Philippians 2:10']
[ 103/343 ]   chunks: 45/416 updated, +95 refs
[ 104/343 ]   chunks: 30/253 updated, +62 refs
[ 105/343 ] Adam Clarke — Adam Clarke's Commentary - Galatians → +1 doc refs: ['Matthew 16:19']
[ 105/343 ]   chunks: 20/147 updated, +39 refs
[ 106/343 ]   chunks: 44/153 updated, +77 refs
[ 107/343 ]   chunks: 15/103 updated, +27 refs
[ 108/343 ]   chunks: 13/91 updated, +22 refs
[ 109/343 ]   chunks: 12/86 updated, +26 refs
[ 110/343 ] Adam Clarke — Adam Clarke's Commentary - 2 Thessalonians → +2 doc refs: ['1 Corinthians 1:18', 'Romans 1:16']
[ 110/343 ]   chunks: 6/45 updated, +14 refs
[ 111/343 ]   chunks: 12/112 updated, +27 refs
[ 112/343 ] Adam Clarke — Adam Clarke's Commentary - 2 Timothy → +1 doc refs: ['Colossians 3:3']
[ 112/343 ]   chunks: 5/83 updated, +7 refs
[ 113/343 ]   chunks: 3/46 updated, +5 refs
[ 114/343 ] Adam Clarke — Adam Clarke's Commentary - Philemon → +1 doc refs: ['Ephesians 1:6']
[ 114/343 ]   chunks: 1/24 updated, +1 refs
[ 115/343 ] Adam Clarke — Adam Clarke's Commentary - Hebrews → +1 doc refs: ['Romans 8:17']
[ 115/343 ]   chunks: 68/290 updated, +182 refs
[ 116/343 ]   chunks: 14/106 updated, +25 refs
[ 117/343 ] Adam Clarke — Adam Clarke's Commentary - 1 Peter → +10 doc refs: ['1 Corinthians 12:9', '1 John 1:7', 'Hebrews 11:1', 'Hebrews 9:14', 'John 1:12', 'John 3:3', 'John 3:7', 'Romans 8:14'] ...
[ 117/343 ]   chunks: 22/102 updated, +48 refs
[ 118/343 ] Adam Clarke — Adam Clarke's Commentary - 2 Peter → +1 doc refs: ['2 Corinthians 5:21']
[ 118/343 ]   chunks: 12/59 updated, +21 refs
[ 119/343 ]   chunks: 25/103 updated, +62 refs
[ 120/343 ]   chunks: 1/13 updated, +3 refs
[ 121/343 ]   chunks: 1/14 updated, +1 refs
[ 122/343 ]   chunks: 1/25 updated, +1 refs
[ 123/343 ]   chunks: 54/392 updated, +103 refs
[ 124/343 ]   chunks: 26/362 updated, +48 refs
[ 125/343 ]   chunks: 29/226 updated, +48 refs
[ 126/343 ]   chunks: 10/372 updated, +18 refs
[ 127/343 ]   chunks: 14/288 updated, +29 refs
[ 128/343 ]   chunks: 4/209 updated, +7 refs
[ 129/343 ]   chunks: 6/242 updated, +10 refs
[ 131/343 ]   chunks: 2/294 updated, +3 refs
[ 132/343 ]   chunks: 6/209 updated, +10 refs
[ 133/343 ]   chunks: 4/247 updated, +10 refs
[ 134/343 ]   chunks: 7/260 updated, +11 refs
[ 135/343 ]   chunks: 4/271 updated, +7 refs
[ 136/343 ]   chunks: 8/257 updated, +14 refs
[ 137/343 ]   chunks: 1/74 updated, +2 refs
[ 138/343 ]   chunks: 2/89 updated, +4 refs
[ 140/343 ]   chunks: 10/954 updated, +19 refs
[ 141/343 ]   chunks: 12/799 updated, +20 refs
[ 142/343 ]   chunks: 3/781 updated, +7 refs
[ 143/343 ] Jamieson, Fausset & Brown — Jamieson-Fausset-Brown Commentary - Ecclesiastes → +2 doc refs: ['Exodus 26:33', 'Hebrews 9:3']
[ 143/343 ]   chunks: 2/202 updated, +4 refs
[ 144/343 ]   chunks: 35/1200 updated, +69 refs
[ 145/343 ]   chunks: 18/1164 updated, +40 refs
[ 146/343 ] Jamieson, Fausset & Brown — Jamieson-Fausset-Brown Commentary - Lamentations → +2 doc refs: ['John 7:37', 'Leviticus 23:34']
[ 146/343 ]   chunks: 1/148 updated, +2 refs
[ 147/343 ]   chunks: 38/932 updated, +73 refs
[ 148/343 ]   chunks: 16/305 updated, +34 refs
[ 149/343 ]   chunks: 5/181 updated, +9 refs
[ 150/343 ]   chunks: 4/69 updated, +11 refs
[ 151/343 ]   chunks: 5/132 updated, +13 refs
[ 152/343 ]   chunks: 1/20 updated, +3 refs
[ 153/343 ] Jamieson, Fausset & Brown — Jamieson-Fausset-Brown Commentary - Jonah → +1 doc refs: ['Psalm 16:11']
[ 153/343 ]   chunks: 3/43 updated, +4 refs
[ 154/343 ]   chunks: 1/96 updated, +2 refs
[ 156/343 ]   chunks: 1/53 updated, +2 refs
[ 157/343 ]   chunks: 4/50 updated, +5 refs
[ 158/343 ]   chunks: 1/33 updated, +2 refs
[ 159/343 ]   chunks: 13/189 updated, +27 refs
[ 160/343 ]   chunks: 2/51 updated, +2 refs
[ 161/343 ]   chunks: 52/525 updated, +111 refs
[ 162/343 ]   chunks: 5/46 updated, +6 refs
[ 163/343 ]   chunks: 37/596 updated, +65 refs
[ 164/343 ] Jamieson, Fausset & Brown — Jamieson-Fausset-Brown Commentary - Acts → +2 doc refs: ['Luke 17:21', 'Mark 1:15']
[ 164/343 ]   chunks: 20/500 updated, +39 refs
[ 165/343 ]   chunks: 48/385 updated, +87 refs
[ 166/343 ]   chunks: 40/416 updated, +75 refs
[ 167/343 ]   chunks: 16/240 updated, +33 refs
[ 168/343 ]   chunks: 15/143 updated, +22 refs
[ 169/343 ] Jamieson, Fausset & Brown — Jamieson-Fausset-Brown Commentary - Ephesians → +1 doc refs: ['Psalm 16:11']
[ 169/343 ]   chunks: 26/148 updated, +50 refs
[ 170/343 ]   chunks: 10/98 updated, +16 refs
[ 171/343 ]   chunks: 14/91 updated, +24 refs
[ 172/343 ]   chunks: 9/84 updated, +18 refs
[ 173/343 ]   chunks: 4/44 updated, +9 refs
[ 174/343 ]   chunks: 10/106 updated, +22 refs
[ 175/343 ]   chunks: 2/79 updated, +3 refs
[ 176/343 ]   chunks: 1/43 updated, +3 refs
[ 178/343 ] Jamieson, Fausset & Brown — Jamieson-Fausset-Brown Commentary - Hebrews → +6 doc refs: ['Acts 1:4', 'Exodus 25:17', 'Hebrews 9:5', 'Luke 24:49', 'Romans 8:14', 'Romans 8:19']
[ 178/343 ]   chunks: 57/288 updated, +145 refs
[ 179/343 ]   chunks: 7/103 updated, +16 refs
[ 180/343 ] Jamieson, Fausset & Brown — Jamieson-Fausset-Brown Commentary - 1 Peter → +3 doc refs: ['John 3:3', 'John 3:7', 'Matthew 6:10']
[ 180/343 ]   chunks: 18/99 updated, +39 refs
[ 181/343 ] Jamieson, Fausset & Brown — Jamieson-Fausset-Brown Commentary - 2 Peter → +1 doc refs: ['1 Corinthians 12:4-11']
[ 181/343 ]   chunks: 7/58 updated, +15 refs
[ 182/343 ]   chunks: 23/100 updated, +39 refs
[ 183/343 ]   chunks: 1/12 updated, +1 refs
[ 185/343 ] Jamieson, Fausset & Brown — Jamieson-Fausset-Brown Commentary - Jude → +2 doc refs: ['Philippians 4:3', 'Revelation 20:15']
[ 185/343 ]   chunks: 2/24 updated, +4 refs
[ 186/343 ]   chunks: 74/374 updated, +147 refs
[ 187/343 ] Abba Poemen — Abba Poemen → +2 doc refs: ['Ephesians 4:22', 'Romans 6:6']
[ 187/343 ]   chunks: 2/2 updated, +4 refs
[ 198/343 ]   chunks: 3/15 updated, +5 refs
[ 202/343 ] Acacius of Caesarea — Acacius of Caesarea → +1 doc refs: ['2 Corinthians 5:21']
[ 202/343 ]   chunks: 1/1 updated, +1 refs
[ 203/343 ] Acts of Peter — Acts of Peter → +2 doc refs: ['1 Corinthians 1:18', 'Romans 1:16']
[ 203/343 ]   chunks: 4/10 updated, +10 refs
[ 213/343 ] Andrew of Crete — Andrew of Crete → +2 doc refs: ['Haggai 2:9', 'Matthew 5:14']
[ 213/343 ]   chunks: 2/5 updated, +6 refs
[ 216/343 ] Arator — Arator → +1 doc refs: ['Revelation 3:16']
[ 216/343 ]   chunks: 2/18 updated, +3 refs
[ 222/343 ]   chunks: 2/4 updated, +2 refs
[ 225/343 ]   chunks: 1/5 updated, +1 refs
[ 243/343 ] Eusebius of Emesa — Eusebius of Emesa → +3 doc refs: ['2 Peter 3:10', 'Acts 2:20', 'Joel 2:31']
[ 243/343 ]   chunks: 1/3 updated, +3 refs
[ 250/343 ] Faustus of Riez — Faustus of Riez → +2 doc refs: ['Isaiah 61:1', 'Luke 4:18']
[ 250/343 ]   chunks: 1/2 updated, +2 refs
[ 254/343 ] Haimo of Auxerre — Haimo of Auxerre → +2 doc refs: ['Galatians 4:5', 'Romans 8:15']
[ 254/343 ]   chunks: 1/4 updated, +2 refs
[ 259/343 ] Ildefonsus of Toledo — Ildefonsus of Toledo → +2 doc refs: ['John 1:12', 'Romans 8:16']
[ 259/343 ]   chunks: 1/1 updated, +2 refs
[ 269/343 ] Julianus Pomerius — Julianus Pomerius → +2 doc refs: ['Proverbs 1:7', 'Proverbs 9:10']
[ 269/343 ]   chunks: 2/2 updated, +4 refs
[ 270/343 ]   chunks: 1/4 updated, +2 refs
[ 283/343 ] Martyrdom Of Polycarp — Martyrdom Of Polycarp → +1 doc refs: ['Ephesians 1:6']
[ 283/343 ]   chunks: 1/2 updated, +1 refs
[ 285/343 ] Muratorian fragment — Muratorian fragment → +1 doc refs: ['Psalm 16:11']
[ 285/343 ]   chunks: 1/1 updated, +1 refs
[ 287/343 ]   chunks: 3/11 updated, +12 refs
[ 292/343 ]   chunks: 1/7 updated, +2 refs
[ 296/343 ] Paschasius of Dumium — Paschasius of Dumium → +2 doc refs: ['Ephesians 4:22', 'Romans 6:6']
[ 296/343 ]   chunks: 2/2 updated, +4 refs
[ 299/343 ] Peter Olivi — Peter Olivi → +1 doc refs: ['Revelation 20:4']
[ 299/343 ]   chunks: 1/1 updated, +1 refs
[ 306/343 ] Pope Zephyrinus — Pope Zephyrinus → +1 doc refs: ['1 Peter 1:18-19']
[ 306/343 ]   chunks: 1/1 updated, +1 refs
[ 315/343 ] Pseudo-Ephrem — Pseudo-Ephrem → +2 doc refs: ['Ephesians 6:16', 'Ephesians 6:17']
[ 315/343 ]   chunks: 1/1 updated, +2 refs
[ 316/343 ] Pseudo-Hegesippus — Pseudo-Hegesippus → +1 doc refs: ['Matthew 24:15']
[ 316/343 ]   chunks: 1/1 updated, +2 refs
[ 319/343 ] Pseudo-Justin — Pseudo-Justin → +2 doc refs: ['1 Corinthians 1:18', 'Romans 1:16']
[ 319/343 ]   chunks: 1/1 updated, +2 refs
[ 326/343 ]   chunks: 5/27 updated, +10 refs
[ 333/343 ] Theodorus of Tabennese — Theodorus of Tabennese → +3 doc refs: ['1 Corinthians 1:18', 'Ephesians 1:6', 'Romans 1:16']
[ 333/343 ]   chunks: 1/1 updated, +3 refs
[ 341/343 ] Victor of Cartenna — Victor of Cartenna → +1 doc refs: ['Proverbs 3:5']
[ 341/343 ]   chunks: 1/1 updated, +1 refs
[ 343/343 ] Zephyrinus — Zephyrinus → +1 doc refs: ['Ephesians 4:13']
[ 343/343 ]   chunks: 1/1 updated, +1 refs

================================================================
SUMMARY
================================================================
  Total processed: 343
  Docs updated:    103
  New doc refs:    376
  Chunks updated:  3731
  New chunk refs:  8948
  Failed:          0
