Rhemata Commentary Ingestion
============================================================

Total fathers in database: 325
Fathers to process: 325

  SKIP '1 Corinthians': document with chunks already exists
  SKIP '1 Peter': document with chunks already exists
  SKIP '1 Timothy': document with chunks already exists
  SKIP '2 Corinthians': document with chunks already exists
  SKIP '2 Peter': document with chunks already exists
  SKIP 'Abba Poemen': document with chunks already exists
  SKIP 'Abercius': document with chunks already exists
  SKIP 'Abraham of Nathpar': document with chunks already exists
  SKIP 'Acacius of Beroea': document with chunks already exists
  SKIP 'Acacius of Caesarea': document with chunks already exists

  Progress: 10/325 processed (0 ingested, 10 skipped, 0 errors, 0 chunks total)

  SKIP 'Acts': document with chunks already exists
  SKIP 'Acts of Peter': document with chunks already exists
  SKIP 'Acts of Peter and Paul': document with chunks already exists
  SKIP 'Adamantius': document with chunks already exists
  SKIP 'Adamnan': document with chunks already exists
  SKIP 'Adamnán of Iona': document with chunks already exists
  SKIP 'Agapius of Hierapolis': document with chunks already exists
  SKIP 'Alcuin of York': document with chunks already exists
  SKIP 'Alexander of Alexandria': document with chunks already exists
  SKIP 'Alexander of Jerusalem': document with chunks already exists

  Progress: 20/325 processed (0 ingested, 20 skipped, 0 errors, 0 chunks total)

  SKIP 'Ambrose of Milan': document with chunks already exists
  SKIP 'Ambrosian Hymn Writer': document with chunks already exists
  SKIP 'Ambrosiaster': document with chunks already exists
  SKIP 'Ammon of Hadrianopolis': document with chunks already exists
  SKIP 'Ammonas of Egypt': document with chunks already exists
  SKIP 'Ammonius of Alexandria': document with chunks already exists
  SKIP 'Amphilochius of Iconium': document with chunks already exists
  SKIP 'Ancient Greek Expositor': document with chunks already exists
  SKIP 'Andreas of Caesarea': document with chunks already exists
  SKIP 'Andrew of Crete': document with chunks already exists

  Progress: 30/325 processed (0 ingested, 30 skipped, 0 errors, 0 chunks total)

  SKIP 'Anselm of Canterbury': document with chunks already exists
  SKIP 'Anselm of Laon': document with chunks already exists
  SKIP 'Anthony the Great': document with chunks already exists
  SKIP 'Aphrahat the Persian Sage': document with chunks already exists
  SKIP 'Apollinaris of Laodicea': document with chunks already exists
  SKIP 'Aponius': document with chunks already exists
  SKIP 'Apostolic Constitutions': document with chunks already exists
  SKIP 'Apringius of Beja': document with chunks already exists
  SKIP 'Arator': document with chunks already exists
  SKIP 'Archelaus of Carrhae': document with chunks already exists

  Progress: 40/325 processed (0 ingested, 40 skipped, 0 errors, 0 chunks total)

  SKIP 'Arethas of Caesarea': document with chunks already exists
  SKIP 'Arius': document with chunks already exists
  SKIP 'Arnobius of Sicca': document with chunks already exists
  SKIP 'Arnobius the Younger': document with chunks already exists
  SKIP 'Asterius of Cappadocia': document with chunks already exists
  SKIP 'Athanasius of Alexandria': document with chunks already exists
  SKIP 'Athenagoras of Athens': document with chunks already exists
Traceback (most recent call last):
  File "/Users/alexwhitley/Desktop/rhemata/scripts/ingest_commentaries.py", line 180, in ingest_father
    doc["source_type"], doc["source_kind"], doc["is_copyrighted"],
  File "/Users/alexwhitley/Library/Python/3.9/lib/python/site-packages/psycopg2/extras.py", line 1299, in execute_values
    cur.execute(b''.join(parts))
psycopg2.OperationalError: could not receive data from server: Operation timed out
SSL SYSCALL error: Operation timed out


During handling of the above exception, another exception occurred:

Traceback (most recent call last):
  File "/Users/alexwhitley/Desktop/rhemata/scripts/ingest_commentaries.py", line 383, in <module>
    print("  Ingested: {}".format(success))
  File "/Users/alexwhitley/Desktop/rhemata/scripts/ingest_commentaries.py", line 349, in main
    str(uuid.uuid4()),
  File "/Users/alexwhitley/Desktop/rhemata/scripts/ingest_commentaries.py", line 190, in ingest_father
    template="(%s, %s, %s, %s::vector, %s)",
psycopg2.InterfaceError: connection already closed
