/Users/alexwhitley/Library/Python/3.9/lib/python/site-packages/urllib3/__init__.py:35: NotOpenSSLWarning: urllib3 v2 only supports OpenSSL 1.1.1+, currently the 'ssl' module is compiled with 'LibreSSL 2.8.3'. See: https://github.com/urllib3/urllib3/issues/3020
  warnings.warn(
/Users/alexwhitley/Library/Python/3.9/lib/python/site-packages/whisper/transcribe.py:126: UserWarning: FP16 is not supported on CPU; using FP32 instead
  warnings.warn("FP16 is not supported on CPU; using FP32 instead")
/Users/alexwhitley/Library/Python/3.9/lib/python/site-packages/whisper/transcribe.py:126: UserWarning: FP16 is not supported on CPU; using FP32 instead
  warnings.warn("FP16 is not supported on CPU; using FP32 instead")
/Users/alexwhitley/Library/Python/3.9/lib/python/site-packages/whisper/transcribe.py:126: UserWarning: FP16 is not supported on CPU; using FP32 instead
  warnings.warn("FP16 is not supported on CPU; using FP32 instead")
/Users/alexwhitley/Library/Python/3.9/lib/python/site-packages/whisper/transcribe.py:126: UserWarning: FP16 is not supported on CPU; using FP32 instead
  warnings.warn("FP16 is not supported on CPU; using FP32 instead")
/Users/alexwhitley/Library/Python/3.9/lib/python/site-packages/whisper/transcribe.py:126: UserWarning: FP16 is not supported on CPU; using FP32 instead
  warnings.warn("FP16 is not supported on CPU; using FP32 instead")
/Users/alexwhitley/Library/Python/3.9/lib/python/site-packages/whisper/transcribe.py:126: UserWarning: FP16 is not supported on CPU; using FP32 instead
  warnings.warn("FP16 is not supported on CPU; using FP32 instead")
/Users/alexwhitley/Library/Python/3.9/lib/python/site-packages/whisper/transcribe.py:126: UserWarning: FP16 is not supported on CPU; using FP32 instead
  warnings.warn("FP16 is not supported on CPU; using FP32 instead")
/Users/alexwhitley/Library/Python/3.9/lib/python/site-packages/whisper/transcribe.py:126: UserWarning: FP16 is not supported on CPU; using FP32 instead
  warnings.warn("FP16 is not supported on CPU; using FP32 instead")
/Users/alexwhitley/Library/Python/3.9/lib/python/site-packages/whisper/transcribe.py:126: UserWarning: FP16 is not supported on CPU; using FP32 instead
  warnings.warn("FP16 is not supported on CPU; using FP32 instead")
/Users/alexwhitley/Library/Python/3.9/lib/python/site-packages/whisper/transcribe.py:126: UserWarning: FP16 is not supported on CPU; using FP32 instead
  warnings.warn("FP16 is not supported on CPU; using FP32 instead")
Loading Whisper model 'base'...
Whisper:  base model loaded
yt-dlp:   /opt/homebrew/bin/yt-dlp
Cookies:  /Users/alexwhitley/Desktop/rhemata/scripts/youtube_cookies.txt ✓
Output:   /Users/alexwhitley/Desktop/rhemata/sources/youtube/raw
Tracker:  /Users/alexwhitley/Desktop/rhemata/sources/youtube/youtube_tracker.xlsx

1 active channel(s) | 135 already scraped | max transcripts: 10

════════════════════════════════════════════════════════════════
  John Bevere TV (@johnbeveretv)
  390 video(s) in playlist

  ⏭  Is God Promoting You? (or are you promoting yourself?) — title filtered
  ⏭  Promotion Comes When You Do THIS — title filtered
  → Did You Know That God Hates This? [0/10 saved]
     Downloading audio...
     Transcribing with Whisper...
     ✓  NA_johnbeveretv_did_you_know_that_god_hates_this.txt (632 words)
  → The Powerful Difference: Fear vs. Awe [1/10 saved]
     Downloading audio...
     Transcribing with Whisper...
     ✓  NA_johnbeveretv_the_powerful_difference_fear_vs_awe.txt (745 words)
  → Experience the Wisdom of 40 Years in One Book! [2/10 saved]
     Downloading audio...
     Transcribing with Whisper...
     ✓  NA_johnbeveretv_experience_the_wisdom_of_40_years_in_one_book.txt (858 words)
  → Overcoming the Fear of Man [3/10 saved]
     Downloading audio...
     Transcribing with Whisper...
     ✓  NA_johnbeveretv_overcoming_the_fear_of_man.txt (2,587 words)
  → Discover How God's Love Conquers All Fear [4/10 saved]
     Downloading audio...
     Transcribing with Whisper...
     ✓  NA_johnbeveretv_discover_how_gods_love_conquers_all_fear.txt (2,875 words)
  → From Fearful to Fearless: The Power of Boldness [5/10 saved]
     Downloading audio...
     Transcribing with Whisper...
     ✓  NA_johnbeveretv_from_fearful_to_fearless_the_power_of_boldness.txt (2,866 words)
  → Breaking Free from Sin [6/10 saved]
     Downloading audio...
     Transcribing with Whisper...
     ✓  NA_johnbeveretv_breaking_free_from_sin.txt (3,028 words)
  → Symptoms of Intimidation: How to Recognize and Overcome [7/10 saved]
     Downloading audio...
     Transcribing with Whisper...
     ✓  NA_johnbeveretv_symptoms_of_intimidation_how_to_recognize_and_overcome.txt (2,871 words)
  → Confront Fear and Rediscover Your True Potential [8/10 saved]
     Downloading audio...
     Transcribing with Whisper...
     ✓  NA_johnbeveretv_confront_fear_and_rediscover_your_true_potential.txt (2,918 words)
  → Ever Wonder What You’re Created to Do? [9/10 saved]
     Downloading audio...
     Transcribing with Whisper...
     ✓  John Bevere_johnbeveretv_ever_wonder_what_youre_created_to_do.txt (6,147 words)

  Reached 10 transcripts — stopping.

════════════════════════════════════════════════════════════════
Done.
  ✓ New transcripts   : 10
  ⏭  Skipped          : 137
  ⏭  Already in DB    : 0
  ✗ Errors            : 0
  Output: /Users/alexwhitley/Desktop/rhemata/sources/youtube/raw
